Archive member included to satisfy reference by file (symbol)

C:/ST/STM32CubeIDE_1.18.1/STM32CubeIDE/plugins/com.st.stm32cube.ide.mcu.externaltools.gnu-tools-for-stm32.13.3.rel1.win32_1.0.0.202411081344/tools/bin/../lib/gcc/arm-none-eabi/13.3.1/../../../../arm-none-eabi/lib/thumb/v8-m.main+fp/hard\libc_nano.a(libc_a-abs.o)
                              ./Core/Src/main.o (abs)
C:/ST/STM32CubeIDE_1.18.1/STM32CubeIDE/plugins/com.st.stm32cube.ide.mcu.externaltools.gnu-tools-for-stm32.13.3.rel1.win32_1.0.0.202411081344/tools/bin/../lib/gcc/arm-none-eabi/13.3.1/../../../../arm-none-eabi/lib/thumb/v8-m.main+fp/hard\libc_nano.a(libc_a-atof.o)
                              ./Core/Src/mission.o (atof)
C:/ST/STM32CubeIDE_1.18.1/STM32CubeIDE/plugins/com.st.stm32cube.ide.mcu.externaltools.gnu-tools-for-stm32.13.3.rel1.win32_1.0.0.202411081344/tools/bin/../lib/gcc/arm-none-eabi/13.3.1/../../../../arm-none-eabi/lib/thumb/v8-m.main+fp/hard\libc_nano.a(libc_a-exit.o)
                              C:/ST/STM32CubeIDE_1.18.1/STM32CubeIDE/plugins/com.st.stm32cube.ide.mcu.externaltools.gnu-tools-for-stm32.13.3.rel1.win32_1.0.0.202411081344/tools/bin/../lib/gcc/arm-none-eabi/13.3.1/../../../../arm-none-eabi/lib/thumb/v8-m.main+fp/hard/crt0.o (exit)
C:/ST/STM32CubeIDE_1.18.1/STM32CubeIDE/plugins/com.st.stm32cube.ide.mcu.externaltools.gnu-tools-for-stm32.13.3.rel1.win32_1.0.0.202411081344/tools/bin/../lib/gcc/arm-none-eabi/13.3.1/../../../../arm-none-eabi/lib/thumb/v8-m.main+fp/hard\libc_nano.a(libc_a-strtod.o)
                              C:/ST/STM32CubeIDE_1.18.1/STM32CubeIDE/plugins/com.st.stm32cube.ide.mcu.externaltools.gnu-tools-for-stm32.13.3.rel1.win32_1.0.0.202411081344/tools/bin/../lib/gcc/arm-none-eabi/13.3.1/../../../../arm-none-eabi/lib/thumb/v8-m.main+fp/hard\libc_nano.a(libc_a-atof.o) (strtod)
C:/ST/STM32CubeIDE_1.18.1/STM32CubeIDE/plugins/com.st.stm32cube.ide.mcu.externaltools.gnu-tools-for-stm32.13.3.rel1.win32_1.0.0.202411081344/tools/bin/../lib/gcc/arm-none-eabi/13.3.1/../../../../arm-none-eabi/lib/thumb/v8-m.main+fp/hard\libc_nano.a(libc_a-nano-vfprintf_float.o)
                              (_printf_float)
C:/ST/STM32CubeIDE_1.18.1/STM32CubeIDE/plugins/com.st.stm32cube.ide.mcu.externaltools.gnu-tools-for-stm32.13.3.rel1.win32_1.0.0.202411081344/tools/bin/../lib/gcc/arm-none-eabi/13.3.1/../../../../arm-none-eabi/lib/thumb/v8-m.main+fp/hard\libc_nano.a(libc_a-nano-vfprintf_i.o)
                              C:/ST/STM32CubeIDE_1.18.1/STM32CubeIDE/plugins/com.st.stm32cube.ide.mcu.externaltools.gnu-tools-for-stm32.13.3.rel1.win32_1.0.0.202411081344/tools/bin/../lib/gcc/arm-none-eabi/13.3.1/../../../../arm-none-eabi/lib/thumb/v8-m.main+fp/hard\libc_nano.a(libc_a-nano-vfprintf_float.o) (_printf_common)
C:/ST/STM32CubeIDE_1.18.1/STM32CubeIDE/plugins/com.st.stm32cube.ide.mcu.externaltools.gnu-tools-for-stm32.13.3.rel1.win32_1.0.0.202411081344/tools/bin/../lib/gcc/arm-none-eabi/13.3.1/../../../../arm-none-eabi/lib/thumb/v8-m.main+fp/hard\libc_nano.a(libc_a-nano-vfscanf_float.o)
                              (_scanf_float)
C:/ST/STM32CubeIDE_1.18.1/STM32CubeIDE/plugins/com.st.stm32cube.ide.mcu.externaltools.gnu-tools-for-stm32.13.3.rel1.win32_1.0.0.202411081344/tools/bin/../lib/gcc/arm-none-eabi/13.3.1/../../../../arm-none-eabi/lib/thumb/v8-m.main+fp/hard\libc_nano.a(libc_a-findfp.o)
                              C:/ST/STM32CubeIDE_1.18.1/STM32CubeIDE/plugins/com.st.stm32cube.ide.mcu.externaltools.gnu-tools-for-stm32.13.3.rel1.win32_1.0.0.202411081344/tools/bin/../lib/gcc/arm-none-eabi/13.3.1/../../../../arm-none-eabi/lib/thumb/v8-m.main+fp/hard\libc_nano.a(libc_a-exit.o) (__stdio_exit_handler)
C:/ST/STM32CubeIDE_1.18.1/STM32CubeIDE/plugins/com.st.stm32cube.ide.mcu.externaltools.gnu-tools-for-stm32.13.3.rel1.win32_1.0.0.202411081344/tools/bin/../lib/gcc/arm-none-eabi/13.3.1/../../../../arm-none-eabi/lib/thumb/v8-m.main+fp/hard\libc_nano.a(libc_a-fwalk.o)
                              C:/ST/STM32CubeIDE_1.18.1/STM32CubeIDE/plugins/com.st.stm32cube.ide.mcu.externaltools.gnu-tools-for-stm32.13.3.rel1.win32_1.0.0.202411081344/tools/bin/../lib/gcc/arm-none-eabi/13.3.1/../../../../arm-none-eabi/lib/thumb/v8-m.main+fp/hard\libc_nano.a(libc_a-findfp.o) (_fwalk_sglue)
C:/ST/STM32CubeIDE_1.18.1/STM32CubeIDE/plugins/com.st.stm32cube.ide.mcu.externaltools.gnu-tools-for-stm32.13.3.rel1.win32_1.0.0.202411081344/tools/bin/../lib/gcc/arm-none-eabi/13.3.1/../../../../arm-none-eabi/lib/thumb/v8-m.main+fp/hard\libc_nano.a(libc_a-sprintf.o)
                              ./Core/Src/main.o (sprintf)
C:/ST/STM32CubeIDE_1.18.1/STM32CubeIDE/plugins/com.st.stm32cube.ide.mcu.externaltools.gnu-tools-for-stm32.13.3.rel1.win32_1.0.0.202411081344/tools/bin/../lib/gcc/arm-none-eabi/13.3.1/../../../../arm-none-eabi/lib/thumb/v8-m.main+fp/hard\libc_nano.a(libc_a-sscanf.o)
                              ./Core/Src/uart_cmd.o (sscanf)
[...]
Memory Configuration

Name             Origin             Length             Attributes
RAM              0x20000000         0x000a0000         xrw
FLASH            0x08000000         0x00100000         xr
*default*        0x00000000         0xffffffff

Linker script and memory map

LOAD C:/ST/STM32CubeIDE_1.18.1/STM32CubeIDE/plugins/com.st.stm32cube.ide.mcu.externaltools.gnu-tools-for-stm32.13.3.rel1.win32_1.0.0.202411081344/tools/bin/../lib/gcc/arm-none-eabi/13.3.1/thumb/v8-m.main+fp/hard/crti.o
LOAD C:/ST/STM32CubeIDE_1.18.1/STM32CubeIDE/plugins/com.st.stm32cube.ide.mcu.externaltools.gnu-tools-for-stm32.13.3.rel1.win32_1.0.0.202411081344/tools/bin/../lib/gcc/arm-none-eabi/13.3.1/thumb/v8-m.main+fp/hard/crtbegin.o
LOAD C:/ST/STM32CubeIDE_1.18.1/STM32CubeIDE/plugins/com.st.stm32cube.ide.mcu.externaltools.gnu-tools-for-stm32.13.3.rel1.win32_1.0.0.202411081344/tools/bin/../lib/gcc/arm-none-eabi/13.3.1/../../../../arm-none-eabi/lib/thumb/v8-m.main+fp/hard/crt0.o
LOAD ./Core/Src/dsp310.o
LOAD ./Core/Src/dwt.o
LOAD ./Core/Src/gps.o
LOAD ./Core/Src/icm20602.o
LOAD ./Core/Src/ina219.o
LOAD ./Core/Src/ist8310.o
LOAD ./Core/Src/kalman.o
LOAD ./Core/Src/kalman_gps.o
LOAD ./Core/Src/kalman_position.o
LOAD ./Core/Src/main.o
LOAD ./Core/Src/mission.o
LOAD ./Core/Src/mtf01.o
LOAD ./Core/Src/navigation.o
LOAD ./Core/Src/nrf.o
LOAD ./Core/Src/pid_controller.o
LOAD ./Core/Src/pos_hold.o
LOAD ./Core/Src/qmc5883.o
LOAD ./Core/Src/serial.o
LOAD ./Core/Src/stm32h5xx_hal_msp.o
LOAD ./Core/Src/stm32h5xx_it.o
LOAD ./Core/Src/syscalls.o
LOAD ./Core/Src/sysmem.o
LOAD ./Core/Src/system_stm32h5xx.o
LOAD ./Core/Src/tof.o
LOAD ./Core/Src/types.o
LOAD ./Core/Src/uart_cmd.o
LOAD ./Core/Startup/startup_stm32h562rgtx.o
LOAD ./Drivers/STM32H5xx_HAL_Driver/Src/stm32h5xx_hal.o
LOAD ./Drivers/STM32H5xx_HAL_Driver/Src/stm32h5xx_hal_cortex.o
LOAD ./Drivers/STM32H5xx_HAL_Driver/Src/stm32h5xx_hal_dma.o
LOAD ./Drivers/STM32H5xx_HAL_Driver/Src/stm32h5xx_hal_dma_ex.o
LOAD ./Drivers/STM32H5xx_HAL_Driver/Src/stm32h5xx_hal_exti.o
LOAD ./Drivers/STM32H5xx_HAL_Driver/Src/stm32h5xx_hal_flash.o
LOAD ./Drivers/STM32H5xx_HAL_Driver/Src/stm32h5xx_hal_flash_ex.o
LOAD ./Drivers/STM32H5xx_HAL_Driver/Src/stm32h5xx_hal_gpio.o
LOAD ./Drivers/STM32H5xx_HAL_Driver/Src/stm32h5xx_hal_i2c.o
LOAD ./Drivers/STM32H5xx_HAL_Driver/Src/stm32h5xx_hal_i2c_ex.o
LOAD ./Drivers/STM32H5xx_HAL_Driver/Src/stm32h5xx_hal_icache.o
LOAD ./Drivers/STM32H5xx_HAL_Driver/Src/stm32h5xx_hal_pwr.o
LOAD ./Drivers/STM32H5xx_HAL_Driver/Src/stm32h5xx_hal_pwr_ex.o
LOAD ./Drivers/STM32H5xx_HAL_Driver/Src/stm32h5xx_hal_rcc.o
LOAD ./Drivers/STM32H5xx_HAL_Driver/Src/stm32h5xx_hal_rcc_ex.o
LOAD ./Drivers/STM32H5xx_HAL_Driver/Src/stm32h5xx_hal_spi.o
LOAD ./Drivers/STM32H5xx_HAL_Driver/Src/stm32h5xx_hal_spi_ex.o
LOAD ./Drivers/STM32H5xx_HAL_Driver/Src/stm32h5xx_hal_tim.o
LOAD ./Drivers/STM32H5xx_HAL_Driver/Src/stm32h5xx_hal_tim_ex.o
LOAD ./Drivers/STM32H5xx_HAL_Driver/Src/stm32h5xx_hal_uart.o
LOAD ./Drivers/STM32H5xx_HAL_Driver/Src/stm32h5xx_hal_uart_ex.o
START GROUP
LOAD C:/ST/STM32CubeIDE_1.18.1/STM32CubeIDE/plugins/com.st.stm32cube.ide.mcu.externaltools.gnu-tools-for-stm32.13.3.rel1.win32_1.0.0.202411081344/tools/bin/../lib/gcc/arm-none-eabi/13.3.1/../../../../arm-none-eabi/lib/thumb/v8-m.main+fp/hard\libc_nano.a
LOAD C:/ST/STM32CubeIDE_1.18.1/STM32CubeIDE/plugins/com.st.stm32cube.ide.mcu.externaltools.gnu-tools-for-stm32.13.3.rel1.win32_1.0.0.202411081344/tools/bin/../lib/gcc/arm-none-eabi/13.3.1/../../../../arm-none-eabi/lib/thumb/v8-m.main+fp/hard\libm.a
END GROUP
START GROUP
LOAD C:/ST/STM32CubeIDE_1.18.1/STM32CubeIDE/plugins/com.st.stm32cube.ide.mcu.externaltools.gnu-tools-for-stm32.13.3.rel1.win32_1.0.0.202411081344/tools/bin/../lib/gcc/arm-none-eabi/13.3.1/thumb/v8-m.main+fp/hard\libgcc.a
LOAD C:/ST/STM32CubeIDE_1.18.1/STM32CubeIDE/plugins/com.st.stm32cube.ide.mcu.externaltools.gnu-tools-for-stm32.13.3.rel1.win32_1.0.0.202411081344/tools/bin/../lib/gcc/arm-none-eabi/13.3.1/../../../../arm-none-eabi/lib/thumb/v8-m.main+fp/hard\libc_nano.a
END GROUP
START GROUP
LOAD C:/ST/STM32CubeIDE_1.18.1/STM32CubeIDE/plugins/com.st.stm32cube.ide.mcu.externaltools.gnu-tools-for-stm32.13.3.rel1.win32_1.0.0.202411081344/tools/bin/../lib/gcc/arm-none-eabi/13.3.1/thumb/v8-m.main+fp/hard\libgcc.a
LOAD C:/ST/STM32CubeIDE_1.18.1/STM32CubeIDE/plugins/com.st.stm32cube.ide.mcu.externaltools.gnu-tools-for-stm32.13.3.rel1.win32_1.0.0.202411081344/tools/bin/../lib/gcc/arm-none-eabi/13.3.1/../../../../arm-none-eabi/lib/thumb/v8-m.main+fp/hard\libc_nano.a
LOAD C:/ST/STM32CubeIDE_1.18.1/STM32CubeIDE/plugins/com.st.stm32cube.ide.mcu.externaltools.gnu-tools-for-stm32.13.3.rel1.win32_1.0.0.202411081344/tools/bin/../lib/gcc/arm-none-eabi/13.3.1/../../../../arm-none-eabi/lib/thumb/v8-m.main+fp/hard\libnosys.a
END GROUP
START GROUP
LOAD C:/ST/STM32CubeIDE_1.18.1/STM32CubeIDE/plugins/com.st.stm32cube.ide.mcu.externaltools.gnu-tools-for-stm32.13.3.rel1.win32_1.0.0.202411081344/tools/bin/../lib/gcc/arm-none-eabi/13.3.1/thumb/v8-m.main+fp/hard\libgcc.a
LOAD C:/ST/STM32CubeIDE_1.18.1/STM32CubeIDE/plugins/com.st.stm32cube.ide.mcu.externaltools.gnu-tools-for-stm32.13.3.rel1.win32_1.0.0.202411081344/tools/bin/../lib/gcc/arm-none-eabi/13.3.1/../../../../arm-none-eabi/lib/thumb/v8-m.main+fp/hard\libc_nano.a
LOAD C:/ST/STM32CubeIDE_1.18.1/STM32CubeIDE/plugins/com.st.stm32cube.ide.mcu.externaltools.gnu-tools-for-stm32.13.3.rel1.win32_1.0.0.202411081344/tools/bin/../lib/gcc/arm-none-eabi/13.3.1/../../../../arm-none-eabi/lib/thumb/v8-m.main+fp/hard\libnosys.a
END GROUP
LOAD C:/ST/STM32CubeIDE_1.18.1/STM32CubeIDE/plugins/com.st.stm32cube.ide.mcu.externaltools.gnu-tools-for-stm32.13.3.rel1.win32_1.0.0.202411081344/tools/bin/../lib/gcc/arm-none-eabi/13.3.1/thumb/v8-m.main+fp/hard/crtend.o
LOAD C:/ST/STM32CubeIDE_1.18.1/STM32CubeIDE/plugins/com.st.stm32cube.ide.mcu.externaltools.gnu-tools-for-stm32.13.3.rel1.win32_1.0.0.202411081344/tools/bin/../lib/gcc/arm-none-eabi/13.3.1/thumb/v8-m.main+fp/hard/crtn.o
                0x200a0000                        _estack = (ORIGIN (RAM) + LENGTH (RAM))
                0x00000200                        _Min_Heap_Size = 0x200
                0x00000400                        _Min_Stack_Size = 0x400

.isr_vector     0x08000000      0x24c
                0x08000000                        . = ALIGN (0x4)
 *(.isr_vector)
 .isr_vector    0x08000000      0x24c ./Core/Startup/startup_stm32h562rgtx.o
                0x08000000                g_pfnVectors
                0x0800024c                        . = ALIGN (0x4)

.text           0x08000250    0x1e290
                0x08000250                        . = ALIGN (0x4)
 *(.text)
 .text          0x08000250       0x40 C:/ST/STM32CubeIDE_1.18.1/STM32CubeIDE/plugins/com.st.stm32cube.ide.mcu.externaltools.gnu-tools-for-stm32.13.3.rel1.win32_1.0.0.202411081344/tools/bin/../lib/gcc/arm-none-eabi/13.3.1/thumb/v8-m.main+fp/hard/crtbegin.o
 .text          0x08000290       0x10 C:/ST/STM32CubeIDE_1.18.1/STM32CubeIDE/plugins/com.st.stm32cube.ide.mcu.externaltools.gnu-tools-for-stm32.13.3.rel1.win32_1.0.0.202411081344/tools/bin/../lib/gcc/arm-none-eabi/13.3.1/../../../../arm-none-eabi/lib/thumb/v8-m.main+fp/hard\libc_nano.a(libc_a-strlen.o)
                0x08000290                strlen
 .text          0x080002a0      0x378 C:/ST/STM32CubeIDE_1.18.1/STM32CubeIDE/plugins/com.st.stm32cube.ide.mcu.externaltools.gnu-tools-for-stm32.13.3.rel1.win32_1.0.0.202411081344/tools/bin/../lib/gcc/arm-none-eabi/13.3.1/thumb/v8-m.main+fp/hard\libgcc.a(_arm_addsubdf3.o)
                0x080002a0                __aeabi_drsub
                0x080002a8                __aeabi_dsub
                0x080002a8                __subdf3
                0x080002ac                __aeabi_dadd
                0x080002ac                __adddf3
                0x08000524                __floatunsidf
                0x08000524                __aeabi_ui2d
                0x08000544                __floatsidf
                0x08000544                __aeabi_i2d
                0x08000568                __aeabi_f2d
                0x08000568                __extendsfdf2
                0x080005ac                __floatundidf
                0x080005ac                __aeabi_ul2d
                0x080005bc                __floatdidf
                0x080005bc                __aeabi_l2d
 .text          0x08000618      0x424 C:/ST/STM32CubeIDE_1.18.1/STM32CubeIDE/plugins/com.st.stm32cube.ide.mcu.externaltools.gnu-tools-for-stm32.13.3.rel1.win32_1.0.0.202411081344/tools/bin/../lib/gcc/arm-none-eabi/13.3.1/thumb/v8-m.main+fp/hard\libgcc.a(_arm_muldivdf3.o)
                0x08000618                __aeabi_dmul
                0x08000618                __muldf3
                0x0800086c                __divdf3
                0x0800086c                __aeabi_ddiv
 .text          0x08000a3c      0x110 C:/ST/STM32CubeIDE_1.18.1/STM32CubeIDE/plugins/com.st.stm32cube.ide.mcu.externaltools.gnu-tools-for-stm32.13.3.rel1.win32_1.0.0.202411081344/tools/bin/../lib/gcc/arm-none-eabi/13.3.1/thumb/v8-m.main+fp/hard\libgcc.a(_arm_cmpdf2.o)
                0x08000a3c                __gtdf2
                0x08000a3c                __gedf2
                0x08000a44                __ltdf2
                0x08000a44                __ledf2
                0x08000a4c                __nedf2
                0x08000a4c                __eqdf2
                0x08000a4c                __cmpdf2
                0x08000ac8                __aeabi_cdrcmple
                0x08000ad8                __aeabi_cdcmpeq
                0x08000ad8                __aeabi_cdcmple
                0x08000ae8                __aeabi_dcmpeq
                0x08000afc                __aeabi_dcmplt
                0x08000b10                __aeabi_dcmple
                0x08000b24                __aeabi_dcmpge
                0x08000b38                __aeabi_dcmpgt
 .text          0x08000b4c       0x2c C:/ST/STM32CubeIDE_1.18.1/STM32CubeIDE/plugins/com.st.stm32cube.ide.mcu.externaltools.gnu-tools-for-stm32.13.3.rel1.win32_1.0.0.202411081344/tools/bin/../lib/gcc/arm-none-eabi/13.3.1/thumb/v8-m.main+fp/hard\libgcc.a(_arm_unorddf2.o)
                0x08000b4c                __unorddf2
                0x08000b4c                __aeabi_dcmpun
 .text          0x08000b78       0x50 C:/ST/STM32CubeIDE_1.18.1/STM32CubeIDE/plugins/com.st.stm32cube.ide.mcu.externaltools.gnu-tools-for-stm32.13.3.rel1.win32_1.0.0.202411081344/tools/bin/../lib/gcc/arm-none-eabi/13.3.1/thumb/v8-m.main+fp/hard\libgcc.a(_arm_fixdfsi.o)
                0x08000b78                __aeabi_d2iz
                0x08000b78                __fixdfsi
 .text          0x08000bc8       0x40 C:/ST/STM32CubeIDE_1.18.1/STM32CubeIDE/plugins/com.st.stm32cube.ide.mcu.externaltools.gnu-tools-for-stm32.13.3.rel1.win32_1.0.0.202411081344/tools/bin/../lib/gcc/arm-none-eabi/13.3.1/thumb/v8-m.main+fp/hard\libgcc.a(_arm_fixunsdfsi.o)
                0x08000bc8                __aeabi_d2uiz
                0x08000bc8                __fixunsdfsi
 .text          0x08000c08       0xa0 C:/ST/STM32CubeIDE_1.18.1/STM32CubeIDE/plugins/com.st.stm32cube.ide.mcu.externaltools.gnu-tools-for-stm32.13.3.rel1.win32_1.0.0.202411081344/tools/bin/../lib/gcc/arm-none-eabi/13.3.1/thumb/v8-m.main+fp/hard\libgcc.a(_arm_truncdfsf2.o)
                0x08000c08                __truncdfsf2
                0x08000c08                __aeabi_d2f
 .text          0x08000ca8       0x30 C:/ST/STM32CubeIDE_1.18.1/STM32CubeIDE/plugins/com.st.stm32cube.ide.mcu.externaltools.gnu-tools-for-stm32.13.3.rel1.win32_1.0.0.202411081344/tools/bin/../lib/gcc/arm-none-eabi/13.3.1/thumb/v8-m.main+fp/hard\libgcc.a(_aeabi_uldivmod.o)
                0x08000ca8                __aeabi_uldivmod
 .text          0x08000cd8       0x30 C:/ST/STM32CubeIDE_1.18.1/STM32CubeIDE/plugins/com.st.stm32cube.ide.mcu.externaltools.gnu-tools-for-stm32.13.3.rel1.win32_1.0.0.202411081344/tools/bin/../lib/gcc/arm-none-eabi/13.3.1/thumb/v8-m.main+fp/hard\libgcc.a(_fixdfdi.o)
                0x08000cd8                __fixdfdi
                0x08000cd8                __aeabi_d2lz
 .text          0x08000d08       0x3c C:/ST/STM32CubeIDE_1.18.1/STM32CubeIDE/plugins/com.st.stm32cube.ide.mcu.externaltools.gnu-tools-for-stm32.13.3.rel1.win32_1.0.0.202411081344/tools/bin/../lib/gcc/arm-none-eabi/13.3.1/thumb/v8-m.main+fp/hard\libgcc.a(_fixunsdfdi.o)
                0x08000d08                __fixunsdfdi
                0x08000d08                __aeabi_d2ulz
 .text          0x08000d44      0x348 C:/ST/STM32CubeIDE_1.18.1/STM32CubeIDE/plugins/com.st.stm32cube.ide.mcu.externaltools.gnu-tools-for-stm32.13.3.rel1.win32_1.0.0.202411081344/tools/bin/../lib/gcc/arm-none-eabi/13.3.1/thumb/v8-m.main+fp/hard\libgcc.a(_udivmoddi4.o)
                0x08000d44                __udivmoddi4
 .text          0x0800108c        0x4 C:/ST/STM32CubeIDE_1.18.1/STM32CubeIDE/plugins/com.st.stm32cube.ide.mcu.externaltools.gnu-tools-for-stm32.13.3.rel1.win32_1.0.0.202411081344/tools/bin/../lib/gcc/arm-none-eabi/13.3.1/thumb/v8-m.main+fp/hard\libgcc.a(_dvmd_tls.o)
                0x0800108c                __aeabi_idiv0
                0x0800108c                __aeabi_ldiv0
 *(.text*)
 .text.DSP310_WriteReg
                0x08001090       0x34 ./Core/Src/dsp310.o
 .text.DSP310_ReadReg
                0x080010c4       0x38 ./Core/Src/dsp310.o
 .text.DSP310_CalibCoefficient
                0x080010fc      0x1de ./Core/Src/dsp310.o
 *fill*         0x080012da        0x2 
 .text.DSP310_Init
                0x080012dc       0xe0 ./Core/Src/dsp310.o
                0x080012dc                DSP310_Init
 .text.DSP310_Read
                0x080013bc      0x248 ./Core/Src/dsp310.o
                0x080013bc                DSP310_Read
 .text.DSP310_I2C_MemRxCpltCallback
                0x08001604       0x40 ./Core/Src/dsp310.o
                0x08001604                DSP310_I2C_MemRxCpltCallback
 .text.DSP310_I2C_ErrorCallback
                0x08001644       0x40 ./Core/Src/dsp310.o
                0x08001644                DSP310_I2C_ErrorCallback
 .text.DWT_Init
                0x08001684       0x5c ./Core/Src/dwt.o
                0x08001684                DWT_Init
 .text.DWT_GetMicros
                0x080016e0       0x70 ./Core/Src/dwt.o
                0x080016e0                DWT_GetMicros
 .text.GPS_Init_DMA
                0x08001750       0x3c ./Core/Src/gps.o
                0x08001750                GPS_Init_DMA
 .text.GPS_UART_RxEventCallback
                0x0800178c       0x6c ./Core/Src/gps.o
                0x0800178c                GPS_UART_RxEventCallback
 .text.GPS_UART_ErrorCallback
                0x080017f8       0x3c ./Core/Src/gps.o
                0x080017f8                GPS_UART_ErrorCallback
 .text.UBX_U16  0x08001834       0x2c ./Core/Src/gps.o
 .text.UBX_U32  0x08001860       0x38 ./Core/Src/gps.o
 .text.UBX_I32  0x08001898       0x18 ./Core/Src/gps.o
 .text.UBX_Checksum
                0x080018b0       0x5a ./Core/Src/gps.o
 *fill*         0x0800190a        0x6 
 .text.GPS_UBX_ParseByte
                0x08001910      0x3b0 ./Core/Src/gps.o
 .text.GPS_Process
                0x08001cc0       0x54 ./Core/Src/gps.o
                0x08001cc0                GPS_Process
 .text.ICM20602_WriteReg
                0x08001d14       0x58 ./Core/Src/icm20602.o
                0x08001d14                ICM20602_WriteReg
 .text.ICM20602_ReadRegs
                0x08001d6c       0x7c ./Core/Src/icm20602.o
                0x08001d6c                ICM20602_ReadRegs
 .text.ICM20602_Read
                0x08001de8      0x158 ./Core/Src/icm20602.o
                0x08001de8                ICM20602_Read
 .text.ICM20602_Init
                0x08001f40       0x4c ./Core/Src/icm20602.o
                0x08001f40                ICM20602_Init
 .text.INA219_Init
                0x08001f8c       0x42 ./Core/Src/ina219.o
                0x08001f8c                INA219_Init
 *fill*         0x08001fce        0x2 
 .text.INA219_Read_Bus_Voltage
                0x08001fd0       0x80 ./Core/Src/ina219.o
                0x08001fd0                INA219_Read_Bus_Voltage
 .text.Kalman1D_Compute
                0x08002050       0xc4 ./Core/Src/kalman.o
                0x08002050                Kalman1D_Compute
 .text.Kalman2D_Init
                0x08002114       0x48 ./Core/Src/kalman.o
                0x08002114                Kalman2D_Init
 .text.KalmanAxis_Init
                0x0800215c       0x44 ./Core/Src/kalman.o
                0x0800215c                KalmanAxis_Init
 .text.Kalman4D_Init
                0x080021a0       0x94 ./Core/Src/kalman.o
                0x080021a0                Kalman4D_Init
 .text.Kalman4D_Predict
                0x08002234      0x554 ./Core/Src/kalman.o
                0x08002234                Kalman4D_Predict
 .text.Kalman4D_Update
                0x08002788      0x3cc ./Core/Src/kalman.o
                0x08002788                Kalman4D_Update
 .text.KalmanGPS_Init
                0x08002b54       0x94 ./Core/Src/kalman_gps.o
                0x08002b54                KalmanGPS_Init
 .text.KalmanPos_Init
                0x08002be8       0x62 ./Core/Src/kalman_position.o
                0x08002be8                KalmanPos_Init
 *fill*         0x08002c4a        0x2 
 .text.HAL_UART_RxCpltCallback
                0x08002c4c       0x28 ./Core/Src/main.o
                0x08002c4c                HAL_UART_RxCpltCallback
 .text.HAL_UARTEx_RxEventCallback
                0x08002c74       0x70 ./Core/Src/main.o
                0x08002c74                HAL_UARTEx_RxEventCallback
 .text.HAL_UART_ErrorCallback
                0x08002ce4       0x1c ./Core/Src/main.o
                0x08002ce4                HAL_UART_ErrorCallback
 .text.HAL_TIM_PeriodElapsedCallback
                0x08002d00       0x2c ./Core/Src/main.o
                0x08002d00                HAL_TIM_PeriodElapsedCallback
 .text.HAL_I2C_MemRxCpltCallback
                0x08002d2c       0x16 ./Core/Src/main.o
                0x08002d2c                HAL_I2C_MemRxCpltCallback
 .text.HAL_I2C_ErrorCallback
                0x08002d42       0x16 ./Core/Src/main.o
                0x08002d42                HAL_I2C_ErrorCallback
 .text.map      0x08002d58       0x38 ./Core/Src/main.o
                0x08002d58                map
 .text.constrain
                0x08002d90       0x52 ./Core/Src/main.o
                0x08002d90                constrain
 *fill*         0x08002de2        0x2 
 .text.writeMotor
                0x08002de4       0x84 ./Core/Src/main.o
                0x08002de4                writeMotor
 .text.Failsafe_Task
                0x08002e68       0x84 ./Core/Src/main.o
                0x08002e68                Failsafe_Task
 *fill*         0x08002eec        0x4 
 .text.RxController
                0x08002ef0      0x194 ./Core/Src/main.o
                0x08002ef0                RxController
 .text.readIMU  0x08003084       0xd4 ./Core/Src/main.o
                0x08003084                readIMU
 .text.computeHeading
                0x08003158      0x150 ./Core/Src/main.o
 .text.readHeading
                0x080032a8       0x70 ./Core/Src/main.o
                0x080032a8                readHeading
 .text.angle_diff
                0x08003318       0x84 ./Core/Src/main.o
                0x08003318                angle_diff
 *fill*         0x0800339c        0x4 
 .text.calculateAngle
                0x080033a0      0x584 ./Core/Src/main.o
                0x080033a0                calculateAngle
 .text.Estimate_Position
                0x08003924      0x428 ./Core/Src/main.o
                0x08003924                Estimate_Position
 .text.Run_XY_Controller
                0x08003d4c      0x1e4 ./Core/Src/main.o
                0x08003d4c                Run_XY_Controller
 .text.GPS_PositionHold
                0x08003f30      0x374 ./Core/Src/main.o
                0x08003f30                GPS_PositionHold
 .text.calculatePIDAngle
                0x080042a4      0x240 ./Core/Src/main.o
                0x080042a4                calculatePIDAngle
 .text.calcualatePIDRate
                0x080044e4      0x1c4 ./Core/Src/main.o
                0x080044e4                calcualatePIDRate
 .text.mixer    0x080046a8      0x1a0 ./Core/Src/main.o
                0x080046a8                mixer
 .text.PID_Task
                0x08004848       0x48 ./Core/Src/main.o
                0x08004848                PID_Task
 .text.calibIMU
                0x08004890       0x64 ./Core/Src/main.o
                0x08004890                calibIMU
 .text.DSP_CalibrationAltitude
                0x080048f4       0x74 ./Core/Src/main.o
                0x080048f4                DSP_CalibrationAltitude
 .text.main     0x08004968      0x734 ./Core/Src/main.o
                0x08004968                main
 .text.SystemClock_Config
                0x0800509c       0xf0 ./Core/Src/main.o
                0x0800509c                SystemClock_Config
 .text.MX_GPDMA1_Init
                0x0800518c       0x60 ./Core/Src/main.o
 .text.MX_GPDMA2_Init
                0x080051ec       0x50 ./Core/Src/main.o
 .text.MX_I2C1_Init
                0x0800523c       0x80 ./Core/Src/main.o
 .text.MX_I2C2_Init
                0x080052bc       0x80 ./Core/Src/main.o
 .text.MX_ICACHE_Init
                0x0800533c       0x16 ./Core/Src/main.o
 *fill*         0x08005352        0x2 
 .text.MX_SPI1_Init
                0x08005354       0xac ./Core/Src/main.o
 .text.MX_SPI2_Init
                0x08005400       0xac ./Core/Src/main.o
 .text.MX_TIM3_Init
                0x080054ac      0x134 ./Core/Src/main.o
 .text.MX_TIM6_Init
                0x080055e0       0x6c ./Core/Src/main.o
 .text.MX_UART4_Init
                0x0800564c       0x98 ./Core/Src/main.o
 .text.MX_UART7_Init
                0x080056e4       0x98 ./Core/Src/main.o
 .text.MX_USART1_UART_Init
                0x0800577c       0x98 ./Core/Src/main.o
 .text.MX_USART2_UART_Init
                0x08005814       0x98 ./Core/Src/main.o
 .text.MX_GPIO_Init
                0x080058ac      0x188 ./Core/Src/main.o
 .text.Error_Handler
                0x08005a34        0xc ./Core/Src/main.o
                0x08005a34                Error_Handler
 .text.Mission_Init
                0x08005a40       0x3c ./Core/Src/mission.o
                0x08005a40                Mission_Init
 .text.Mission_ProcessLine
                0x08005a7c      0x13c ./Core/Src/mission.o
 .text.Mission_ParseChunk
                0x08005bb8       0x80 ./Core/Src/mission.o
                0x08005bb8                Mission_ParseChunk
 .text.Mission_GetCount
                0x08005c38       0x18 ./Core/Src/mission.o
                0x08005c38                Mission_GetCount
 .text.Mission_GetWaypoint
                0x08005c50       0x7c ./Core/Src/mission.o
                0x08005c50                Mission_GetWaypoint
 .text.Mission_IsReady
                0x08005ccc       0x18 ./Core/Src/mission.o
                0x08005ccc                Mission_IsReady
 .text.micolink_check_sum
                0x08005ce4       0x78 ./Core/Src/mtf01.o
                0x08005ce4                micolink_check_sum
 .text.micolink_parse_char
                0x08005d5c      0x18c ./Core/Src/mtf01.o
                0x08005d5c                micolink_parse_char
 .text.MTF01_Init
                0x08005ee8       0x2c ./Core/Src/mtf01.o
                0x08005ee8                MTF01_Init
 .text.MTF01_UART_RxEventCallback
                0x08005f14       0x64 ./Core/Src/mtf01.o
                0x08005f14                MTF01_UART_RxEventCallback
 .text.MTF01_Update
                0x08005f78      0x128 ./Core/Src/mtf01.o
                0x08005f78                MTF01_Update
 .text.MTF01_UART_ErrorCallback
                0x080060a0       0x3c ./Core/Src/mtf01.o
                0x080060a0                MTF01_UART_ErrorCallback
 .text.NRF24_Activate
                0x080060dc       0x44 ./Core/Src/nrf.o
 .text.NRF24_ReadReg
                0x08006120       0x50 ./Core/Src/nrf.o
                0x08006120                NRF24_ReadReg
 .text.NRF24_WriteReg
                0x08006170       0x58 ./Core/Src/nrf.o
                0x08006170                NRF24_WriteReg
 .text.NRF24_WriteBuf
                0x080061c8       0x6c ./Core/Src/nrf.o
                0x080061c8                NRF24_WriteBuf
 .text.NRF24_FlushRX
                0x08006234       0x40 ./Core/Src/nrf.o
                0x08006234                NRF24_FlushRX
 .text.NRF24_FlushTX
                0x08006274       0x40 ./Core/Src/nrf.o
                0x08006274                NRF24_FlushTX
 .text.NRF24_OpenReadingPipe
                0x080062b4       0x7c ./Core/Src/nrf.o
                0x080062b4                NRF24_OpenReadingPipe
 .text.NRF24_StartListening
                0x08006330       0x50 ./Core/Src/nrf.o
                0x08006330                NRF24_StartListening
 .text.NRF24_Init
                0x08006380       0x78 ./Core/Src/nrf.o
                0x08006380                NRF24_Init
 .text.NRF24_Available
                0x080063f8       0x20 ./Core/Src/nrf.o
                0x080063f8                NRF24_Available
 .text.NRF24_GetDynamicPayloadSize
                0x08006418       0x54 ./Core/Src/nrf.o
                0x08006418                NRF24_GetDynamicPayloadSize
 .text.NRF24_Read
                0x0800646c       0x7c ./Core/Src/nrf.o
                0x0800646c                NRF24_Read
 .text.NRF24_WriteAckPayload
                0x080064e8       0x80 ./Core/Src/nrf.o
                0x080064e8                NRF24_WriteAckPayload
 .text.constrainFloat
                0x08006568       0x52 ./Core/Src/pid_controller.o
 .text.PID_SetIntegralLimits
                0x080065ba       0x28 ./Core/Src/pid_controller.o
                0x080065ba                PID_SetIntegralLimits
 *fill*         0x080065e2        0x2 
 .text.PID_Init
                0x080065e4       0x68 ./Core/Src/pid_controller.o
                0x080065e4                PID_Init
 .text.PID_Calculate
                0x0800664c      0x120 ./Core/Src/pid_controller.o
                0x0800664c                PID_Calculate
 .text.PID_Reset
                0x0800676c       0x2c ./Core/Src/pid_controller.o
                0x0800676c                PID_Reset
 .text.PID_SetGain
                0x08006798       0x32 ./Core/Src/pid_controller.o
                0x08006798                PID_SetGain
 *fill*         0x080067ca        0x2 
 .text.QMC5883_CalibHardIron
                0x080067cc       0xb0 ./Core/Src/qmc5883.o
                0x080067cc                QMC5883_CalibHardIron
 .text.QMC5883_Init
                0x0800687c       0xd2 ./Core/Src/qmc5883.o
                0x0800687c                QMC5883_Init
 *fill*         0x0800694e        0x2 
 .text.QMC5883_Read
                0x08006950      0x140 ./Core/Src/qmc5883.o
                0x08006950                QMC5883_Read
 .text.Serial_printf
                0x08006a90       0x4a ./Core/Src/serial.o
                0x08006a90                Serial_printf
 .text.HAL_MspInit
                0x08006ada        0xe ./Core/Src/stm32h5xx_hal_msp.o
                0x08006ada                HAL_MspInit
 .text.HAL_I2C_MspInit
                0x08006ae8      0x2b0 ./Core/Src/stm32h5xx_hal_msp.o
                0x08006ae8                HAL_I2C_MspInit
 .text.HAL_SPI_MspInit
                0x08006d98      0x220 ./Core/Src/stm32h5xx_hal_msp.o
                0x08006d98                HAL_SPI_MspInit
 .text.HAL_TIM_Base_MspInit
                0x08006fb8       0x80 ./Core/Src/stm32h5xx_hal_msp.o
                0x08006fb8                HAL_TIM_Base_MspInit
 .text.HAL_TIM_MspPostInit
                0x08007038       0xb8 ./Core/Src/stm32h5xx_hal_msp.o
                0x08007038                HAL_TIM_MspPostInit
 .text.HAL_UART_MspInit
                0x080070f0      0x660 ./Core/Src/stm32h5xx_hal_msp.o
                0x080070f0                HAL_UART_MspInit
 .text.NMI_Handler
                0x08007750        0x8 ./Core/Src/stm32h5xx_it.o
                0x08007750                NMI_Handler
 .text.HardFault_Handler
                0x08007758        0x8 ./Core/Src/stm32h5xx_it.o
                0x08007758                HardFault_Handler
 .text.MemManage_Handler
                0x08007760        0x8 ./Core/Src/stm32h5xx_it.o
                0x08007760                MemManage_Handler
 .text.BusFault_Handler
                0x08007768        0x8 ./Core/Src/stm32h5xx_it.o
                0x08007768                BusFault_Handler
 .text.UsageFault_Handler
                0x08007770        0x8 ./Core/Src/stm32h5xx_it.o
                0x08007770                UsageFault_Handler
 .text.SVC_Handler
                0x08007778        0xe ./Core/Src/stm32h5xx_it.o
                0x08007778                SVC_Handler
 .text.DebugMon_Handler
                0x08007786        0xe ./Core/Src/stm32h5xx_it.o
                0x08007786                DebugMon_Handler
 .text.PendSV_Handler
                0x08007794        0xe ./Core/Src/stm32h5xx_it.o
                0x08007794                PendSV_Handler
 .text.SysTick_Handler
                0x080077a2        0xc ./Core/Src/stm32h5xx_it.o
                0x080077a2                SysTick_Handler
 *fill*         0x080077ae        0x2 
 .text.GPDMA1_Channel0_IRQHandler
                0x080077b0       0x14 ./Core/Src/stm32h5xx_it.o
                0x080077b0                GPDMA1_Channel0_IRQHandler
 .text.GPDMA1_Channel1_IRQHandler
                0x080077c4       0x14 ./Core/Src/stm32h5xx_it.o
                0x080077c4                GPDMA1_Channel1_IRQHandler
 .text.GPDMA1_Channel2_IRQHandler
                0x080077d8       0x14 ./Core/Src/stm32h5xx_it.o
                0x080077d8                GPDMA1_Channel2_IRQHandler
 .text.TIM6_IRQHandler
                0x080077ec       0x14 ./Core/Src/stm32h5xx_it.o
                0x080077ec                TIM6_IRQHandler
 .text.I2C1_EV_IRQHandler
                0x08007800       0x14 ./Core/Src/stm32h5xx_it.o
                0x08007800                I2C1_EV_IRQHandler
 .text.I2C1_ER_IRQHandler
                0x08007814       0x14 ./Core/Src/stm32h5xx_it.o
                0x08007814                I2C1_ER_IRQHandler
 .text.USART1_IRQHandler
                0x08007828       0x14 ./Core/Src/stm32h5xx_it.o
                0x08007828                USART1_IRQHandler
 .text.USART2_IRQHandler
                0x0800783c       0x14 ./Core/Src/stm32h5xx_it.o
                0x0800783c                USART2_IRQHandler
 .text.UART4_IRQHandler
                0x08007850       0x14 ./Core/Src/stm32h5xx_it.o
                0x08007850                UART4_IRQHandler
 .text.GPDMA2_Channel0_IRQHandler
                0x08007864       0x14 ./Core/Src/stm32h5xx_it.o
                0x08007864                GPDMA2_Channel0_IRQHandler
 .text.GPDMA2_Channel1_IRQHandler
                0x08007878       0x14 ./Core/Src/stm32h5xx_it.o
                0x08007878                GPDMA2_Channel1_IRQHandler
 .text.UART7_IRQHandler
                0x0800788c       0x14 ./Core/Src/stm32h5xx_it.o
                0x0800788c                UART7_IRQHandler
 .text._getpid  0x080078a0       0x10 ./Core/Src/syscalls.o
                0x080078a0                _getpid
 .text._kill    0x080078b0       0x20 ./Core/Src/syscalls.o
                0x080078b0                _kill
 .text._exit    0x080078d0       0x16 ./Core/Src/syscalls.o
                0x080078d0                _exit
 .text._read    0x080078e6       0x3a ./Core/Src/syscalls.o
                0x080078e6                _read
 .text._write   0x08007920       0x38 ./Core/Src/syscalls.o
                0x08007920                _write
 .text._close   0x08007958       0x18 ./Core/Src/syscalls.o
                0x08007958                _close
 .text._fstat   0x08007970       0x20 ./Core/Src/syscalls.o
                0x08007970                _fstat
 .text._isatty  0x08007990       0x16 ./Core/Src/syscalls.o
                0x08007990                _isatty
 .text._lseek   0x080079a6       0x1a ./Core/Src/syscalls.o
                0x080079a6                _lseek
 .text._sbrk    0x080079c0       0x6c ./Core/Src/sysmem.o
                0x080079c0                _sbrk
 .text.SystemInit
                0x08007a2c       0xf8 ./Core/Src/system_stm32h5xx.o
                0x08007a2c                SystemInit
 .text.ParseCommand
                0x08007b24      0x220 ./Core/Src/uart_cmd.o
 .text.UART_CMD_Process
                0x08007d44       0x68 ./Core/Src/uart_cmd.o
                0x08007d44                UART_CMD_Process
 .text.Reset_Handler
                0x08007dac       0x50 ./Core/Startup/startup_stm32h562rgtx.o
                0x08007dac                Reset_Handler
 .text.Default_Handler
                0x08007dfc        0x2 ./Core/Startup/startup_stm32h562rgtx.o
                0x08007dfc                EXTI2_IRQHandler
                0x08007dfc                TIM8_TRG_COM_IRQHandler
                0x08007dfc                TIM8_CC_IRQHandler
                0x08007dfc                EXTI5_IRQHandler
                0x08007dfc                I3C1_ER_IRQHandler
                0x08007dfc                UART8_IRQHandler
                0x08007dfc                SPI4_IRQHandler
                0x08007dfc                FLASH_S_IRQHandler
                0x08007dfc                EXTI13_IRQHandler
                0x08007dfc                TIM1_CC_IRQHandler
                0x08007dfc                GPDMA2_Channel3_IRQHandler
                0x08007dfc                TAMP_IRQHandler
                0x08007dfc                EXTI12_IRQHandler
                0x08007dfc                CORDIC_IRQHandler
                0x08007dfc                USB_DRD_FS_IRQHandler
                0x08007dfc                EXTI3_IRQHandler
                0x08007dfc                LPTIM4_IRQHandler
                0x08007dfc                GPDMA1_Channel5_IRQHandler
                0x08007dfc                EXTI8_IRQHandler
                0x08007dfc                GPDMA2_Channel5_IRQHandler
                0x08007dfc                LPTIM2_IRQHandler
                0x08007dfc                I2C3_ER_IRQHandler
                0x08007dfc                GPDMA2_Channel2_IRQHandler
                0x08007dfc                USART10_IRQHandler
                0x08007dfc                LPTIM3_IRQHandler
                0x08007dfc                EXTI0_IRQHandler
                0x08007dfc                I2C2_EV_IRQHandler
                0x08007dfc                FPU_IRQHandler
                0x08007dfc                GPDMA1_Channel3_IRQHandler
                0x08007dfc                GPDMA1_Channel7_IRQHandler
                0x08007dfc                FDCAN1_IT1_IRQHandler
                0x08007dfc                RAMCFG_IRQHandler
                0x08007dfc                DCACHE1_IRQHandler
                0x08007dfc                SPI1_IRQHandler
                0x08007dfc                OCTOSPI1_IRQHandler
                0x08007dfc                TIM8_UP_IRQHandler
                0x08007dfc                RCC_S_IRQHandler
                0x08007dfc                SAI2_IRQHandler
                0x08007dfc                ADC1_IRQHandler
                0x08007dfc                USART6_IRQHandler
                0x08007dfc                EXTI15_IRQHandler
                0x08007dfc                TIM17_IRQHandler
                0x08007dfc                USART3_IRQHandler
                0x08007dfc                RTC_IRQHandler
                0x08007dfc                EXTI9_IRQHandler
                0x08007dfc                LPTIM5_IRQHandler
                0x08007dfc                UART5_IRQHandler
                0x08007dfc                TIM4_IRQHandler
                0x08007dfc                TIM16_IRQHandler
                0x08007dfc                SecureFault_Handler
                0x08007dfc                TIM3_IRQHandler
                0x08007dfc                RCC_IRQHandler
                0x08007dfc                UART9_IRQHandler
                0x08007dfc                TIM1_TRG_COM_IRQHandler
                0x08007dfc                Default_Handler
                0x08007dfc                FMAC_IRQHandler
                0x08007dfc                CEC_IRQHandler
                0x08007dfc                USART11_IRQHandler
                0x08007dfc                TIM14_IRQHandler
                0x08007dfc                TIM13_IRQHandler
                0x08007dfc                GPDMA2_Channel4_IRQHandler
                0x08007dfc                SPI5_IRQHandler
                0x08007dfc                TIM12_IRQHandler
                0x08007dfc                TIM7_IRQHandler
                0x08007dfc                SDMMC1_IRQHandler
                0x08007dfc                TIM5_IRQHandler
                0x08007dfc                UCPD1_IRQHandler
                0x08007dfc                I3C1_EV_IRQHandler
                0x08007dfc                TIM15_IRQHandler
                0x08007dfc                PVD_AVD_IRQHandler
                0x08007dfc                I2C3_EV_IRQHandler
                0x08007dfc                ADC2_IRQHandler
                0x08007dfc                SPI2_IRQHandler
                0x08007dfc                EXTI14_IRQHandler
                0x08007dfc                EXTI11_IRQHandler
                0x08007dfc                CRS_IRQHandler
                0x08007dfc                EXTI4_IRQHandler
                0x08007dfc                RTC_S_IRQHandler
                0x08007dfc                RNG_IRQHandler
                0x08007dfc                GPDMA2_Channel6_IRQHandler
                0x08007dfc                TIM1_UP_IRQHandler
                0x08007dfc                UART12_IRQHandler
                0x08007dfc                WWDG_IRQHandler
                0x08007dfc                SPI6_IRQHandler
                0x08007dfc                I2C4_EV_IRQHandler
                0x08007dfc                IWDG_IRQHandler
                0x08007dfc                LPUART1_IRQHandler
                0x08007dfc                FDCAN1_IT0_IRQHandler
                0x08007dfc                TIM2_IRQHandler
                0x08007dfc                GPDMA1_Channel4_IRQHandler
                0x08007dfc                EXTI7_IRQHandler
                0x08007dfc                TIM1_BRK_IRQHandler
                0x08007dfc                EXTI1_IRQHandler
                0x08007dfc                LPTIM6_IRQHandler
                0x08007dfc                DAC1_IRQHandler
                0x08007dfc                DTS_IRQHandler
                0x08007dfc                GTZC_IRQHandler
                0x08007dfc                GPDMA1_Channel6_IRQHandler
                0x08007dfc                GPDMA2_Channel7_IRQHandler
                0x08007dfc                I2C2_ER_IRQHandler
                0x08007dfc                TIM8_BRK_IRQHandler
                0x08007dfc                FLASH_IRQHandler
                0x08007dfc                EXTI10_IRQHandler
                0x08007dfc                SPI3_IRQHandler
                0x08007dfc                FMC_IRQHandler
                0x08007dfc                EXTI6_IRQHandler
                0x08007dfc                LPTIM1_IRQHandler
                0x08007dfc                DCMI_PSSI_IRQHandler
                0x08007dfc                I2C4_ER_IRQHandler
                0x08007dfc                ICACHE_IRQHandler
                0x08007dfc                SAI1_IRQHandler
                0x08007dfc                HASH_IRQHandler
 *fill*         0x08007dfe        0x2 
 .text.HAL_Init
                0x08007e00       0x50 ./Drivers/STM32H5xx_HAL_Driver/Src/stm32h5xx_hal.o
                0x08007e00                HAL_Init
 .text.HAL_InitTick
                0x08007e50       0xec ./Drivers/STM32H5xx_HAL_Driver/Src/stm32h5xx_hal.o
                0x08007e50                HAL_InitTick
 .text.HAL_IncTick
                0x08007f3c       0x28 ./Drivers/STM32H5xx_HAL_Driver/Src/stm32h5xx_hal.o
                0x08007f3c                HAL_IncTick
 .text.HAL_GetTick
                0x08007f64       0x18 ./Drivers/STM32H5xx_HAL_Driver/Src/stm32h5xx_hal.o
                0x08007f64                HAL_GetTick
 .text.HAL_Delay
                0x08007f7c       0x48 ./Drivers/STM32H5xx_HAL_Driver/Src/stm32h5xx_hal.o
                0x08007f7c                HAL_Delay
 .text.__NVIC_SetPriorityGrouping
                0x08007fc4       0x48 ./Drivers/STM32H5xx_HAL_Driver/Src/stm32h5xx_hal_cortex.o
 .text.__NVIC_GetPriorityGrouping
                0x0800800c       0x1c ./Drivers/STM32H5xx_HAL_Driver/Src/stm32h5xx_hal_cortex.o
 .text.__NVIC_EnableIRQ
                0x08008028       0x3c ./Drivers/STM32H5xx_HAL_Driver/Src/stm32h5xx_hal_cortex.o
 .text.__NVIC_SetPriority
                0x08008064       0x54 ./Drivers/STM32H5xx_HAL_Driver/Src/stm32h5xx_hal_cortex.o
 .text.NVIC_EncodePriority
                0x080080b8       0x66 ./Drivers/STM32H5xx_HAL_Driver/Src/stm32h5xx_hal_cortex.o
 .text.HAL_NVIC_SetPriorityGrouping
                0x0800811e       0x16 ./Drivers/STM32H5xx_HAL_Driver/Src/stm32h5xx_hal_cortex.o
                0x0800811e                HAL_NVIC_SetPriorityGrouping
 .text.HAL_NVIC_SetPriority
                0x08008134       0x34 ./Drivers/STM32H5xx_HAL_Driver/Src/stm32h5xx_hal_cortex.o
                0x08008134                HAL_NVIC_SetPriority
 .text.HAL_NVIC_EnableIRQ
                0x08008168       0x1c ./Drivers/STM32H5xx_HAL_Driver/Src/stm32h5xx_hal_cortex.o
                0x08008168                HAL_NVIC_EnableIRQ
 .text.HAL_SYSTICK_Config
                0x08008184       0x44 ./Drivers/STM32H5xx_HAL_Driver/Src/stm32h5xx_hal_cortex.o
                0x08008184                HAL_SYSTICK_Config
 .text.HAL_SYSTICK_CLKSourceConfig
                0x080081c8       0xb0 ./Drivers/STM32H5xx_HAL_Driver/Src/stm32h5xx_hal_cortex.o
                0x080081c8                HAL_SYSTICK_CLKSourceConfig
 .text.HAL_SYSTICK_GetCLKSourceConfig
                0x08008278       0x6c ./Drivers/STM32H5xx_HAL_Driver/Src/stm32h5xx_hal_cortex.o
                0x08008278                HAL_SYSTICK_GetCLKSourceConfig
 .text.HAL_DMA_Init
                0x080082e4      0x284 ./Drivers/STM32H5xx_HAL_Driver/Src/stm32h5xx_hal_dma.o
                0x080082e4                HAL_DMA_Init
 .text.HAL_DMA_Start_IT
                0x08008568       0xcc ./Drivers/STM32H5xx_HAL_Driver/Src/stm32h5xx_hal_dma.o
                0x08008568                HAL_DMA_Start_IT
 .text.HAL_DMA_Abort
                0x08008634       0xf8 ./Drivers/STM32H5xx_HAL_Driver/Src/stm32h5xx_hal_dma.o
                0x08008634                HAL_DMA_Abort
 .text.HAL_DMA_Abort_IT
                0x0800872c       0x52 ./Drivers/STM32H5xx_HAL_Driver/Src/stm32h5xx_hal_dma.o
                0x0800872c                HAL_DMA_Abort_IT
 .text.HAL_DMA_IRQHandler
                0x0800877e      0x2c2 ./Drivers/STM32H5xx_HAL_Driver/Src/stm32h5xx_hal_dma.o
                0x0800877e                HAL_DMA_IRQHandler
 .text.HAL_DMA_GetState
                0x08008a40       0x1c ./Drivers/STM32H5xx_HAL_Driver/Src/stm32h5xx_hal_dma.o
                0x08008a40                HAL_DMA_GetState
 .text.HAL_DMA_GetError
                0x08008a5c       0x18 ./Drivers/STM32H5xx_HAL_Driver/Src/stm32h5xx_hal_dma.o
                0x08008a5c                HAL_DMA_GetError
 .text.HAL_DMA_ConfigChannelAttributes
                0x08008a74       0x78 ./Drivers/STM32H5xx_HAL_Driver/Src/stm32h5xx_hal_dma.o
                0x08008a74                HAL_DMA_ConfigChannelAttributes
 .text.DMA_SetConfig
                0x08008aec       0x4a ./Drivers/STM32H5xx_HAL_Driver/Src/stm32h5xx_hal_dma.o
 *fill*         0x08008b36        0x2 
 .text.DMA_Init
                0x08008b38      0x508 ./Drivers/STM32H5xx_HAL_Driver/Src/stm32h5xx_hal_dma.o
 .text.HAL_DMAEx_List_Start_IT
                0x08009040      0x134 ./Drivers/STM32H5xx_HAL_Driver/Src/stm32h5xx_hal_dma_ex.o
                0x08009040                HAL_DMAEx_List_Start_IT
 .text.HAL_DMAEx_GetFifoLevel
                0x08009174       0x1e ./Drivers/STM32H5xx_HAL_Driver/Src/stm32h5xx_hal_dma_ex.o
                0x08009174                HAL_DMAEx_GetFifoLevel
 *fill*         0x08009192        0x2 
 .text.DMA_List_GetCLLRNodeInfo
                0x08009194       0x60 ./Drivers/STM32H5xx_HAL_Driver/Src/stm32h5xx_hal_dma_ex.o
 .text.HAL_GPIO_Init
                0x080091f4      0x2bc ./Drivers/STM32H5xx_HAL_Driver/Src/stm32h5xx_hal_gpio.o
                0x080091f4                HAL_GPIO_Init
 .text.HAL_GPIO_WritePin
                0x080094b0       0x30 ./Drivers/STM32H5xx_HAL_Driver/Src/stm32h5xx_hal_gpio.o
                0x080094b0                HAL_GPIO_WritePin
 .text.HAL_I2C_Init
                0x080094e0      0x136 ./Drivers/STM32H5xx_HAL_Driver/Src/stm32h5xx_hal_i2c.o
                0x080094e0                HAL_I2C_Init
 *fill*         0x08009616        0x2 
 .text.HAL_I2C_Mem_Write
                0x08009618      0x228 ./Drivers/STM32H5xx_HAL_Driver/Src/stm32h5xx_hal_i2c.o
                0x08009618                HAL_I2C_Mem_Write
 .text.HAL_I2C_Mem_Read
                0x08009840      0x234 ./Drivers/STM32H5xx_HAL_Driver/Src/stm32h5xx_hal_i2c.o
                0x08009840                HAL_I2C_Mem_Read
 .text.HAL_I2C_Mem_Read_DMA
                0x08009a74      0x248 ./Drivers/STM32H5xx_HAL_Driver/Src/stm32h5xx_hal_i2c.o
                0x08009a74                HAL_I2C_Mem_Read_DMA
 .text.HAL_I2C_EV_IRQHandler
                0x08009cbc       0x34 ./Drivers/STM32H5xx_HAL_Driver/Src/stm32h5xx_hal_i2c.o
                0x08009cbc                HAL_I2C_EV_IRQHandler
 .text.HAL_I2C_ER_IRQHandler
                0x08009cf0       0xc2 ./Drivers/STM32H5xx_HAL_Driver/Src/stm32h5xx_hal_i2c.o
                0x08009cf0                HAL_I2C_ER_IRQHandler
 .text.HAL_I2C_MasterTxCpltCallback
                0x08009db2       0x14 ./Drivers/STM32H5xx_HAL_Driver/Src/stm32h5xx_hal_i2c.o
                0x08009db2                HAL_I2C_MasterTxCpltCallback
 .text.HAL_I2C_MasterRxCpltCallback
                0x08009dc6       0x14 ./Drivers/STM32H5xx_HAL_Driver/Src/stm32h5xx_hal_i2c.o
                0x08009dc6                HAL_I2C_MasterRxCpltCallback
 .text.HAL_I2C_SlaveTxCpltCallback
                0x08009dda       0x14 ./Drivers/STM32H5xx_HAL_Driver/Src/stm32h5xx_hal_i2c.o
                0x08009dda                HAL_I2C_SlaveTxCpltCallback
 .text.HAL_I2C_SlaveRxCpltCallback
                0x08009dee       0x14 ./Drivers/STM32H5xx_HAL_Driver/Src/stm32h5xx_hal_i2c.o
                0x08009dee                HAL_I2C_SlaveRxCpltCallback
 .text.HAL_I2C_AddrCallback
                0x08009e02       0x1c ./Drivers/STM32H5xx_HAL_Driver/Src/stm32h5xx_hal_i2c.o
                0x08009e02                HAL_I2C_AddrCallback
 .text.HAL_I2C_ListenCpltCallback
                0x08009e1e       0x14 ./Drivers/STM32H5xx_HAL_Driver/Src/stm32h5xx_hal_i2c.o
                0x08009e1e                HAL_I2C_ListenCpltCallback
 .text.HAL_I2C_MemTxCpltCallback
                0x08009e32       0x14 ./Drivers/STM32H5xx_HAL_Driver/Src/stm32h5xx_hal_i2c.o
                0x08009e32                HAL_I2C_MemTxCpltCallback
 .text.HAL_I2C_AbortCpltCallback
                0x08009e46       0x14 ./Drivers/STM32H5xx_HAL_Driver/Src/stm32h5xx_hal_i2c.o
                0x08009e46                HAL_I2C_AbortCpltCallback
 .text.I2C_Slave_ISR_IT
                0x08009e5a      0x208 ./Drivers/STM32H5xx_HAL_Driver/Src/stm32h5xx_hal_i2c.o
 .text.I2C_Master_ISR_DMA
                0x0800a062      0x1e6 ./Drivers/STM32H5xx_HAL_Driver/Src/stm32h5xx_hal_i2c.o
 .text.I2C_Mem_ISR_DMA
                0x0800a248      0x260 ./Drivers/STM32H5xx_HAL_Driver/Src/stm32h5xx_hal_i2c.o
 .text.I2C_Slave_ISR_DMA
                0x0800a4a8      0x1e4 ./Drivers/STM32H5xx_HAL_Driver/Src/stm32h5xx_hal_i2c.o
 .text.I2C_RequestMemoryWrite
                0x0800a68c       0xa8 ./Drivers/STM32H5xx_HAL_Driver/Src/stm32h5xx_hal_i2c.o
 .text.I2C_RequestMemoryRead
                0x0800a734       0xa8 ./Drivers/STM32H5xx_HAL_Driver/Src/stm32h5xx_hal_i2c.o
 .text.I2C_ITAddrCplt
                0x0800a7dc      0x108 ./Drivers/STM32H5xx_HAL_Driver/Src/stm32h5xx_hal_i2c.o
 .text.I2C_ITMasterSeqCplt
                0x0800a8e4       0x7a ./Drivers/STM32H5xx_HAL_Driver/Src/stm32h5xx_hal_i2c.o
 .text.I2C_ITSlaveSeqCplt
                0x0800a95e       0xbc ./Drivers/STM32H5xx_HAL_Driver/Src/stm32h5xx_hal_i2c.o
 *fill*         0x0800aa1a        0x2 
 .text.I2C_ITMasterCplt
                0x0800aa1c      0x194 ./Drivers/STM32H5xx_HAL_Driver/Src/stm32h5xx_hal_i2c.o
 .text.I2C_ITSlaveCplt
                0x0800abb0      0x2f8 ./Drivers/STM32H5xx_HAL_Driver/Src/stm32h5xx_hal_i2c.o
 .text.I2C_ITListenCplt
                0x0800aea8       0xac ./Drivers/STM32H5xx_HAL_Driver/Src/stm32h5xx_hal_i2c.o
 .text.I2C_ITError
                0x0800af54      0x1e0 ./Drivers/STM32H5xx_HAL_Driver/Src/stm32h5xx_hal_i2c.o
 .text.I2C_TreatErrorCallback
                0x0800b134       0x4e ./Drivers/STM32H5xx_HAL_Driver/Src/stm32h5xx_hal_i2c.o
 .text.I2C_Flush_TXDR
                0x0800b182       0x48 ./Drivers/STM32H5xx_HAL_Driver/Src/stm32h5xx_hal_i2c.o
 .text.I2C_DMAMasterReceiveCplt
                0x0800b1ca       0xfe ./Drivers/STM32H5xx_HAL_Driver/Src/stm32h5xx_hal_i2c.o
 .text.I2C_DMAError
                0x0800b2c8       0x2e ./Drivers/STM32H5xx_HAL_Driver/Src/stm32h5xx_hal_i2c.o
 .text.I2C_DMAAbort
                0x0800b2f6       0x3c ./Drivers/STM32H5xx_HAL_Driver/Src/stm32h5xx_hal_i2c.o
 .text.I2C_WaitOnFlagUntilTimeout
                0x0800b332       0xb2 ./Drivers/STM32H5xx_HAL_Driver/Src/stm32h5xx_hal_i2c.o
 .text.I2C_WaitOnTXISFlagUntilTimeout
                0x0800b3e4       0x8e ./Drivers/STM32H5xx_HAL_Driver/Src/stm32h5xx_hal_i2c.o
 .text.I2C_WaitOnSTOPFlagUntilTimeout
                0x0800b472       0x86 ./Drivers/STM32H5xx_HAL_Driver/Src/stm32h5xx_hal_i2c.o
 .text.I2C_IsErrorOccurred
                0x0800b4f8      0x1c0 ./Drivers/STM32H5xx_HAL_Driver/Src/stm32h5xx_hal_i2c.o
 .text.I2C_TransferConfig
                0x0800b6b8       0x64 ./Drivers/STM32H5xx_HAL_Driver/Src/stm32h5xx_hal_i2c.o
 .text.I2C_Enable_IRQ
                0x0800b71c      0x108 ./Drivers/STM32H5xx_HAL_Driver/Src/stm32h5xx_hal_i2c.o
 .text.I2C_Disable_IRQ
                0x0800b824       0xbc ./Drivers/STM32H5xx_HAL_Driver/Src/stm32h5xx_hal_i2c.o
 .text.HAL_I2CEx_ConfigAnalogFilter
                0x0800b8e0       0x96 ./Drivers/STM32H5xx_HAL_Driver/Src/stm32h5xx_hal_i2c_ex.o
                0x0800b8e0                HAL_I2CEx_ConfigAnalogFilter
 .text.HAL_I2CEx_ConfigDigitalFilter
                0x0800b976       0x98 ./Drivers/STM32H5xx_HAL_Driver/Src/stm32h5xx_hal_i2c_ex.o
                0x0800b976                HAL_I2CEx_ConfigDigitalFilter
 *fill*         0x0800ba0e        0x2 
 .text.HAL_ICACHE_Enable
                0x0800ba10       0x20 ./Drivers/STM32H5xx_HAL_Driver/Src/stm32h5xx_hal_icache.o
                0x0800ba10                HAL_ICACHE_Enable
 .text.HAL_RCC_OscConfig
                0x0800ba30      0x870 ./Drivers/STM32H5xx_HAL_Driver/Src/stm32h5xx_hal_rcc.o
                0x0800ba30                HAL_RCC_OscConfig
 .text.HAL_RCC_ClockConfig
                0x0800c2a0      0x370 ./Drivers/STM32H5xx_HAL_Driver/Src/stm32h5xx_hal_rcc.o
                0x0800c2a0                HAL_RCC_ClockConfig
 .text.HAL_RCC_GetSysClockFreq
                0x0800c610      0x258 ./Drivers/STM32H5xx_HAL_Driver/Src/stm32h5xx_hal_rcc.o
                0x0800c610                HAL_RCC_GetSysClockFreq
 .text.HAL_RCC_GetHCLKFreq
                0x0800c868       0x38 ./Drivers/STM32H5xx_HAL_Driver/Src/stm32h5xx_hal_rcc.o
                0x0800c868                HAL_RCC_GetHCLKFreq
 .text.HAL_RCC_GetPCLK1Freq
                0x0800c8a0       0x2c ./Drivers/STM32H5xx_HAL_Driver/Src/stm32h5xx_hal_rcc.o
                0x0800c8a0                HAL_RCC_GetPCLK1Freq
 .text.HAL_RCC_GetPCLK2Freq
                0x0800c8cc       0x2c ./Drivers/STM32H5xx_HAL_Driver/Src/stm32h5xx_hal_rcc.o
                0x0800c8cc                HAL_RCC_GetPCLK2Freq
 .text.HAL_RCC_GetPCLK3Freq
                0x0800c8f8       0x2c ./Drivers/STM32H5xx_HAL_Driver/Src/stm32h5xx_hal_rcc.o
                0x0800c8f8                HAL_RCC_GetPCLK3Freq
 .text.HAL_RCCEx_PeriphCLKConfig
                0x0800c924     0x1e8c ./Drivers/STM32H5xx_HAL_Driver/Src/stm32h5xx_hal_rcc_ex.o
                0x0800c924                HAL_RCCEx_PeriphCLKConfig
 .text.HAL_RCCEx_GetPLL1ClockFreq
                0x0800e7b0      0x2d8 ./Drivers/STM32H5xx_HAL_Driver/Src/stm32h5xx_hal_rcc_ex.o
                0x0800e7b0                HAL_RCCEx_GetPLL1ClockFreq
 .text.HAL_RCCEx_GetPLL2ClockFreq
                0x0800ea88      0x2d8 ./Drivers/STM32H5xx_HAL_Driver/Src/stm32h5xx_hal_rcc_ex.o
                0x0800ea88                HAL_RCCEx_GetPLL2ClockFreq
 .text.HAL_RCCEx_GetPLL3ClockFreq
                0x0800ed60      0x2d8 ./Drivers/STM32H5xx_HAL_Driver/Src/stm32h5xx_hal_rcc_ex.o
                0x0800ed60                HAL_RCCEx_GetPLL3ClockFreq
 .text.HAL_RCCEx_GetPeriphCLKFreq
                0x0800f038     0x264c ./Drivers/STM32H5xx_HAL_Driver/Src/stm32h5xx_hal_rcc_ex.o
                0x0800f038                HAL_RCCEx_GetPeriphCLKFreq
 .text.RCCEx_PLL2_Config
                0x08011684      0x130 ./Drivers/STM32H5xx_HAL_Driver/Src/stm32h5xx_hal_rcc_ex.o
 .text.RCCEx_PLL3_Config
                0x080117b4      0x130 ./Drivers/STM32H5xx_HAL_Driver/Src/stm32h5xx_hal_rcc_ex.o
 .text.HAL_SPI_Init
                0x080118e4      0x2e0 ./Drivers/STM32H5xx_HAL_Driver/Src/stm32h5xx_hal_spi.o
                0x080118e4                HAL_SPI_Init
 .text.HAL_SPI_TransmitReceive
                0x08011bc4      0x718 ./Drivers/STM32H5xx_HAL_Driver/Src/stm32h5xx_hal_spi.o
                0x08011bc4                HAL_SPI_TransmitReceive
 .text.SPI_CloseTransfer
                0x080122dc      0x140 ./Drivers/STM32H5xx_HAL_Driver/Src/stm32h5xx_hal_spi.o
 .text.SPI_WaitOnFlagUntilTimeout
                0x0801241c       0x5c ./Drivers/STM32H5xx_HAL_Driver/Src/stm32h5xx_hal_spi.o
 .text.SPI_GetPacketSize
                0x08012478       0x36 ./Drivers/STM32H5xx_HAL_Driver/Src/stm32h5xx_hal_spi.o
 .text.HAL_TIM_Base_Init
                0x080124ae       0xae ./Drivers/STM32H5xx_HAL_Driver/Src/stm32h5xx_hal_tim.o
                0x080124ae                HAL_TIM_Base_Init
 .text.HAL_TIM_Base_Start_IT
                0x0801255c      0x15c ./Drivers/STM32H5xx_HAL_Driver/Src/stm32h5xx_hal_tim.o
                0x0801255c                HAL_TIM_Base_Start_IT
 .text.HAL_TIM_PWM_Init
                0x080126b8       0xae ./Drivers/STM32H5xx_HAL_Driver/Src/stm32h5xx_hal_tim.o
                0x080126b8                HAL_TIM_PWM_Init
 .text.HAL_TIM_PWM_MspInit
                0x08012766       0x14 ./Drivers/STM32H5xx_HAL_Driver/Src/stm32h5xx_hal_tim.o
                0x08012766                HAL_TIM_PWM_MspInit
 *fill*         0x0801277a        0x2 
 .text.HAL_TIM_PWM_Start
                0x0801277c      0x2c0 ./Drivers/STM32H5xx_HAL_Driver/Src/stm32h5xx_hal_tim.o
                0x0801277c                HAL_TIM_PWM_Start
 .text.HAL_TIM_IRQHandler
                0x08012a3c      0x29e ./Drivers/STM32H5xx_HAL_Driver/Src/stm32h5xx_hal_tim.o
                0x08012a3c                HAL_TIM_IRQHandler
 *fill*         0x08012cda        0x2 
 .text.HAL_TIM_PWM_ConfigChannel
                0x08012cdc      0x228 ./Drivers/STM32H5xx_HAL_Driver/Src/stm32h5xx_hal_tim.o
                0x08012cdc                HAL_TIM_PWM_ConfigChannel
 .text.HAL_TIM_ConfigClockSource
                0x08012f04      0x23c ./Drivers/STM32H5xx_HAL_Driver/Src/stm32h5xx_hal_tim.o
                0x08012f04                HAL_TIM_ConfigClockSource
 .text.HAL_TIM_OC_DelayElapsedCallback
                0x08013140       0x14 ./Drivers/STM32H5xx_HAL_Driver/Src/stm32h5xx_hal_tim.o
                0x08013140                HAL_TIM_OC_DelayElapsedCallback
 .text.HAL_TIM_IC_CaptureCallback
                0x08013154       0x14 ./Drivers/STM32H5xx_HAL_Driver/Src/stm32h5xx_hal_tim.o
                0x08013154                HAL_TIM_IC_CaptureCallback
 .text.HAL_TIM_PWM_PulseFinishedCallback
                0x08013168       0x14 ./Drivers/STM32H5xx_HAL_Driver/Src/stm32h5xx_hal_tim.o
                0x08013168                HAL_TIM_PWM_PulseFinishedCallback
 .text.HAL_TIM_TriggerCallback
                0x0801317c       0x14 ./Drivers/STM32H5xx_HAL_Driver/Src/stm32h5xx_hal_tim.o
                0x0801317c                HAL_TIM_TriggerCallback
 .text.TIM_Base_SetConfig
                0x08013190      0x254 ./Drivers/STM32H5xx_HAL_Driver/Src/stm32h5xx_hal_tim.o
                0x08013190                TIM_Base_SetConfig
 .text.TIM_OC1_SetConfig
                0x080133e4      0x184 ./Drivers/STM32H5xx_HAL_Driver/Src/stm32h5xx_hal_tim.o
 .text.TIM_OC2_SetConfig
                0x08013568      0x160 ./Drivers/STM32H5xx_HAL_Driver/Src/stm32h5xx_hal_tim.o
                0x08013568                TIM_OC2_SetConfig
 .text.TIM_OC3_SetConfig
                0x080136c8      0x15c ./Drivers/STM32H5xx_HAL_Driver/Src/stm32h5xx_hal_tim.o
 .text.TIM_OC4_SetConfig
                0x08013824      0x160 ./Drivers/STM32H5xx_HAL_Driver/Src/stm32h5xx_hal_tim.o
 .text.TIM_OC5_SetConfig
                0x08013984      0x104 ./Drivers/STM32H5xx_HAL_Driver/Src/stm32h5xx_hal_tim.o
 .text.TIM_OC6_SetConfig
                0x08013a88      0x108 ./Drivers/STM32H5xx_HAL_Driver/Src/stm32h5xx_hal_tim.o
 .text.TIM_TI1_ConfigInputStage
                0x08013b90       0x5e ./Drivers/STM32H5xx_HAL_Driver/Src/stm32h5xx_hal_tim.o
 .text.TIM_TI2_ConfigInputStage
                0x08013bee       0x60 ./Drivers/STM32H5xx_HAL_Driver/Src/stm32h5xx_hal_tim.o
 .text.TIM_ITRx_SetConfig
                0x08013c4e       0x3a ./Drivers/STM32H5xx_HAL_Driver/Src/stm32h5xx_hal_tim.o
 .text.TIM_ETR_SetConfig
                0x08013c88       0x40 ./Drivers/STM32H5xx_HAL_Driver/Src/stm32h5xx_hal_tim.o
                0x08013c88                TIM_ETR_SetConfig
 .text.TIM_CCxChannelCmd
                0x08013cc8       0x4a ./Drivers/STM32H5xx_HAL_Driver/Src/stm32h5xx_hal_tim.o
                0x08013cc8                TIM_CCxChannelCmd
 *fill*         0x08013d12        0x2 
 .text.HAL_TIMEx_MasterConfigSynchronization
                0x08013d14      0x1a0 ./Drivers/STM32H5xx_HAL_Driver/Src/stm32h5xx_hal_tim_ex.o
                0x08013d14                HAL_TIMEx_MasterConfigSynchronization
 .text.HAL_TIMEx_CommutCallback
                0x08013eb4       0x14 ./Drivers/STM32H5xx_HAL_Driver/Src/stm32h5xx_hal_tim_ex.o
                0x08013eb4                HAL_TIMEx_CommutCallback
 .text.HAL_TIMEx_BreakCallback
                0x08013ec8       0x14 ./Drivers/STM32H5xx_HAL_Driver/Src/stm32h5xx_hal_tim_ex.o
                0x08013ec8                HAL_TIMEx_BreakCallback
 .text.HAL_TIMEx_Break2Callback
                0x08013edc       0x14 ./Drivers/STM32H5xx_HAL_Driver/Src/stm32h5xx_hal_tim_ex.o
                0x08013edc                HAL_TIMEx_Break2Callback
 .text.HAL_TIMEx_EncoderIndexCallback
                0x08013ef0       0x14 ./Drivers/STM32H5xx_HAL_Driver/Src/stm32h5xx_hal_tim_ex.o
                0x08013ef0                HAL_TIMEx_EncoderIndexCallback
 .text.HAL_TIMEx_DirectionChangeCallback
                0x08013f04       0x14 ./Drivers/STM32H5xx_HAL_Driver/Src/stm32h5xx_hal_tim_ex.o
                0x08013f04                HAL_TIMEx_DirectionChangeCallback
 .text.HAL_TIMEx_IndexErrorCallback
                0x08013f18       0x14 ./Drivers/STM32H5xx_HAL_Driver/Src/stm32h5xx_hal_tim_ex.o
                0x08013f18                HAL_TIMEx_IndexErrorCallback
 .text.HAL_TIMEx_TransitionErrorCallback
                0x08013f2c       0x14 ./Drivers/STM32H5xx_HAL_Driver/Src/stm32h5xx_hal_tim_ex.o
                0x08013f2c                HAL_TIMEx_TransitionErrorCallback
 .text.HAL_UART_Init
                0x08013f40       0xa0 ./Drivers/STM32H5xx_HAL_Driver/Src/stm32h5xx_hal_uart.o
                0x08013f40                HAL_UART_Init
 .text.HAL_UART_Transmit
                0x08013fe0      0x13c ./Drivers/STM32H5xx_HAL_Driver/Src/stm32h5xx_hal_uart.o
                0x08013fe0                HAL_UART_Transmit
 .text.HAL_UART_Receive_IT
                0x0801411c       0xc4 ./Drivers/STM32H5xx_HAL_Driver/Src/stm32h5xx_hal_uart.o
                0x0801411c                HAL_UART_Receive_IT
 .text.HAL_UART_Transmit_DMA
                0x080141e0      0x190 ./Drivers/STM32H5xx_HAL_Driver/Src/stm32h5xx_hal_uart.o
                0x080141e0                HAL_UART_Transmit_DMA
 .text.HAL_UART_AbortReceive
                0x08014370      0x136 ./Drivers/STM32H5xx_HAL_Driver/Src/stm32h5xx_hal_uart.o
                0x08014370                HAL_UART_AbortReceive
 *fill*         0x080144a6        0x2 
 .text.HAL_UART_IRQHandler
                0x080144a8      0x5dc ./Drivers/STM32H5xx_HAL_Driver/Src/stm32h5xx_hal_uart.o
                0x080144a8                HAL_UART_IRQHandler
 .text.HAL_UART_TxCpltCallback
                0x08014a84       0x14 ./Drivers/STM32H5xx_HAL_Driver/Src/stm32h5xx_hal_uart.o
                0x08014a84                HAL_UART_TxCpltCallback
 .text.HAL_UART_TxHalfCpltCallback
                0x08014a98       0x14 ./Drivers/STM32H5xx_HAL_Driver/Src/stm32h5xx_hal_uart.o
                0x08014a98                HAL_UART_TxHalfCpltCallback
 .text.HAL_UART_RxHalfCpltCallback
                0x08014aac       0x14 ./Drivers/STM32H5xx_HAL_Driver/Src/stm32h5xx_hal_uart.o
                0x08014aac                HAL_UART_RxHalfCpltCallback
 .text.UART_SetConfig
                0x08014ac0      0x3dc ./Drivers/STM32H5xx_HAL_Driver/Src/stm32h5xx_hal_uart.o
                0x08014ac0                UART_SetConfig
 .text.UART_AdvFeatureConfig
                0x08014e9c      0x144 ./Drivers/STM32H5xx_HAL_Driver/Src/stm32h5xx_hal_uart.o
                0x08014e9c                UART_AdvFeatureConfig
 .text.UART_CheckIdleState
                0x08014fe0      0x154 ./Drivers/STM32H5xx_HAL_Driver/Src/stm32h5xx_hal_uart.o
                0x08014fe0                UART_CheckIdleState
 .text.UART_WaitOnFlagUntilTimeout
                0x08015134       0xda ./Drivers/STM32H5xx_HAL_Driver/Src/stm32h5xx_hal_uart.o
                0x08015134                UART_WaitOnFlagUntilTimeout
 *fill*         0x0801520e        0x2 
 .text.UART_Start_Receive_IT
                0x08015210      0x244 ./Drivers/STM32H5xx_HAL_Driver/Src/stm32h5xx_hal_uart.o
                0x08015210                UART_Start_Receive_IT
 .text.UART_Start_Receive_DMA
                0x08015454      0x1f0 ./Drivers/STM32H5xx_HAL_Driver/Src/stm32h5xx_hal_uart.o
                0x08015454                UART_Start_Receive_DMA
 .text.UART_EndTxTransfer
                0x08015644       0x82 ./Drivers/STM32H5xx_HAL_Driver/Src/stm32h5xx_hal_uart.o
 .text.UART_EndRxTransfer
                0x080156c6       0xcc ./Drivers/STM32H5xx_HAL_Driver/Src/stm32h5xx_hal_uart.o
 .text.UART_DMATransmitCplt
                0x08015792       0x60 ./Drivers/STM32H5xx_HAL_Driver/Src/stm32h5xx_hal_uart.o
 .text.UART_DMATxHalfCplt
                0x080157f2       0x1c ./Drivers/STM32H5xx_HAL_Driver/Src/stm32h5xx_hal_uart.o
 .text.UART_DMAReceiveCplt
                0x0801580e      0x128 ./Drivers/STM32H5xx_HAL_Driver/Src/stm32h5xx_hal_uart.o
 .text.UART_DMARxHalfCplt
                0x08015936       0x72 ./Drivers/STM32H5xx_HAL_Driver/Src/stm32h5xx_hal_uart.o
 .text.UART_DMAError
                0x080159a8       0x80 ./Drivers/STM32H5xx_HAL_Driver/Src/stm32h5xx_hal_uart.o
 .text.UART_DMAAbortOnError
                0x08015a28       0x24 ./Drivers/STM32H5xx_HAL_Driver/Src/stm32h5xx_hal_uart.o
 .text.UART_EndTransmit_IT
                0x08015a4c       0x56 ./Drivers/STM32H5xx_HAL_Driver/Src/stm32h5xx_hal_uart.o
 *fill*         0x08015aa2        0x2 
 .text.UART_RxISR_8BIT
                0x08015aa4      0x1c4 ./Drivers/STM32H5xx_HAL_Driver/Src/stm32h5xx_hal_uart.o
 .text.UART_RxISR_16BIT
                0x08015c68      0x1c4 ./Drivers/STM32H5xx_HAL_Driver/Src/stm32h5xx_hal_uart.o
 .text.UART_RxISR_8BIT_FIFOEN
                0x08015e2c      0x370 ./Drivers/STM32H5xx_HAL_Driver/Src/stm32h5xx_hal_uart.o
 .text.UART_RxISR_16BIT_FIFOEN
                0x0801619c      0x378 ./Drivers/STM32H5xx_HAL_Driver/Src/stm32h5xx_hal_uart.o
 .text.HAL_UARTEx_WakeupCallback
                0x08016514       0x14 ./Drivers/STM32H5xx_HAL_Driver/Src/stm32h5xx_hal_uart_ex.o
                0x08016514                HAL_UARTEx_WakeupCallback
 .text.HAL_UARTEx_RxFifoFullCallback
                0x08016528       0x14 ./Drivers/STM32H5xx_HAL_Driver/Src/stm32h5xx_hal_uart_ex.o
                0x08016528                HAL_UARTEx_RxFifoFullCallback
 .text.HAL_UARTEx_TxFifoEmptyCallback
                0x0801653c       0x14 ./Drivers/STM32H5xx_HAL_Driver/Src/stm32h5xx_hal_uart_ex.o
                0x0801653c                HAL_UARTEx_TxFifoEmptyCallback
 .text.HAL_UARTEx_DisableFifoMode
                0x08016550       0x72 ./Drivers/STM32H5xx_HAL_Driver/Src/stm32h5xx_hal_uart_ex.o
                0x08016550                HAL_UARTEx_DisableFifoMode
 .text.HAL_UARTEx_SetTxFifoThreshold
                0x080165c2       0x7c ./Drivers/STM32H5xx_HAL_Driver/Src/stm32h5xx_hal_uart_ex.o
                0x080165c2                HAL_UARTEx_SetTxFifoThreshold
 .text.HAL_UARTEx_SetRxFifoThreshold
                0x0801663e       0x7c ./Drivers/STM32H5xx_HAL_Driver/Src/stm32h5xx_hal_uart_ex.o
                0x0801663e                HAL_UARTEx_SetRxFifoThreshold
 .text.HAL_UARTEx_ReceiveToIdle_DMA
                0x080166ba       0xa8 ./Drivers/STM32H5xx_HAL_Driver/Src/stm32h5xx_hal_uart_ex.o
                0x080166ba                HAL_UARTEx_ReceiveToIdle_DMA
 *fill*         0x08016762        0x2 
 .text.UARTEx_SetNbDataToProcess
                0x08016764       0x9c ./Drivers/STM32H5xx_HAL_Driver/Src/stm32h5xx_hal_uart_ex.o
 .text.atof     0x08016800        0x6 C:/ST/STM32CubeIDE_1.18.1/STM32CubeIDE/plugins/com.st.stm32cube.ide.mcu.externaltools.gnu-tools-for-stm32.13.3.rel1.win32_1.0.0.202411081344/tools/bin/../lib/gcc/arm-none-eabi/13.3.1/../../../../arm-none-eabi/lib/thumb/v8-m.main+fp/hard\libc_nano.a(libc_a-atof.o)
                0x08016800                atof
 .text.sulp     0x08016806       0x3c C:/ST/STM32CubeIDE_1.18.1/STM32CubeIDE/plugins/com.st.stm32cube.ide.mcu.externaltools.gnu-tools-for-stm32.13.3.rel1.win32_1.0.0.202411081344/tools/bin/../lib/gcc/arm-none-eabi/13.3.1/../../../../arm-none-eabi/lib/thumb/v8-m.main+fp/hard\libc_nano.a(libc_a-strtod.o)
 *fill*         0x08016842        0x6 
 .text._strtod_l
                0x08016848      0xbc8 C:/ST/STM32CubeIDE_1.18.1/STM32CubeIDE/plugins/com.st.stm32cube.ide.mcu.externaltools.gnu-tools-for-stm32.13.3.rel1.win32_1.0.0.202411081344/tools/bin/../lib/gcc/arm-none-eabi/13.3.1/../../../../arm-none-eabi/lib/thumb/v8-m.main+fp/hard\libc_nano.a(libc_a-strtod.o)
                0x08016848                _strtod_l
 .text._strtod_r
                0x08017410        0xc C:/ST/STM32CubeIDE_1.18.1/STM32CubeIDE/plugins/com.st.stm32cube.ide.mcu.externaltools.gnu-tools-for-stm32.13.3.rel1.win32_1.0.0.202411081344/tools/bin/../lib/gcc/arm-none-eabi/13.3.1/../../../../arm-none-eabi/lib/thumb/v8-m.main+fp/hard\libc_nano.a(libc_a-strtod.o)
                0x08017410                _strtod_r
 .text.strtod   0x0801741c       0x18 C:/ST/STM32CubeIDE_1.18.1/STM32CubeIDE/plugins/com.st.stm32cube.ide.mcu.externaltools.gnu-tools-for-stm32.13.3.rel1.win32_1.0.0.202411081344/tools/bin/../lib/gcc/arm-none-eabi/13.3.1/../../../../arm-none-eabi/lib/thumb/v8-m.main+fp/hard\libc_nano.a(libc_a-strtod.o)
                0x0801741c                strtod
 .text.__cvt    0x08017434       0xca C:/ST/STM32CubeIDE_1.18.1/STM32CubeIDE/plugins/com.st.stm32cube.ide.mcu.externaltools.gnu-tools-for-stm32.13.3.rel1.win32_1.0.0.202411081344/tools/bin/../lib/gcc/arm-none-eabi/13.3.1/../../../../arm-none-eabi/lib/thumb/v8-m.main+fp/hard\libc_nano.a(libc_a-nano-vfprintf_float.o)
                0x08017434                __cvt
 .text.__exponent
                0x080174fe       0x72 C:/ST/STM32CubeIDE_1.18.1/STM32CubeIDE/plugins/com.st.stm32cube.ide.mcu.externaltools.gnu-tools-for-stm32.13.3.rel1.win32_1.0.0.202411081344/tools/bin/../lib/gcc/arm-none-eabi/13.3.1/../../../../arm-none-eabi/lib/thumb/v8-m.main+fp/hard\libc_nano.a(libc_a-nano-vfprintf_float.o)
                0x080174fe                __exponent
 .text._printf_float
                0x08017570      0x454 C:/ST/STM32CubeIDE_1.18.1/STM32CubeIDE/plugins/com.st.stm32cube.ide.mcu.externaltools.gnu-tools-for-stm32.13.3.rel1.win32_1.0.0.202411081344/tools/bin/../lib/gcc/arm-none-eabi/13.3.1/../../../../arm-none-eabi/lib/thumb/v8-m.main+fp/hard\libc_nano.a(libc_a-nano-vfprintf_float.o)
                0x08017570                _printf_float
 .text._printf_common
                0x080179c4       0xe4 C:/ST/STM32CubeIDE_1.18.1/STM32CubeIDE/plugins/com.st.stm32cube.ide.mcu.externaltools.gnu-tools-for-stm32.13.3.rel1.win32_1.0.0.202411081344/tools/bin/../lib/gcc/arm-none-eabi/13.3.1/../../../../arm-none-eabi/lib/thumb/v8-m.main+fp/hard\libc_nano.a(libc_a-nano-vfprintf_i.o)
                0x080179c4                _printf_common
 .text._printf_i
                0x08017aa8      0x23c C:/ST/STM32CubeIDE_1.18.1/STM32CubeIDE/plugins/com.st.stm32cube.ide.mcu.externaltools.gnu-tools-for-stm32.13.3.rel1.win32_1.0.0.202411081344/tools/bin/../lib/gcc/arm-none-eabi/13.3.1/../../../../arm-none-eabi/lib/thumb/v8-m.main+fp/hard\libc_nano.a(libc_a-nano-vfprintf_i.o)
                0x08017aa8                _printf_i
 .text._scanf_float
                0x08017ce4      0x41c C:/ST/STM32CubeIDE_1.18.1/STM32CubeIDE/plugins/com.st.stm32cube.ide.mcu.externaltools.gnu-tools-for-stm32.13.3.rel1.win32_1.0.0.202411081344/tools/bin/../lib/gcc/arm-none-eabi/13.3.1/../../../../arm-none-eabi/lib/thumb/v8-m.main+fp/hard\libc_nano.a(libc_a-nano-vfscanf_float.o)
                0x08017ce4                _scanf_float
 .text.std      0x08018100       0x6c C:/ST/STM32CubeIDE_1.18.1/STM32CubeIDE/plugins/com.st.stm32cube.ide.mcu.externaltools.gnu-tools-for-stm32.13.3.rel1.win32_1.0.0.202411081344/tools/bin/../lib/gcc/arm-none-eabi/13.3.1/../../../../arm-none-eabi/lib/thumb/v8-m.main+fp/hard\libc_nano.a(libc_a-findfp.o)
 .text.stdio_exit_handler
                0x0801816c       0x18 C:/ST/STM32CubeIDE_1.18.1/STM32CubeIDE/plugins/com.st.stm32cube.ide.mcu.externaltools.gnu-tools-for-stm32.13.3.rel1.win32_1.0.0.202411081344/tools/bin/../lib/gcc/arm-none-eabi/13.3.1/../../../../arm-none-eabi/lib/thumb/v8-m.main+fp/hard\libc_nano.a(libc_a-findfp.o)
 .text.cleanup_stdio
                0x08018184       0x40 C:/ST/STM32CubeIDE_1.18.1/STM32CubeIDE/plugins/com.st.stm32cube.ide.mcu.externaltools.gnu-tools-for-stm32.13.3.rel1.win32_1.0.0.202411081344/tools/bin/../lib/gcc/arm-none-eabi/13.3.1/../../../../arm-none-eabi/lib/thumb/v8-m.main+fp/hard\libc_nano.a(libc_a-findfp.o)
 .text.global_stdio_init.part.0
                0x080181c4       0x3c C:/ST/STM32CubeIDE_1.18.1/STM32CubeIDE/plugins/com.st.stm32cube.ide.mcu.externaltools.gnu-tools-for-stm32.13.3.rel1.win32_1.0.0.202411081344/tools/bin/../lib/gcc/arm-none-eabi/13.3.1/../../../../arm-none-eabi/lib/thumb/v8-m.main+fp/hard\libc_nano.a(libc_a-findfp.o)
 .text.__sfp_lock_acquire
                0x08018200        0xc C:/ST/STM32CubeIDE_1.18.1/STM32CubeIDE/plugins/com.st.stm32cube.ide.mcu.externaltools.gnu-tools-for-stm32.13.3.rel1.win32_1.0.0.202411081344/tools/bin/../lib/gcc/arm-none-eabi/13.3.1/../../../../arm-none-eabi/lib/thumb/v8-m.main+fp/hard\libc_nano.a(libc_a-findfp.o)
                0x08018200                __sfp_lock_acquire
 .text.__sfp_lock_release
                0x0801820c        0xc C:/ST/STM32CubeIDE_1.18.1/STM32CubeIDE/plugins/com.st.stm32cube.ide.mcu.externaltools.gnu-tools-for-stm32.13.3.rel1.win32_1.0.0.202411081344/tools/bin/../lib/gcc/arm-none-eabi/13.3.1/../../../../arm-none-eabi/lib/thumb/v8-m.main+fp/hard\libc_nano.a(libc_a-findfp.o)
                0x0801820c                __sfp_lock_release
 .text.__sinit  0x08018218       0x30 C:/ST/STM32CubeIDE_1.18.1/STM32CubeIDE/plugins/com.st.stm32cube.ide.mcu.externaltools.gnu-tools-for-stm32.13.3.rel1.win32_1.0.0.202411081344/tools/bin/../lib/gcc/arm-none-eabi/13.3.1/../../../../arm-none-eabi/lib/thumb/v8-m.main+fp/hard\libc_nano.a(libc_a-findfp.o)
                0x08018218                __sinit
 .text._fwalk_sglue
                0x08018248       0x3c C:/ST/STM32CubeIDE_1.18.1/STM32CubeIDE/plugins/com.st.stm32cube.ide.mcu.externaltools.gnu-tools-for-stm32.13.3.rel1.win32_1.0.0.202411081344/tools/bin/../lib/gcc/arm-none-eabi/13.3.1/../../../../arm-none-eabi/lib/thumb/v8-m.main+fp/hard\libc_nano.a(libc_a-fwalk.o)
                0x08018248                _fwalk_sglue
 .text.sprintf  0x08018284       0x44 C:/ST/STM32CubeIDE_1.18.1/STM32CubeIDE/plugins/com.st.stm32cube.ide.mcu.externaltools.gnu-tools-for-stm32.13.3.rel1.win32_1.0.0.202411081344/tools/bin/../lib/gcc/arm-none-eabi/13.3.1/../../../../arm-none-eabi/lib/thumb/v8-m.main+fp/hard\libc_nano.a(libc_a-sprintf.o)
                0x08018284                siprintf
                0x08018284                sprintf
 .text.sscanf   0x080182c8       0x58 C:/ST/STM32CubeIDE_1.18.1/STM32CubeIDE/plugins/com.st.stm32cube.ide.mcu.externaltools.gnu-tools-for-stm32.13.3.rel1.win32_1.0.0.202411081344/tools/bin/../lib/gcc/arm-none-eabi/13.3.1/../../../../arm-none-eabi/lib/thumb/v8-m.main+fp/hard\libc_nano.a(libc_a-sscanf.o)
                0x080182c8                siscanf
                0x080182c8                sscanf
 .text.__sread  0x08018320       0x22 C:/ST/STM32CubeIDE_1.18.1/STM32CubeIDE/plugins/com.st.stm32cube.ide.mcu.externaltools.gnu-tools-for-stm32.13.3.rel1.win32_1.0.0.202411081344/tools/bin/../lib/gcc/arm-none-eabi/13.3.1/../../../../arm-none-eabi/lib/thumb/v8-m.main+fp/hard\libc_nano.a(libc_a-stdio.o)
                0x08018320                __sread
 .text.__seofread
                0x08018342        0x4 C:/ST/STM32CubeIDE_1.18.1/STM32CubeIDE/plugins/com.st.stm32cube.ide.mcu.externaltools.gnu-tools-for-stm32.13.3.rel1.win32_1.0.0.202411081344/tools/bin/../lib/gcc/arm-none-eabi/13.3.1/../../../../arm-none-eabi/lib/thumb/v8-m.main+fp/hard\libc_nano.a(libc_a-stdio.o)
                0x08018342                __seofread
 .text.__swrite
                0x08018346       0x38 C:/ST/STM32CubeIDE_1.18.1/STM32CubeIDE/plugins/com.st.stm32cube.ide.mcu.externaltools.gnu-tools-for-stm32.13.3.rel1.win32_1.0.0.202411081344/tools/bin/../lib/gcc/arm-none-eabi/13.3.1/../../../../arm-none-eabi/lib/thumb/v8-m.main+fp/hard\libc_nano.a(libc_a-stdio.o)
                0x08018346                __swrite
 .text.__sseek  0x0801837e       0x24 C:/ST/STM32CubeIDE_1.18.1/STM32CubeIDE/plugins/com.st.stm32cube.ide.mcu.externaltools.gnu-tools-for-stm32.13.3.rel1.win32_1.0.0.202411081344/tools/bin/../lib/gcc/arm-none-eabi/13.3.1/../../../../arm-none-eabi/lib/thumb/v8-m.main+fp/hard\libc_nano.a(libc_a-stdio.o)
                0x0801837e                __sseek
 .text.__sclose
                0x080183a2        0x8 C:/ST/STM32CubeIDE_1.18.1/STM32CubeIDE/plugins/com.st.stm32cube.ide.mcu.externaltools.gnu-tools-for-stm32.13.3.rel1.win32_1.0.0.202411081344/tools/bin/../lib/gcc/arm-none-eabi/13.3.1/../../../../arm-none-eabi/lib/thumb/v8-m.main+fp/hard\libc_nano.a(libc_a-stdio.o)
                0x080183a2                __sclose
 .text._vsnprintf_r
                0x080183aa       0x5c C:/ST/STM32CubeIDE_1.18.1/STM32CubeIDE/plugins/com.st.stm32cube.ide.mcu.externaltools.gnu-tools-for-stm32.13.3.rel1.win32_1.0.0.202411081344/tools/bin/../lib/gcc/arm-none-eabi/13.3.1/../../../../arm-none-eabi/lib/thumb/v8-m.main+fp/hard\libc_nano.a(libc_a-vsnprintf.o)
                0x080183aa                _vsniprintf_r
                0x080183aa                _vsnprintf_r
 *fill*         0x08018406        0x2 
 .text.vsnprintf
                0x08018408       0x1c C:/ST/STM32CubeIDE_1.18.1/STM32CubeIDE/plugins/com.st.stm32cube.ide.mcu.externaltools.gnu-tools-for-stm32.13.3.rel1.win32_1.0.0.202411081344/tools/bin/../lib/gcc/arm-none-eabi/13.3.1/../../../../arm-none-eabi/lib/thumb/v8-m.main+fp/hard\libc_nano.a(libc_a-vsnprintf.o)
                0x08018408                vsniprintf
                0x08018408                vsnprintf
 .text.memset   0x08018424       0x10 C:/ST/STM32CubeIDE_1.18.1/STM32CubeIDE/plugins/com.st.stm32cube.ide.mcu.externaltools.gnu-tools-for-stm32.13.3.rel1.win32_1.0.0.202411081344/tools/bin/../lib/gcc/arm-none-eabi/13.3.1/../../../../arm-none-eabi/lib/thumb/v8-m.main+fp/hard\libc_nano.a(libc_a-memset.o)
                0x08018424                memset
 .text.strncmp  0x08018434       0x24 C:/ST/STM32CubeIDE_1.18.1/STM32CubeIDE/plugins/com.st.stm32cube.ide.mcu.externaltools.gnu-tools-for-stm32.13.3.rel1.win32_1.0.0.202411081344/tools/bin/../lib/gcc/arm-none-eabi/13.3.1/../../../../arm-none-eabi/lib/thumb/v8-m.main+fp/hard\libc_nano.a(libc_a-strncmp.o)
                0x08018434                strncmp
 .text.strtok   0x08018458       0x68 C:/ST/STM32CubeIDE_1.18.1/STM32CubeIDE/plugins/com.st.stm32cube.ide.mcu.externaltools.gnu-tools-for-stm32.13.3.rel1.win32_1.0.0.202411081344/tools/bin/../lib/gcc/arm-none-eabi/13.3.1/../../../../arm-none-eabi/lib/thumb/v8-m.main+fp/hard\libc_nano.a(libc_a-strtok.o)
                0x08018458                strtok
 .text.__strtok_r
                0x080184c0       0x50 C:/ST/STM32CubeIDE_1.18.1/STM32CubeIDE/plugins/com.st.stm32cube.ide.mcu.externaltools.gnu-tools-for-stm32.13.3.rel1.win32_1.0.0.202411081344/tools/bin/../lib/gcc/arm-none-eabi/13.3.1/../../../../arm-none-eabi/lib/thumb/v8-m.main+fp/hard\libc_nano.a(libc_a-strtok_r.o)
                0x080184c0                __strtok_r
 .text._localeconv_r
                0x08018510        0x8 C:/ST/STM32CubeIDE_1.18.1/STM32CubeIDE/plugins/com.st.stm32cube.ide.mcu.externaltools.gnu-tools-for-stm32.13.3.rel1.win32_1.0.0.202411081344/tools/bin/../lib/gcc/arm-none-eabi/13.3.1/../../../../arm-none-eabi/lib/thumb/v8-m.main+fp/hard\libc_nano.a(libc_a-localeconv.o)
                0x08018510                _localeconv_r
 .text._close_r
                0x08018518       0x20 C:/ST/STM32CubeIDE_1.18.1/STM32CubeIDE/plugins/com.st.stm32cube.ide.mcu.externaltools.gnu-tools-for-stm32.13.3.rel1.win32_1.0.0.202411081344/tools/bin/../lib/gcc/arm-none-eabi/13.3.1/../../../../arm-none-eabi/lib/thumb/v8-m.main+fp/hard\libc_nano.a(libc_a-closer.o)
                0x08018518                _close_r
 .text._lseek_r
                0x08018538       0x24 C:/ST/STM32CubeIDE_1.18.1/STM32CubeIDE/plugins/com.st.stm32cube.ide.mcu.externaltools.gnu-tools-for-stm32.13.3.rel1.win32_1.0.0.202411081344/tools/bin/../lib/gcc/arm-none-eabi/13.3.1/../../../../arm-none-eabi/lib/thumb/v8-m.main+fp/hard\libc_nano.a(libc_a-lseekr.o)
                0x08018538                _lseek_r
 .text._read_r  0x0801855c       0x24 C:/ST/STM32CubeIDE_1.18.1/STM32CubeIDE/plugins/com.st.stm32cube.ide.mcu.externaltools.gnu-tools-for-stm32.13.3.rel1.win32_1.0.0.202411081344/tools/bin/../lib/gcc/arm-none-eabi/13.3.1/../../../../arm-none-eabi/lib/thumb/v8-m.main+fp/hard\libc_nano.a(libc_a-readr.o)
                0x0801855c                _read_r
 .text._write_r
                0x08018580       0x24 C:/ST/STM32CubeIDE_1.18.1/STM32CubeIDE/plugins/com.st.stm32cube.ide.mcu.externaltools.gnu-tools-for-stm32.13.3.rel1.win32_1.0.0.202411081344/tools/bin/../lib/gcc/arm-none-eabi/13.3.1/../../../../arm-none-eabi/lib/thumb/v8-m.main+fp/hard\libc_nano.a(libc_a-writer.o)
                0x08018580                _write_r
 .text.__errno  0x080185a4        0xc C:/ST/STM32CubeIDE_1.18.1/STM32CubeIDE/plugins/com.st.stm32cube.ide.mcu.externaltools.gnu-tools-for-stm32.13.3.rel1.win32_1.0.0.202411081344/tools/bin/../lib/gcc/arm-none-eabi/13.3.1/../../../../arm-none-eabi/lib/thumb/v8-m.main+fp/hard\libc_nano.a(libc_a-errno.o)
                0x080185a4                __errno
 .text.__libc_init_array
                0x080185b0       0x48 C:/ST/STM32CubeIDE_1.18.1/STM32CubeIDE/plugins/com.st.stm32cube.ide.mcu.externaltools.gnu-tools-for-stm32.13.3.rel1.win32_1.0.0.202411081344/tools/bin/../lib/gcc/arm-none-eabi/13.3.1/../../../../arm-none-eabi/lib/thumb/v8-m.main+fp/hard\libc_nano.a(libc_a-init.o)
                0x080185b0                __libc_init_array
 .text.__retarget_lock_init_recursive
                0x080185f8        0x2 C:/ST/STM32CubeIDE_1.18.1/STM32CubeIDE/plugins/com.st.stm32cube.ide.mcu.externaltools.gnu-tools-for-stm32.13.3.rel1.win32_1.0.0.202411081344/tools/bin/../lib/gcc/arm-none-eabi/13.3.1/../../../../arm-none-eabi/lib/thumb/v8-m.main+fp/hard\libc_nano.a(libc_a-lock.o)
                0x080185f8                __retarget_lock_init_recursive
 .text.__retarget_lock_acquire_recursive
                0x080185fa        0x2 C:/ST/STM32CubeIDE_1.18.1/STM32CubeIDE/plugins/com.st.stm32cube.ide.mcu.externaltools.gnu-tools-for-stm32.13.3.rel1.win32_1.0.0.202411081344/tools/bin/../lib/gcc/arm-none-eabi/13.3.1/../../../../arm-none-eabi/lib/thumb/v8-m.main+fp/hard\libc_nano.a(libc_a-lock.o)
                0x080185fa                __retarget_lock_acquire_recursive
 .text.__retarget_lock_release_recursive
                0x080185fc        0x2 C:/ST/STM32CubeIDE_1.18.1/STM32CubeIDE/plugins/com.st.stm32cube.ide.mcu.externaltools.gnu-tools-for-stm32.13.3.rel1.win32_1.0.0.202411081344/tools/bin/../lib/gcc/arm-none-eabi/13.3.1/../../../../arm-none-eabi/lib/thumb/v8-m.main+fp/hard\libc_nano.a(libc_a-lock.o)
                0x080185fc                __retarget_lock_release_recursive
 .text.memchr   0x080185fe       0x1c C:/ST/STM32CubeIDE_1.18.1/STM32CubeIDE/plugins/com.st.stm32cube.ide.mcu.externaltools.gnu-tools-for-stm32.13.3.rel1.win32_1.0.0.202411081344/tools/bin/../lib/gcc/arm-none-eabi/13.3.1/../../../../arm-none-eabi/lib/thumb/v8-m.main+fp/hard\libc_nano.a(libc_a-memchr-stub.o)
                0x080185fe                memchr
 .text.memcpy   0x0801861a       0x1a C:/ST/STM32CubeIDE_1.18.1/STM32CubeIDE/plugins/com.st.stm32cube.ide.mcu.externaltools.gnu-tools-for-stm32.13.3.rel1.win32_1.0.0.202411081344/tools/bin/../lib/gcc/arm-none-eabi/13.3.1/../../../../arm-none-eabi/lib/thumb/v8-m.main+fp/hard\libc_nano.a(libc_a-memcpy-stub.o)
                0x0801861a                memcpy
 *fill*         0x08018634        0x4 
 .text.nan      0x08018638       0x10 C:/ST/STM32CubeIDE_1.18.1/STM32CubeIDE/plugins/com.st.stm32cube.ide.mcu.externaltools.gnu-tools-for-stm32.13.3.rel1.win32_1.0.0.202411081344/tools/bin/../lib/gcc/arm-none-eabi/13.3.1/../../../../arm-none-eabi/lib/thumb/v8-m.main+fp/hard\libc_nano.a(libm_a-s_nan.o)
                0x08018638                nan
 .text.nanf     0x08018648        0xc C:/ST/STM32CubeIDE_1.18.1/STM32CubeIDE/plugins/com.st.stm32cube.ide.mcu.externaltools.gnu-tools-for-stm32.13.3.rel1.win32_1.0.0.202411081344/tools/bin/../lib/gcc/arm-none-eabi/13.3.1/../../../../arm-none-eabi/lib/thumb/v8-m.main+fp/hard\libc_nano.a(libm_a-sf_nan.o)
                0x08018648                nanf
 .text.__assert_func
                0x08018654       0x3c C:/ST/STM32CubeIDE_1.18.1/STM32CubeIDE/plugins/com.st.stm32cube.ide.mcu.externaltools.gnu-tools-for-stm32.13.3.rel1.win32_1.0.0.202411081344/tools/bin/../lib/gcc/arm-none-eabi/13.3.1/../../../../arm-none-eabi/lib/thumb/v8-m.main+fp/hard\libc_nano.a(libc_a-assert.o)
                0x08018654                __assert_func
 .text.quorem   0x08018690      0x11a C:/ST/STM32CubeIDE_1.18.1/STM32CubeIDE/plugins/com.st.stm32cube.ide.mcu.externaltools.gnu-tools-for-stm32.13.3.rel1.win32_1.0.0.202411081344/tools/bin/../lib/gcc/arm-none-eabi/13.3.1/../../../../arm-none-eabi/lib/thumb/v8-m.main+fp/hard\libc_nano.a(libc_a-dtoa.o)
 *fill*         0x080187aa        0x6 
 .text._dtoa_r  0x080187b0      0xba4 C:/ST/STM32CubeIDE_1.18.1/STM32CubeIDE/plugins/com.st.stm32cube.ide.mcu.externaltools.gnu-tools-for-stm32.13.3.rel1.win32_1.0.0.202411081344/tools/bin/../lib/gcc/arm-none-eabi/13.3.1/../../../../arm-none-eabi/lib/thumb/v8-m.main+fp/hard\libc_nano.a(libc_a-dtoa.o)
                0x080187b0                _dtoa_r
 .text._free_r  0x08019354       0x94 C:/ST/STM32CubeIDE_1.18.1/STM32CubeIDE/plugins/com.st.stm32cube.ide.mcu.externaltools.gnu-tools-for-stm32.13.3.rel1.win32_1.0.0.202411081344/tools/bin/../lib/gcc/arm-none-eabi/13.3.1/../../../../arm-none-eabi/lib/thumb/v8-m.main+fp/hard\libc_nano.a(libc_a-freer.o)
                0x08019354                _free_r
 .text.rshift   0x080193e8       0xa2 C:/ST/STM32CubeIDE_1.18.1/STM32CubeIDE/plugins/com.st.stm32cube.ide.mcu.externaltools.gnu-tools-for-stm32.13.3.rel1.win32_1.0.0.202411081344/tools/bin/../lib/gcc/arm-none-eabi/13.3.1/../../../../arm-none-eabi/lib/thumb/v8-m.main+fp/hard\libc_nano.a(libc_a-gdtoa-gethex.o)
 .text.__hexdig_fun
                0x0801948a       0x2a C:/ST/STM32CubeIDE_1.18.1/STM32CubeIDE/plugins/com.st.stm32cube.ide.mcu.externaltools.gnu-tools-for-stm32.13.3.rel1.win32_1.0.0.202411081344/tools/bin/../lib/gcc/arm-none-eabi/13.3.1/../../../../arm-none-eabi/lib/thumb/v8-m.main+fp/hard\libc_nano.a(libc_a-gdtoa-gethex.o)
                0x0801948a                __hexdig_fun
 .text.__gethex
                0x080194b4      0x41c C:/ST/STM32CubeIDE_1.18.1/STM32CubeIDE/plugins/com.st.stm32cube.ide.mcu.externaltools.gnu-tools-for-stm32.13.3.rel1.win32_1.0.0.202411081344/tools/bin/../lib/gcc/arm-none-eabi/13.3.1/../../../../arm-none-eabi/lib/thumb/v8-m.main+fp/hard\libc_nano.a(libc_a-gdtoa-gethex.o)
                0x080194b4                __gethex
 .text.L_shift  0x080198d0       0x24 C:/ST/STM32CubeIDE_1.18.1/STM32CubeIDE/plugins/com.st.stm32cube.ide.mcu.externaltools.gnu-tools-for-stm32.13.3.rel1.win32_1.0.0.202411081344/tools/bin/../lib/gcc/arm-none-eabi/13.3.1/../../../../arm-none-eabi/lib/thumb/v8-m.main+fp/hard\libc_nano.a(libc_a-gdtoa-hexnan.o)
 .text.__match  0x080198f4       0x28 C:/ST/STM32CubeIDE_1.18.1/STM32CubeIDE/plugins/com.st.stm32cube.ide.mcu.externaltools.gnu-tools-for-stm32.13.3.rel1.win32_1.0.0.202411081344/tools/bin/../lib/gcc/arm-none-eabi/13.3.1/../../../../arm-none-eabi/lib/thumb/v8-m.main+fp/hard\libc_nano.a(libc_a-gdtoa-hexnan.o)
                0x080198f4                __match
 .text.__hexnan
                0x0801991c      0x136 C:/ST/STM32CubeIDE_1.18.1/STM32CubeIDE/plugins/com.st.stm32cube.ide.mcu.externaltools.gnu-tools-for-stm32.13.3.rel1.win32_1.0.0.202411081344/tools/bin/../lib/gcc/arm-none-eabi/13.3.1/../../../../arm-none-eabi/lib/thumb/v8-m.main+fp/hard\libc_nano.a(libc_a-gdtoa-hexnan.o)
                0x0801991c                __hexnan
 *fill*         0x08019a52        0x2 
 .text.malloc   0x08019a54       0x10 C:/ST/STM32CubeIDE_1.18.1/STM32CubeIDE/plugins/com.st.stm32cube.ide.mcu.externaltools.gnu-tools-for-stm32.13.3.rel1.win32_1.0.0.202411081344/tools/bin/../lib/gcc/arm-none-eabi/13.3.1/../../../../arm-none-eabi/lib/thumb/v8-m.main+fp/hard\libc_nano.a(libc_a-malloc.o)
                0x08019a54                malloc
 .text.sbrk_aligned
                0x08019a64       0x44 C:/ST/STM32CubeIDE_1.18.1/STM32CubeIDE/plugins/com.st.stm32cube.ide.mcu.externaltools.gnu-tools-for-stm32.13.3.rel1.win32_1.0.0.202411081344/tools/bin/../lib/gcc/arm-none-eabi/13.3.1/../../../../arm-none-eabi/lib/thumb/v8-m.main+fp/hard\libc_nano.a(libc_a-mallocr.o)
 .text._malloc_r
                0x08019aa8      0x100 C:/ST/STM32CubeIDE_1.18.1/STM32CubeIDE/plugins/com.st.stm32cube.ide.mcu.externaltools.gnu-tools-for-stm32.13.3.rel1.win32_1.0.0.202411081344/tools/bin/../lib/gcc/arm-none-eabi/13.3.1/../../../../arm-none-eabi/lib/thumb/v8-m.main+fp/hard\libc_nano.a(libc_a-mallocr.o)
                0x08019aa8                _malloc_r
 .text.__ascii_mbtowc
                0x08019ba8       0x24 C:/ST/STM32CubeIDE_1.18.1/STM32CubeIDE/plugins/com.st.stm32cube.ide.mcu.externaltools.gnu-tools-for-stm32.13.3.rel1.win32_1.0.0.202411081344/tools/bin/../lib/gcc/arm-none-eabi/13.3.1/../../../../arm-none-eabi/lib/thumb/v8-m.main+fp/hard\libc_nano.a(libc_a-mbtowc_r.o)
                0x08019ba8                __ascii_mbtowc
 .text.__malloc_lock
                0x08019bcc        0xc C:/ST/STM32CubeIDE_1.18.1/STM32CubeIDE/plugins/com.st.stm32cube.ide.mcu.externaltools.gnu-tools-for-stm32.13.3.rel1.win32_1.0.0.202411081344/tools/bin/../lib/gcc/arm-none-eabi/13.3.1/../../../../arm-none-eabi/lib/thumb/v8-m.main+fp/hard\libc_nano.a(libc_a-mlock.o)
                0x08019bcc                __malloc_lock
 .text.__malloc_unlock
                0x08019bd8        0xc C:/ST/STM32CubeIDE_1.18.1/STM32CubeIDE/plugins/com.st.stm32cube.ide.mcu.externaltools.gnu-tools-for-stm32.13.3.rel1.win32_1.0.0.202411081344/tools/bin/../lib/gcc/arm-none-eabi/13.3.1/../../../../arm-none-eabi/lib/thumb/v8-m.main+fp/hard\libc_nano.a(libc_a-mlock.o)
                0x08019bd8                __malloc_unlock
 .text._Balloc  0x08019be4       0x80 C:/ST/STM32CubeIDE_1.18.1/STM32CubeIDE/plugins/com.st.stm32cube.ide.mcu.externaltools.gnu-tools-for-stm32.13.3.rel1.win32_1.0.0.202411081344/tools/bin/../lib/gcc/arm-none-eabi/13.3.1/../../../../arm-none-eabi/lib/thumb/v8-m.main+fp/hard\libc_nano.a(libc_a-mprec.o)
                0x08019be4                _Balloc
 .text._Bfree   0x08019c64       0x44 C:/ST/STM32CubeIDE_1.18.1/STM32CubeIDE/plugins/com.st.stm32cube.ide.mcu.externaltools.gnu-tools-for-stm32.13.3.rel1.win32_1.0.0.202411081344/tools/bin/../lib/gcc/arm-none-eabi/13.3.1/../../../../arm-none-eabi/lib/thumb/v8-m.main+fp/hard\libc_nano.a(libc_a-mprec.o)
                0x08019c64                _Bfree
 .text.__multadd
                0x08019ca8       0x90 C:/ST/STM32CubeIDE_1.18.1/STM32CubeIDE/plugins/com.st.stm32cube.ide.mcu.externaltools.gnu-tools-for-stm32.13.3.rel1.win32_1.0.0.202411081344/tools/bin/../lib/gcc/arm-none-eabi/13.3.1/../../../../arm-none-eabi/lib/thumb/v8-m.main+fp/hard\libc_nano.a(libc_a-mprec.o)
                0x08019ca8                __multadd
 .text.__s2b    0x08019d38       0x94 C:/ST/STM32CubeIDE_1.18.1/STM32CubeIDE/plugins/com.st.stm32cube.ide.mcu.externaltools.gnu-tools-for-stm32.13.3.rel1.win32_1.0.0.202411081344/tools/bin/../lib/gcc/arm-none-eabi/13.3.1/../../../../arm-none-eabi/lib/thumb/v8-m.main+fp/hard\libc_nano.a(libc_a-mprec.o)
                0x08019d38                __s2b
 .text.__hi0bits
                0x08019dcc       0x3e C:/ST/STM32CubeIDE_1.18.1/STM32CubeIDE/plugins/com.st.stm32cube.ide.mcu.externaltools.gnu-tools-for-stm32.13.3.rel1.win32_1.0.0.202411081344/tools/bin/../lib/gcc/arm-none-eabi/13.3.1/../../../../arm-none-eabi/lib/thumb/v8-m.main+fp/hard\libc_nano.a(libc_a-mprec.o)
                0x08019dcc                __hi0bits
 .text.__lo0bits
                0x08019e0a       0x5a C:/ST/STM32CubeIDE_1.18.1/STM32CubeIDE/plugins/com.st.stm32cube.ide.mcu.externaltools.gnu-tools-for-stm32.13.3.rel1.win32_1.0.0.202411081344/tools/bin/../lib/gcc/arm-none-eabi/13.3.1/../../../../arm-none-eabi/lib/thumb/v8-m.main+fp/hard\libc_nano.a(libc_a-mprec.o)
                0x08019e0a                __lo0bits
 .text.__i2b    0x08019e64       0x2c C:/ST/STM32CubeIDE_1.18.1/STM32CubeIDE/plugins/com.st.stm32cube.ide.mcu.externaltools.gnu-tools-for-stm32.13.3.rel1.win32_1.0.0.202411081344/tools/bin/../lib/gcc/arm-none-eabi/13.3.1/../../../../arm-none-eabi/lib/thumb/v8-m.main+fp/hard\libc_nano.a(libc_a-mprec.o)
                0x08019e64                __i2b
 .text.__multiply
                0x08019e90      0x148 C:/ST/STM32CubeIDE_1.18.1/STM32CubeIDE/plugins/com.st.stm32cube.ide.mcu.externaltools.gnu-tools-for-stm32.13.3.rel1.win32_1.0.0.202411081344/tools/bin/../lib/gcc/arm-none-eabi/13.3.1/../../../../arm-none-eabi/lib/thumb/v8-m.main+fp/hard\libc_nano.a(libc_a-mprec.o)
                0x08019e90                __multiply
 .text.__pow5mult
                0x08019fd8       0xb4 C:/ST/STM32CubeIDE_1.18.1/STM32CubeIDE/plugins/com.st.stm32cube.ide.mcu.externaltools.gnu-tools-for-stm32.13.3.rel1.win32_1.0.0.202411081344/tools/bin/../lib/gcc/arm-none-eabi/13.3.1/../../../../arm-none-eabi/lib/thumb/v8-m.main+fp/hard\libc_nano.a(libc_a-mprec.o)
                0x08019fd8                __pow5mult
 .text.__lshift
                0x0801a08c       0xd8 C:/ST/STM32CubeIDE_1.18.1/STM32CubeIDE/plugins/com.st.stm32cube.ide.mcu.externaltools.gnu-tools-for-stm32.13.3.rel1.win32_1.0.0.202411081344/tools/bin/../lib/gcc/arm-none-eabi/13.3.1/../../../../arm-none-eabi/lib/thumb/v8-m.main+fp/hard\libc_nano.a(libc_a-mprec.o)
                0x0801a08c                __lshift
 .text.__mcmp   0x0801a164       0x36 C:/ST/STM32CubeIDE_1.18.1/STM32CubeIDE/plugins/com.st.stm32cube.ide.mcu.externaltools.gnu-tools-for-stm32.13.3.rel1.win32_1.0.0.202411081344/tools/bin/../lib/gcc/arm-none-eabi/13.3.1/../../../../arm-none-eabi/lib/thumb/v8-m.main+fp/hard\libc_nano.a(libc_a-mprec.o)
                0x0801a164                __mcmp
 *fill*         0x0801a19a        0x2 
 .text.__mdiff  0x0801a19c      0x130 C:/ST/STM32CubeIDE_1.18.1/STM32CubeIDE/plugins/com.st.stm32cube.ide.mcu.externaltools.gnu-tools-for-stm32.13.3.rel1.win32_1.0.0.202411081344/tools/bin/../lib/gcc/arm-none-eabi/13.3.1/../../../../arm-none-eabi/lib/thumb/v8-m.main+fp/hard\libc_nano.a(libc_a-mprec.o)
                0x0801a19c                __mdiff
 .text.__ulp    0x0801a2cc       0x4c C:/ST/STM32CubeIDE_1.18.1/STM32CubeIDE/plugins/com.st.stm32cube.ide.mcu.externaltools.gnu-tools-for-stm32.13.3.rel1.win32_1.0.0.202411081344/tools/bin/../lib/gcc/arm-none-eabi/13.3.1/../../../../arm-none-eabi/lib/thumb/v8-m.main+fp/hard\libc_nano.a(libc_a-mprec.o)
                0x0801a2cc                __ulp
 .text.__b2d    0x0801a318       0x9c C:/ST/STM32CubeIDE_1.18.1/STM32CubeIDE/plugins/com.st.stm32cube.ide.mcu.externaltools.gnu-tools-for-stm32.13.3.rel1.win32_1.0.0.202411081344/tools/bin/../lib/gcc/arm-none-eabi/13.3.1/../../../../arm-none-eabi/lib/thumb/v8-m.main+fp/hard\libc_nano.a(libc_a-mprec.o)
                0x0801a318                __b2d
 .text.__d2b    0x0801a3b4       0xb0 C:/ST/STM32CubeIDE_1.18.1/STM32CubeIDE/plugins/com.st.stm32cube.ide.mcu.externaltools.gnu-tools-for-stm32.13.3.rel1.win32_1.0.0.202411081344/tools/bin/../lib/gcc/arm-none-eabi/13.3.1/../../../../arm-none-eabi/lib/thumb/v8-m.main+fp/hard\libc_nano.a(libc_a-mprec.o)
                0x0801a3b4                __d2b