Archive member included to satisfy reference by file (symbol)

C:/ST/STM32CubeIDE_1.18.1/STM32CubeIDE/plugins/com.st.stm32cube.ide.mcu.externaltools.gnu-tools-for-stm32.13.3.rel1.win32_1.0.0.202411081344/tools/bin/../lib/gcc/arm-none-eabi/13.3.1/../../../../arm-none-eabi/lib/thumb/v8-m.main+fp/hard\libc_nano.a(libc_a-atof.o)
                              ./Core/Src/mission.o (atof)
C:/ST/STM32CubeIDE_1.18.1/STM32CubeIDE/plugins/com.st.stm32cube.ide.mcu.externaltools.gnu-tools-for-stm32.13.3.rel1.win32_1.0.0.202411081344/tools/bin/../lib/gcc/arm-none-eabi/13.3.1/../../../../arm-none-eabi/lib/thumb/v8-m.main+fp/hard\libc_nano.a(libc_a-exit.o)
                              C:/ST/STM32CubeIDE_1.18.1/STM32CubeIDE/plugins/com.st.stm32cube.ide.mcu.externaltools.gnu-tools-for-stm32.13.3.rel1.win32_1.0.0.202411081344/tools/bin/../lib/gcc/arm-none-eabi/13.3.1/../../../../arm-none-eabi/lib/thumb/v8-m.main+fp/hard/crt0.o (exit)
C:/ST/STM32CubeIDE_1.18.1/STM32CubeIDE/plugins/com.st.stm32cube.ide.mcu.externaltools.gnu-tools-for-stm32.13.3.rel1.win32_1.0.0.202411081344/tools/bin/../lib/gcc/arm-none-eabi/13.3.1/../../../../arm-none-eabi/lib/thumb/v8-m.main+fp/hard\libc_nano.a(libc_a-strtod.o)
                              C:/ST/STM32CubeIDE_1.18.1/STM32CubeIDE/plugins/com.st.stm32cube.ide.mcu.externaltools.gnu-tools-for-stm32.13.3.rel1.win32_1.0.0.202411081344/tools/bin/../lib/gcc/arm-none-eabi/13.3.1/../../../../arm-none-eabi/lib/thumb/v8-m.main+fp/hard\libc_nano.a(libc_a-atof.o) (strtod)
C:/ST/STM32CubeIDE_1.18.1/STM32CubeIDE/plugins/com.st.stm32cube.ide.mcu.externaltools.gnu-tools-for-stm32.13.3.rel1.win32_1.0.0.202411081344/tools/bin/../lib/gcc/arm-none-eabi/13.3.1/../../../../arm-none-eabi/lib/thumb/v8-m.main+fp/hard\libc_nano.a(libc_a-nano-vfprintf_float.o)
                              (_printf_float)
C:/ST/STM32CubeIDE_1.18.1/STM32CubeIDE/plugins/com.st.stm32cube.ide.mcu.externaltools.gnu-tools-for-stm32.13.3.rel1.win32_1.0.0.202411081344/tools/bin/../lib/gcc/arm-none-eabi/13.3.1/../../../../arm-none-eabi/lib/thumb/v8-m.main+fp/hard\libc_nano.a(libc_a-nano-vfprintf_i.o)
                              C:/ST/STM32CubeIDE_1.18.1/STM32CubeIDE/plugins/com.st.stm32cube.ide.mcu.externaltools.gnu-tools-for-stm32.13.3.rel1.win32_1.0.0.202411081344/tools/bin/../lib/gcc/arm-none-eabi/13.3.1/../../../../arm-none-eabi/lib/thumb/v8-m.main+fp/hard\libc_nano.a(libc_a-nano-vfprintf_float.o) (_printf_common)
C:/ST/STM32CubeIDE_1.18.1/STM32CubeIDE/plugins/com.st.stm32cube.ide.mcu.externaltools.gnu-tools-for-stm32.13.3.rel1.win32_1.0.0.202411081344/tools/bin/../lib/gcc/arm-none-eabi/13.3.1/../../../../arm-none-eabi/lib/thumb/v8-m.main+fp/hard\libc_nano.a(libc_a-nano-vfscanf_float.o)
                              (_scanf_float)
C:/ST/STM32CubeIDE_1.18.1/STM32CubeIDE/plugins/com.st.stm32cube.ide.mcu.externaltools.gnu-tools-for-stm32.13.3.rel1.win32_1.0.0.202411081344/tools/bin/../lib/gcc/arm-none-eabi/13.3.1/../../../../arm-none-eabi/lib/thumb/v8-m.main+fp/hard\libc_nano.a(libc_a-findfp.o)
                              C:/ST/STM32CubeIDE_1.18.1/STM32CubeIDE/plugins/com.st.stm32cube.ide.mcu.externaltools.gnu-tools-for-stm32.13.3.rel1.win32_1.0.0.202411081344/tools/bin/../lib/gcc/arm-none-eabi/13.3.1/../../../../arm-none-eabi/lib/thumb/v8-m.main+fp/hard\libc_nano.a(libc_a-exit.o) (__stdio_exit_handler)
C:/ST/STM32CubeIDE_1.18.1/STM32CubeIDE/plugins/com.st.stm32cube.ide.mcu.externaltools.gnu-tools-for-stm32.13.3.rel1.win32_1.0.0.202411081344/tools/bin/../lib/gcc/arm-none-eabi/13.3.1/../../../../arm-none-eabi/lib/thumb/v8-m.main+fp/hard\libc_nano.a(libc_a-fwalk.o)
                              C:/ST/STM32CubeIDE_1.18.1/STM32CubeIDE/plugins/com.st.stm32cube.ide.mcu.externaltools.gnu-tools-for-stm32.13.3.rel1.win32_1.0.0.202411081344/tools/bin/../lib/gcc/arm-none-eabi/13.3.1/../../../../arm-none-eabi/lib/thumb/v8-m.main+fp/hard\libc_nano.a(libc_a-findfp.o) (_fwalk_sglue)
C:/ST/STM32CubeIDE_1.18.1/STM32CubeIDE/plugins/com.st.stm32cube.ide.mcu.externaltools.gnu-tools-for-stm32.13.3.rel1.win32_1.0.0.202411081344/tools/bin/../lib/gcc/arm-none-eabi/13.3.1/../../../../arm-none-eabi/lib/thumb/v8-m.main+fp/hard\libc_nano.a(libc_a-sprintf.o)
                              ./Core/Src/uart_cmd.o (sprintf)
C:/ST/STM32CubeIDE_1.18.1/STM32CubeIDE/plugins/com.st.stm32cube.ide.mcu.externaltools.gnu-tools-for-stm32.13.3.rel1.win32_1.0.0.202411081344/tools/bin/../lib/gcc/arm-none-eabi/13.3.1/../../../../arm-none-eabi/lib/thumb/v8-m.main+fp/hard\libc_nano.a(libc_a-sscanf.o)
                              ./Core/Src/uart_cmd.o (sscanf)
C:/ST/STM32CubeIDE_1.18.1/STM32CubeIDE/plugins/com.st.stm32cube.ide.mcu.externaltools.gnu-tools-for-stm32.13.3.rel1.win32_1.0.0.202411081344/tools/bin/../lib/gcc/arm-none-eabi/13.3.1/../../../../arm-none-eabi/lib/thumb/v8-m.main+fp/hard\libc_nano.a(libc_a-stdio.o)
[...]
Memory Configuration

Name             Origin             Length             Attributes
RAM              0x20000000         0x000a0000         xrw
FLASH            0x08000000         0x00100000         xr
*default*        0x00000000         0xffffffff

Linker script and memory map

LOAD C:/ST/STM32CubeIDE_1.18.1/STM32CubeIDE/plugins/com.st.stm32cube.ide.mcu.externaltools.gnu-tools-for-stm32.13.3.rel1.win32_1.0.0.202411081344/tools/bin/../lib/gcc/arm-none-eabi/13.3.1/thumb/v8-m.main+fp/hard/crti.o
LOAD C:/ST/STM32CubeIDE_1.18.1/STM32CubeIDE/plugins/com.st.stm32cube.ide.mcu.externaltools.gnu-tools-for-stm32.13.3.rel1.win32_1.0.0.202411081344/tools/bin/../lib/gcc/arm-none-eabi/13.3.1/thumb/v8-m.main+fp/hard/crtbegin.o
LOAD C:/ST/STM32CubeIDE_1.18.1/STM32CubeIDE/plugins/com.st.stm32cube.ide.mcu.externaltools.gnu-tools-for-stm32.13.3.rel1.win32_1.0.0.202411081344/tools/bin/../lib/gcc/arm-none-eabi/13.3.1/../../../../arm-none-eabi/lib/thumb/v8-m.main+fp/hard/crt0.o
LOAD ./Core/Src/dsp310.o
LOAD ./Core/Src/dwt.o
LOAD ./Core/Src/gps.o
LOAD ./Core/Src/icm20602.o
LOAD ./Core/Src/ina219.o
LOAD ./Core/Src/ist8310.o
LOAD ./Core/Src/kalman.o
LOAD ./Core/Src/kalman_gps.o
LOAD ./Core/Src/kalman_position.o
LOAD ./Core/Src/main.o
LOAD ./Core/Src/mission.o
LOAD ./Core/Src/mtf01.o
LOAD ./Core/Src/nrf.o
LOAD ./Core/Src/pid_controller.o
LOAD ./Core/Src/pos_hold.o
LOAD ./Core/Src/qmc5883.o
LOAD ./Core/Src/serial.o
LOAD ./Core/Src/stm32h5xx_hal_msp.o
LOAD ./Core/Src/stm32h5xx_it.o
LOAD ./Core/Src/syscalls.o
LOAD ./Core/Src/sysmem.o
LOAD ./Core/Src/system_stm32h5xx.o
LOAD ./Core/Src/tof.o
LOAD ./Core/Src/types.o
LOAD ./Core/Src/uart_cmd.o
LOAD ./Core/Startup/startup_stm32h562rgtx.o
LOAD ./Drivers/STM32H5xx_HAL_Driver/Src/stm32h5xx_hal.o
LOAD ./Drivers/STM32H5xx_HAL_Driver/Src/stm32h5xx_hal_cortex.o
LOAD ./Drivers/STM32H5xx_HAL_Driver/Src/stm32h5xx_hal_dma.o
LOAD ./Drivers/STM32H5xx_HAL_Driver/Src/stm32h5xx_hal_dma_ex.o
LOAD ./Drivers/STM32H5xx_HAL_Driver/Src/stm32h5xx_hal_exti.o
LOAD ./Drivers/STM32H5xx_HAL_Driver/Src/stm32h5xx_hal_flash.o
LOAD ./Drivers/STM32H5xx_HAL_Driver/Src/stm32h5xx_hal_flash_ex.o
LOAD ./Drivers/STM32H5xx_HAL_Driver/Src/stm32h5xx_hal_gpio.o
LOAD ./Drivers/STM32H5xx_HAL_Driver/Src/stm32h5xx_hal_i2c.o
LOAD ./Drivers/STM32H5xx_HAL_Driver/Src/stm32h5xx_hal_i2c_ex.o
LOAD ./Drivers/STM32H5xx_HAL_Driver/Src/stm32h5xx_hal_icache.o
LOAD ./Drivers/STM32H5xx_HAL_Driver/Src/stm32h5xx_hal_pwr.o
LOAD ./Drivers/STM32H5xx_HAL_Driver/Src/stm32h5xx_hal_pwr_ex.o
LOAD ./Drivers/STM32H5xx_HAL_Driver/Src/stm32h5xx_hal_rcc.o
LOAD ./Drivers/STM32H5xx_HAL_Driver/Src/stm32h5xx_hal_rcc_ex.o
LOAD ./Drivers/STM32H5xx_HAL_Driver/Src/stm32h5xx_hal_spi.o
LOAD ./Drivers/STM32H5xx_HAL_Driver/Src/stm32h5xx_hal_spi_ex.o
LOAD ./Drivers/STM32H5xx_HAL_Driver/Src/stm32h5xx_hal_tim.o
LOAD ./Drivers/STM32H5xx_HAL_Driver/Src/stm32h5xx_hal_tim_ex.o
LOAD ./Drivers/STM32H5xx_HAL_Driver/Src/stm32h5xx_hal_uart.o
LOAD ./Drivers/STM32H5xx_HAL_Driver/Src/stm32h5xx_hal_uart_ex.o
START GROUP
LOAD C:/ST/STM32CubeIDE_1.18.1/STM32CubeIDE/plugins/com.st.stm32cube.ide.mcu.externaltools.gnu-tools-for-stm32.13.3.rel1.win32_1.0.0.202411081344/tools/bin/../lib/gcc/arm-none-eabi/13.3.1/../../../../arm-none-eabi/lib/thumb/v8-m.main+fp/hard\libc_nano.a
LOAD C:/ST/STM32CubeIDE_1.18.1/STM32CubeIDE/plugins/com.st.stm32cube.ide.mcu.externaltools.gnu-tools-for-stm32.13.3.rel1.win32_1.0.0.202411081344/tools/bin/../lib/gcc/arm-none-eabi/13.3.1/../../../../arm-none-eabi/lib/thumb/v8-m.main+fp/hard\libm.a
END GROUP
START GROUP
LOAD C:/ST/STM32CubeIDE_1.18.1/STM32CubeIDE/plugins/com.st.stm32cube.ide.mcu.externaltools.gnu-tools-for-stm32.13.3.rel1.win32_1.0.0.202411081344/tools/bin/../lib/gcc/arm-none-eabi/13.3.1/thumb/v8-m.main+fp/hard\libgcc.a
LOAD C:/ST/STM32CubeIDE_1.18.1/STM32CubeIDE/plugins/com.st.stm32cube.ide.mcu.externaltools.gnu-tools-for-stm32.13.3.rel1.win32_1.0.0.202411081344/tools/bin/../lib/gcc/arm-none-eabi/13.3.1/../../../../arm-none-eabi/lib/thumb/v8-m.main+fp/hard\libc_nano.a
END GROUP
START GROUP
LOAD C:/ST/STM32CubeIDE_1.18.1/STM32CubeIDE/plugins/com.st.stm32cube.ide.mcu.externaltools.gnu-tools-for-stm32.13.3.rel1.win32_1.0.0.202411081344/tools/bin/../lib/gcc/arm-none-eabi/13.3.1/thumb/v8-m.main+fp/hard\libgcc.a
LOAD C:/ST/STM32CubeIDE_1.18.1/STM32CubeIDE/plugins/com.st.stm32cube.ide.mcu.externaltools.gnu-tools-for-stm32.13.3.rel1.win32_1.0.0.202411081344/tools/bin/../lib/gcc/arm-none-eabi/13.3.1/../../../../arm-none-eabi/lib/thumb/v8-m.main+fp/hard\libc_nano.a
LOAD C:/ST/STM32CubeIDE_1.18.1/STM32CubeIDE/plugins/com.st.stm32cube.ide.mcu.externaltools.gnu-tools-for-stm32.13.3.rel1.win32_1.0.0.202411081344/tools/bin/../lib/gcc/arm-none-eabi/13.3.1/../../../../arm-none-eabi/lib/thumb/v8-m.main+fp/hard\libnosys.a
END GROUP
START GROUP
LOAD C:/ST/STM32CubeIDE_1.18.1/STM32CubeIDE/plugins/com.st.stm32cube.ide.mcu.externaltools.gnu-tools-for-stm32.13.3.rel1.win32_1.0.0.202411081344/tools/bin/../lib/gcc/arm-none-eabi/13.3.1/thumb/v8-m.main+fp/hard\libgcc.a
LOAD C:/ST/STM32CubeIDE_1.18.1/STM32CubeIDE/plugins/com.st.stm32cube.ide.mcu.externaltools.gnu-tools-for-stm32.13.3.rel1.win32_1.0.0.202411081344/tools/bin/../lib/gcc/arm-none-eabi/13.3.1/../../../../arm-none-eabi/lib/thumb/v8-m.main+fp/hard\libc_nano.a
LOAD C:/ST/STM32CubeIDE_1.18.1/STM32CubeIDE/plugins/com.st.stm32cube.ide.mcu.externaltools.gnu-tools-for-stm32.13.3.rel1.win32_1.0.0.202411081344/tools/bin/../lib/gcc/arm-none-eabi/13.3.1/../../../../arm-none-eabi/lib/thumb/v8-m.main+fp/hard\libnosys.a
END GROUP
LOAD C:/ST/STM32CubeIDE_1.18.1/STM32CubeIDE/plugins/com.st.stm32cube.ide.mcu.externaltools.gnu-tools-for-stm32.13.3.rel1.win32_1.0.0.202411081344/tools/bin/../lib/gcc/arm-none-eabi/13.3.1/thumb/v8-m.main+fp/hard/crtend.o
LOAD C:/ST/STM32CubeIDE_1.18.1/STM32CubeIDE/plugins/com.st.stm32cube.ide.mcu.externaltools.gnu-tools-for-stm32.13.3.rel1.win32_1.0.0.202411081344/tools/bin/../lib/gcc/arm-none-eabi/13.3.1/thumb/v8-m.main+fp/hard/crtn.o
                0x200a0000                        _estack = (ORIGIN (RAM) + LENGTH (RAM))
                0x00000200                        _Min_Heap_Size = 0x200
                0x00000400                        _Min_Stack_Size = 0x400

.isr_vector     0x08000000      0x24c
                0x08000000                        . = ALIGN (0x4)
 *(.isr_vector)
 .isr_vector    0x08000000      0x24c ./Core/Startup/startup_stm32h562rgtx.o
                0x08000000                g_pfnVectors
                0x0800024c                        . = ALIGN (0x4)

.text           0x08000250    0x1c850
                0x08000250                        . = ALIGN (0x4)
 *(.text)
 .text          0x08000250       0x40 C:/ST/STM32CubeIDE_1.18.1/STM32CubeIDE/plugins/com.st.stm32cube.ide.mcu.externaltools.gnu-tools-for-stm32.13.3.rel1.win32_1.0.0.202411081344/tools/bin/../lib/gcc/arm-none-eabi/13.3.1/thumb/v8-m.main+fp/hard/crtbegin.o
 .text          0x08000290       0x10 C:/ST/STM32CubeIDE_1.18.1/STM32CubeIDE/plugins/com.st.stm32cube.ide.mcu.externaltools.gnu-tools-for-stm32.13.3.rel1.win32_1.0.0.202411081344/tools/bin/../lib/gcc/arm-none-eabi/13.3.1/../../../../arm-none-eabi/lib/thumb/v8-m.main+fp/hard\libc_nano.a(libc_a-strlen.o)
                0x08000290                strlen
 .text          0x080002a0      0x378 C:/ST/STM32CubeIDE_1.18.1/STM32CubeIDE/plugins/com.st.stm32cube.ide.mcu.externaltools.gnu-tools-for-stm32.13.3.rel1.win32_1.0.0.202411081344/tools/bin/../lib/gcc/arm-none-eabi/13.3.1/thumb/v8-m.main+fp/hard\libgcc.a(_arm_addsubdf3.o)
                0x080002a0                __aeabi_drsub
                0x080002a8                __aeabi_dsub
                0x080002a8                __subdf3
                0x080002ac                __aeabi_dadd
                0x080002ac                __adddf3
                0x08000524                __floatunsidf
                0x08000524                __aeabi_ui2d
                0x08000544                __floatsidf
                0x08000544                __aeabi_i2d
                0x08000568                __aeabi_f2d
                0x08000568                __extendsfdf2
                0x080005ac                __floatundidf
                0x080005ac                __aeabi_ul2d
                0x080005bc                __floatdidf
                0x080005bc                __aeabi_l2d
 .text          0x08000618      0x424 C:/ST/STM32CubeIDE_1.18.1/STM32CubeIDE/plugins/com.st.stm32cube.ide.mcu.externaltools.gnu-tools-for-stm32.13.3.rel1.win32_1.0.0.202411081344/tools/bin/../lib/gcc/arm-none-eabi/13.3.1/thumb/v8-m.main+fp/hard\libgcc.a(_arm_muldivdf3.o)
                0x08000618                __aeabi_dmul
                0x08000618                __muldf3
                0x0800086c                __divdf3
                0x0800086c                __aeabi_ddiv
 .text          0x08000a3c      0x110 C:/ST/STM32CubeIDE_1.18.1/STM32CubeIDE/plugins/com.st.stm32cube.ide.mcu.externaltools.gnu-tools-for-stm32.13.3.rel1.win32_1.0.0.202411081344/tools/bin/../lib/gcc/arm-none-eabi/13.3.1/thumb/v8-m.main+fp/hard\libgcc.a(_arm_cmpdf2.o)
                0x08000a3c                __gtdf2
                0x08000a3c                __gedf2
                0x08000a44                __ltdf2
                0x08000a44                __ledf2
                0x08000a4c                __nedf2
                0x08000a4c                __eqdf2
                0x08000a4c                __cmpdf2
                0x08000ac8                __aeabi_cdrcmple
                0x08000ad8                __aeabi_cdcmpeq
                0x08000ad8                __aeabi_cdcmple
                0x08000ae8                __aeabi_dcmpeq
                0x08000afc                __aeabi_dcmplt
                0x08000b10                __aeabi_dcmple
                0x08000b24                __aeabi_dcmpge
                0x08000b38                __aeabi_dcmpgt
 .text          0x08000b4c       0x2c C:/ST/STM32CubeIDE_1.18.1/STM32CubeIDE/plugins/com.st.stm32cube.ide.mcu.externaltools.gnu-tools-for-stm32.13.3.rel1.win32_1.0.0.202411081344/tools/bin/../lib/gcc/arm-none-eabi/13.3.1/thumb/v8-m.main+fp/hard\libgcc.a(_arm_unorddf2.o)
                0x08000b4c                __unorddf2
                0x08000b4c                __aeabi_dcmpun
 .text          0x08000b78       0x50 C:/ST/STM32CubeIDE_1.18.1/STM32CubeIDE/plugins/com.st.stm32cube.ide.mcu.externaltools.gnu-tools-for-stm32.13.3.rel1.win32_1.0.0.202411081344/tools/bin/../lib/gcc/arm-none-eabi/13.3.1/thumb/v8-m.main+fp/hard\libgcc.a(_arm_fixdfsi.o)
                0x08000b78                __aeabi_d2iz
                0x08000b78                __fixdfsi
 .text          0x08000bc8       0x40 C:/ST/STM32CubeIDE_1.18.1/STM32CubeIDE/plugins/com.st.stm32cube.ide.mcu.externaltools.gnu-tools-for-stm32.13.3.rel1.win32_1.0.0.202411081344/tools/bin/../lib/gcc/arm-none-eabi/13.3.1/thumb/v8-m.main+fp/hard\libgcc.a(_arm_fixunsdfsi.o)
                0x08000bc8                __aeabi_d2uiz
                0x08000bc8                __fixunsdfsi
 .text          0x08000c08       0xa0 C:/ST/STM32CubeIDE_1.18.1/STM32CubeIDE/plugins/com.st.stm32cube.ide.mcu.externaltools.gnu-tools-for-stm32.13.3.rel1.win32_1.0.0.202411081344/tools/bin/../lib/gcc/arm-none-eabi/13.3.1/thumb/v8-m.main+fp/hard\libgcc.a(_arm_truncdfsf2.o)
                0x08000c08                __truncdfsf2
                0x08000c08                __aeabi_d2f
 .text          0x08000ca8       0x30 C:/ST/STM32CubeIDE_1.18.1/STM32CubeIDE/plugins/com.st.stm32cube.ide.mcu.externaltools.gnu-tools-for-stm32.13.3.rel1.win32_1.0.0.202411081344/tools/bin/../lib/gcc/arm-none-eabi/13.3.1/thumb/v8-m.main+fp/hard\libgcc.a(_aeabi_uldivmod.o)
                0x08000ca8                __aeabi_uldivmod
 .text          0x08000cd8       0x30 C:/ST/STM32CubeIDE_1.18.1/STM32CubeIDE/plugins/com.st.stm32cube.ide.mcu.externaltools.gnu-tools-for-stm32.13.3.rel1.win32_1.0.0.202411081344/tools/bin/../lib/gcc/arm-none-eabi/13.3.1/thumb/v8-m.main+fp/hard\libgcc.a(_fixdfdi.o)
                0x08000cd8                __fixdfdi
                0x08000cd8                __aeabi_d2lz
 .text          0x08000d08       0x3c C:/ST/STM32CubeIDE_1.18.1/STM32CubeIDE/plugins/com.st.stm32cube.ide.mcu.externaltools.gnu-tools-for-stm32.13.3.rel1.win32_1.0.0.202411081344/tools/bin/../lib/gcc/arm-none-eabi/13.3.1/thumb/v8-m.main+fp/hard\libgcc.a(_fixunsdfdi.o)
                0x08000d08                __fixunsdfdi
                0x08000d08                __aeabi_d2ulz
 .text          0x08000d44      0x348 C:/ST/STM32CubeIDE_1.18.1/STM32CubeIDE/plugins/com.st.stm32cube.ide.mcu.externaltools.gnu-tools-for-stm32.13.3.rel1.win32_1.0.0.202411081344/tools/bin/../lib/gcc/arm-none-eabi/13.3.1/thumb/v8-m.main+fp/hard\libgcc.a(_udivmoddi4.o)
                0x08000d44                __udivmoddi4
 .text          0x0800108c        0x4 C:/ST/STM32CubeIDE_1.18.1/STM32CubeIDE/plugins/com.st.stm32cube.ide.mcu.externaltools.gnu-tools-for-stm32.13.3.rel1.win32_1.0.0.202411081344/tools/bin/../lib/gcc/arm-none-eabi/13.3.1/thumb/v8-m.main+fp/hard\libgcc.a(_dvmd_tls.o)
                0x0800108c                __aeabi_idiv0
                0x0800108c                __aeabi_ldiv0
 *(.text*)
 .text.DSP310_WriteReg
                0x08001090       0x34 ./Core/Src/dsp310.o
 .text.DSP310_ReadReg
                0x080010c4       0x38 ./Core/Src/dsp310.o
 .text.DSP310_CalibCoefficient
                0x080010fc      0x1de ./Core/Src/dsp310.o
 .text.DSP310_Init
                0x080012da       0xc0 ./Core/Src/dsp310.o
                0x080012da                DSP310_Init
 *fill*         0x0800139a        0x2 
 .text.DSP310_Read
                0x0800139c      0x20c ./Core/Src/dsp310.o
                0x0800139c                DSP310_Read
 .text.DWT_Init
                0x080015a8       0x5c ./Core/Src/dwt.o
                0x080015a8                DWT_Init
 .text.DWT_GetMicros
                0x08001604       0x24 ./Core/Src/dwt.o
                0x08001604                DWT_GetMicros
 .text.GPS_Init_DMA
                0x08001628       0x3c ./Core/Src/gps.o
                0x08001628                GPS_Init_DMA
 .text.GPS_UART_RxEventCallback
                0x08001664       0x6c ./Core/Src/gps.o
                0x08001664                GPS_UART_RxEventCallback
 .text.HAL_UART_ErrorCallback
                0x080016d0       0x3c ./Core/Src/gps.o
                0x080016d0                HAL_UART_ErrorCallback
 .text.UBX_U16  0x0800170c       0x2c ./Core/Src/gps.o
 .text.UBX_U32  0x08001738       0x38 ./Core/Src/gps.o
 .text.UBX_I32  0x08001770       0x18 ./Core/Src/gps.o
 .text.UBX_Checksum
                0x08001788       0x5a ./Core/Src/gps.o
 *fill*         0x080017e2        0x6 
 .text.GPS_UBX_ParseByte
                0x080017e8      0x3b0 ./Core/Src/gps.o
 .text.GPS_Process
                0x08001b98       0x54 ./Core/Src/gps.o
                0x08001b98                GPS_Process
 .text.ICM20602_WriteReg
                0x08001bec       0x58 ./Core/Src/icm20602.o
                0x08001bec                ICM20602_WriteReg
 .text.ICM20602_ReadRegs
                0x08001c44       0x7c ./Core/Src/icm20602.o
                0x08001c44                ICM20602_ReadRegs
 .text.ICM20602_Read
                0x08001cc0      0x158 ./Core/Src/icm20602.o
                0x08001cc0                ICM20602_Read
 .text.ICM20602_Init
                0x08001e18       0x4c ./Core/Src/icm20602.o
                0x08001e18                ICM20602_Init
 .text.INA219_Init
                0x08001e64       0x42 ./Core/Src/ina219.o
                0x08001e64                INA219_Init
 *fill*         0x08001ea6        0x2 
 .text.INA219_Read
                0x08001ea8       0x68 ./Core/Src/ina219.o
                0x08001ea8                INA219_Read
 .text.Kalman1D_Compute
                0x08001f10       0xc4 ./Core/Src/kalman.o
                0x08001f10                Kalman1D_Compute
 .text.Kalman2D_Init
                0x08001fd4       0x48 ./Core/Src/kalman.o
                0x08001fd4                Kalman2D_Init
 .text.KalmanAxis_Init
                0x0800201c       0x44 ./Core/Src/kalman.o
                0x0800201c                KalmanAxis_Init
 .text.Kalman4D_Init
                0x08002060       0x94 ./Core/Src/kalman.o
                0x08002060                Kalman4D_Init
 .text.Kalman4D_Predict
                0x080020f4      0x554 ./Core/Src/kalman.o
                0x080020f4                Kalman4D_Predict
 .text.Kalman4D_Update
                0x08002648      0x3cc ./Core/Src/kalman.o
                0x08002648                Kalman4D_Update
 .text.KalmanGPS_Init
                0x08002a14       0x94 ./Core/Src/kalman_gps.o
                0x08002a14                KalmanGPS_Init
 .text.KalmanGPS_Predict
                0x08002aa8      0x3a8 ./Core/Src/kalman_gps.o
                0x08002aa8                KalmanGPS_Predict
 .text.KalmanGPS_Update
                0x08002e50      0x368 ./Core/Src/kalman_gps.o
                0x08002e50                KalmanGPS_Update
 .text.KalmanPos_Init
                0x080031b8       0x62 ./Core/Src/kalman_position.o
                0x080031b8                KalmanPos_Init
 *fill*         0x0800321a        0x2 
 .text.HAL_UART_RxCpltCallback
                0x0800321c       0x40 ./Core/Src/main.o
                0x0800321c                HAL_UART_RxCpltCallback
 .text.HAL_UARTEx_RxEventCallback
                0x0800325c       0x58 ./Core/Src/main.o
                0x0800325c                HAL_UARTEx_RxEventCallback
 .text.HAL_TIM_PeriodElapsedCallback
                0x080032b4       0x2c ./Core/Src/main.o
                0x080032b4                HAL_TIM_PeriodElapsedCallback
 .text.map      0x080032e0       0x38 ./Core/Src/main.o
                0x080032e0                map
 .text.constrain
                0x08003318       0x52 ./Core/Src/main.o
                0x08003318                constrain
 *fill*         0x0800336a        0x2 
 .text.writeMotor
                0x0800336c       0x84 ./Core/Src/main.o
                0x0800336c                writeMotor
 .text.Failsafe_Task
                0x080033f0       0x78 ./Core/Src/main.o
                0x080033f0                Failsafe_Task
 .text.RxController
                0x08003468      0x16c ./Core/Src/main.o
                0x08003468                RxController
 .text.readIMU  0x080035d4       0xd4 ./Core/Src/main.o
                0x080035d4                readIMU
 .text.computeHeading
                0x080036a8      0x150 ./Core/Src/main.o
 .text.readHeading
                0x080037f8       0x70 ./Core/Src/main.o
                0x080037f8                readHeading
 .text.calculateAngle
                0x08003868      0x5b8 ./Core/Src/main.o
                0x08003868                calculateAngle
 .text.Estimate_Position_GPS_Kalman
                0x08003e20      0x4cc ./Core/Src/main.o
                0x08003e20                Estimate_Position_GPS_Kalman
 *fill*         0x080042ec        0x4 
 .text.GPS_PositionHold
                0x080042f0      0x444 ./Core/Src/main.o
                0x080042f0                GPS_PositionHold
 .text.calculatePIDAngle
                0x08004734      0x240 ./Core/Src/main.o
                0x08004734                calculatePIDAngle
 .text.calcualatePIDRate
                0x08004974      0x1c4 ./Core/Src/main.o
                0x08004974                calcualatePIDRate
 .text.mixer    0x08004b38      0x1a0 ./Core/Src/main.o
                0x08004b38                mixer
 .text.PID_Task
                0x08004cd8       0x48 ./Core/Src/main.o
                0x08004cd8                PID_Task
 .text.calibIMU
                0x08004d20       0x64 ./Core/Src/main.o
                0x08004d20                calibIMU
 .text.DSP_CalibrationAltitude
                0x08004d84       0x68 ./Core/Src/main.o
                0x08004d84                DSP_CalibrationAltitude
 .text.main     0x08004dec      0x6cc ./Core/Src/main.o
                0x08004dec                main
 .text.SystemClock_Config
                0x080054b8       0xf0 ./Core/Src/main.o
                0x080054b8                SystemClock_Config
 .text.MX_GPDMA1_Init
                0x080055a8       0x50 ./Core/Src/main.o
 .text.MX_I2C1_Init
                0x080055f8       0x80 ./Core/Src/main.o
 .text.MX_I2C2_Init
                0x08005678       0x80 ./Core/Src/main.o
 .text.MX_ICACHE_Init
                0x080056f8       0x16 ./Core/Src/main.o
 *fill*         0x0800570e        0x2 
 .text.MX_SPI1_Init
                0x08005710       0xac ./Core/Src/main.o
 .text.MX_SPI2_Init
                0x080057bc       0xac ./Core/Src/main.o
 .text.MX_TIM3_Init
                0x08005868      0x134 ./Core/Src/main.o
 .text.MX_TIM6_Init
                0x0800599c       0x6c ./Core/Src/main.o
 .text.MX_UART4_Init
                0x08005a08       0x98 ./Core/Src/main.o
 .text.MX_UART7_Init
                0x08005aa0       0x98 ./Core/Src/main.o
 .text.MX_USART1_UART_Init
                0x08005b38       0x98 ./Core/Src/main.o
 .text.MX_USART2_UART_Init
                0x08005bd0       0x98 ./Core/Src/main.o
 .text.MX_GPIO_Init
                0x08005c68      0x188 ./Core/Src/main.o
 .text.Error_Handler
                0x08005df0        0xc ./Core/Src/main.o
                0x08005df0                Error_Handler
 .text.Mission_Init
                0x08005dfc       0x3c ./Core/Src/mission.o
                0x08005dfc                Mission_Init
 .text.Mission_ProcessLine
                0x08005e38      0x13c ./Core/Src/mission.o
 .text.Mission_ParseChunk
                0x08005f74       0x80 ./Core/Src/mission.o
                0x08005f74                Mission_ParseChunk
 .text.Mission_GetCount
                0x08005ff4       0x18 ./Core/Src/mission.o
                0x08005ff4                Mission_GetCount
 .text.Mission_GetWaypoint
                0x0800600c       0x7c ./Core/Src/mission.o
                0x0800600c                Mission_GetWaypoint
 .text.Mission_IsReady
                0x08006088       0x18 ./Core/Src/mission.o
                0x08006088                Mission_IsReady
 .text.micolink_check_sum
                0x080060a0       0x78 ./Core/Src/mtf01.o
                0x080060a0                micolink_check_sum
 .text.micolink_parse_char
                0x08006118      0x18c ./Core/Src/mtf01.o
                0x08006118                micolink_parse_char
 .text.MTF01_Init
                0x080062a4       0x2c ./Core/Src/mtf01.o
                0x080062a4                MTF01_Init
 .text.MTF01_Process
                0x080062d0       0x48 ./Core/Src/mtf01.o
                0x080062d0                MTF01_Process
 .text.MTF01_Update
                0x08006318      0x128 ./Core/Src/mtf01.o
                0x08006318                MTF01_Update
 .text.NRF24_Activate
                0x08006440       0x44 ./Core/Src/nrf.o
 .text.NRF24_ReadReg
                0x08006484       0x50 ./Core/Src/nrf.o
                0x08006484                NRF24_ReadReg
 .text.NRF24_WriteReg
                0x080064d4       0x58 ./Core/Src/nrf.o
                0x080064d4                NRF24_WriteReg
 .text.NRF24_WriteBuf
                0x0800652c       0x6c ./Core/Src/nrf.o
                0x0800652c                NRF24_WriteBuf
 .text.NRF24_FlushRX
                0x08006598       0x40 ./Core/Src/nrf.o
                0x08006598                NRF24_FlushRX
 .text.NRF24_FlushTX
                0x080065d8       0x40 ./Core/Src/nrf.o
                0x080065d8                NRF24_FlushTX
 .text.NRF24_OpenReadingPipe
                0x08006618       0x7c ./Core/Src/nrf.o
                0x08006618                NRF24_OpenReadingPipe
 .text.NRF24_StartListening
                0x08006694       0x50 ./Core/Src/nrf.o
                0x08006694                NRF24_StartListening
 .text.NRF24_Init
                0x080066e4       0x78 ./Core/Src/nrf.o
                0x080066e4                NRF24_Init
 .text.NRF24_Available
                0x0800675c       0x20 ./Core/Src/nrf.o
                0x0800675c                NRF24_Available
 .text.NRF24_GetDynamicPayloadSize
                0x0800677c       0x54 ./Core/Src/nrf.o
                0x0800677c                NRF24_GetDynamicPayloadSize
 .text.NRF24_Read
                0x080067d0       0x7c ./Core/Src/nrf.o
                0x080067d0                NRF24_Read
 .text.NRF24_WriteAckPayload
                0x0800684c       0x80 ./Core/Src/nrf.o
                0x0800684c                NRF24_WriteAckPayload
 .text.constrainFloat
                0x080068cc       0x52 ./Core/Src/pid_controller.o
 .text.PID_SetIntegralLimits
                0x0800691e       0x28 ./Core/Src/pid_controller.o
                0x0800691e                PID_SetIntegralLimits
 *fill*         0x08006946        0x2 
 .text.PID_Init
                0x08006948       0x68 ./Core/Src/pid_controller.o
                0x08006948                PID_Init
 .text.PID_Calculate
                0x080069b0      0x120 ./Core/Src/pid_controller.o
                0x080069b0                PID_Calculate
 .text.PID_Reset
                0x08006ad0       0x2c ./Core/Src/pid_controller.o
                0x08006ad0                PID_Reset
 .text.PID_SetGain
                0x08006afc       0x32 ./Core/Src/pid_controller.o
                0x08006afc                PID_SetGain
 *fill*         0x08006b2e        0x2 
 .text.QMC5883_CalibHardIron
                0x08006b30       0xb0 ./Core/Src/qmc5883.o
                0x08006b30                QMC5883_CalibHardIron
 .text.QMC5883_Init
                0x08006be0       0xd2 ./Core/Src/qmc5883.o
                0x08006be0                QMC5883_Init
 *fill*         0x08006cb2        0x6 
 .text.QMC5883_Read
                0x08006cb8      0x140 ./Core/Src/qmc5883.o
                0x08006cb8                QMC5883_Read
 .text.Serial_printf
                0x08006df8       0x4a ./Core/Src/serial.o
                0x08006df8                Serial_printf
 .text.HAL_MspInit
                0x08006e42        0xe ./Core/Src/stm32h5xx_hal_msp.o
                0x08006e42                HAL_MspInit
 .text.HAL_I2C_MspInit
                0x08006e50      0x1f4 ./Core/Src/stm32h5xx_hal_msp.o
                0x08006e50                HAL_I2C_MspInit
 .text.HAL_SPI_MspInit
                0x08007044      0x220 ./Core/Src/stm32h5xx_hal_msp.o
                0x08007044                HAL_SPI_MspInit
 .text.HAL_TIM_Base_MspInit
                0x08007264       0x80 ./Core/Src/stm32h5xx_hal_msp.o
                0x08007264                HAL_TIM_Base_MspInit
 .text.HAL_TIM_MspPostInit
                0x080072e4       0xb8 ./Core/Src/stm32h5xx_hal_msp.o
                0x080072e4                HAL_TIM_MspPostInit
 .text.HAL_UART_MspInit
                0x0800739c      0x520 ./Core/Src/stm32h5xx_hal_msp.o
                0x0800739c                HAL_UART_MspInit
 .text.NMI_Handler
                0x080078bc        0x8 ./Core/Src/stm32h5xx_it.o
                0x080078bc                NMI_Handler
 .text.HardFault_Handler
                0x080078c4        0x8 ./Core/Src/stm32h5xx_it.o
                0x080078c4                HardFault_Handler
 .text.MemManage_Handler
                0x080078cc        0x8 ./Core/Src/stm32h5xx_it.o
                0x080078cc                MemManage_Handler
 .text.BusFault_Handler
                0x080078d4        0x8 ./Core/Src/stm32h5xx_it.o
                0x080078d4                BusFault_Handler
 .text.UsageFault_Handler
                0x080078dc        0x8 ./Core/Src/stm32h5xx_it.o
                0x080078dc                UsageFault_Handler
 .text.SVC_Handler
                0x080078e4        0xe ./Core/Src/stm32h5xx_it.o
                0x080078e4                SVC_Handler
 .text.DebugMon_Handler
                0x080078f2        0xe ./Core/Src/stm32h5xx_it.o
                0x080078f2                DebugMon_Handler
 .text.PendSV_Handler
                0x08007900        0xe ./Core/Src/stm32h5xx_it.o
                0x08007900                PendSV_Handler
 .text.SysTick_Handler
                0x0800790e        0xc ./Core/Src/stm32h5xx_it.o
                0x0800790e                SysTick_Handler
 *fill*         0x0800791a        0x2 
 .text.GPDMA1_Channel0_IRQHandler
                0x0800791c       0x14 ./Core/Src/stm32h5xx_it.o
                0x0800791c                GPDMA1_Channel0_IRQHandler
 .text.GPDMA1_Channel1_IRQHandler
                0x08007930       0x14 ./Core/Src/stm32h5xx_it.o
                0x08007930                GPDMA1_Channel1_IRQHandler
 .text.TIM6_IRQHandler
                0x08007944       0x14 ./Core/Src/stm32h5xx_it.o
                0x08007944                TIM6_IRQHandler
 .text.USART1_IRQHandler
                0x08007958       0x14 ./Core/Src/stm32h5xx_it.o
                0x08007958                USART1_IRQHandler
 .text.USART2_IRQHandler
                0x0800796c       0x14 ./Core/Src/stm32h5xx_it.o
                0x0800796c                USART2_IRQHandler
 .text.UART4_IRQHandler
                0x08007980       0x14 ./Core/Src/stm32h5xx_it.o
                0x08007980                UART4_IRQHandler
 .text.UART7_IRQHandler
                0x08007994       0x14 ./Core/Src/stm32h5xx_it.o
                0x08007994                UART7_IRQHandler
 .text._getpid  0x080079a8       0x10 ./Core/Src/syscalls.o
                0x080079a8                _getpid
 .text._kill    0x080079b8       0x20 ./Core/Src/syscalls.o
                0x080079b8                _kill
 .text._exit    0x080079d8       0x16 ./Core/Src/syscalls.o
                0x080079d8                _exit
 .text._read    0x080079ee       0x3a ./Core/Src/syscalls.o
                0x080079ee                _read
 .text._write   0x08007a28       0x38 ./Core/Src/syscalls.o
                0x08007a28                _write
 .text._close   0x08007a60       0x18 ./Core/Src/syscalls.o
                0x08007a60                _close
 .text._fstat   0x08007a78       0x20 ./Core/Src/syscalls.o
                0x08007a78                _fstat
 .text._isatty  0x08007a98       0x16 ./Core/Src/syscalls.o
                0x08007a98                _isatty
 .text._lseek   0x08007aae       0x1a ./Core/Src/syscalls.o
                0x08007aae                _lseek
 .text._sbrk    0x08007ac8       0x6c ./Core/Src/sysmem.o
                0x08007ac8                _sbrk
 .text.SystemInit
                0x08007b34       0xf8 ./Core/Src/system_stm32h5xx.o
                0x08007b34                SystemInit
 .text.ParseCommand
                0x08007c2c      0x220 ./Core/Src/uart_cmd.o
 .text.UART_CMD_Process
                0x08007e4c       0x68 ./Core/Src/uart_cmd.o
                0x08007e4c                UART_CMD_Process
 .text.Reset_Handler
                0x08007eb4       0x50 ./Core/Startup/startup_stm32h562rgtx.o
                0x08007eb4                Reset_Handler
 .text.Default_Handler
                0x08007f04        0x2 ./Core/Startup/startup_stm32h562rgtx.o
                0x08007f04                EXTI2_IRQHandler
                0x08007f04                TIM8_TRG_COM_IRQHandler
                0x08007f04                TIM8_CC_IRQHandler
                0x08007f04                EXTI5_IRQHandler
                0x08007f04                I3C1_ER_IRQHandler
                0x08007f04                UART8_IRQHandler
                0x08007f04                SPI4_IRQHandler
                0x08007f04                GPDMA2_Channel1_IRQHandler
                0x08007f04                FLASH_S_IRQHandler
                0x08007f04                EXTI13_IRQHandler
                0x08007f04                TIM1_CC_IRQHandler
                0x08007f04                GPDMA2_Channel3_IRQHandler
                0x08007f04                TAMP_IRQHandler
                0x08007f04                EXTI12_IRQHandler
                0x08007f04                CORDIC_IRQHandler
                0x08007f04                USB_DRD_FS_IRQHandler
                0x08007f04                EXTI3_IRQHandler
                0x08007f04                LPTIM4_IRQHandler
                0x08007f04                GPDMA1_Channel5_IRQHandler
                0x08007f04                EXTI8_IRQHandler
                0x08007f04                GPDMA2_Channel5_IRQHandler
                0x08007f04                LPTIM2_IRQHandler
                0x08007f04                I2C3_ER_IRQHandler
                0x08007f04                GPDMA2_Channel2_IRQHandler
                0x08007f04                USART10_IRQHandler
                0x08007f04                LPTIM3_IRQHandler
                0x08007f04                EXTI0_IRQHandler
                0x08007f04                I2C2_EV_IRQHandler
                0x08007f04                FPU_IRQHandler
                0x08007f04                GPDMA1_Channel3_IRQHandler
                0x08007f04                GPDMA1_Channel7_IRQHandler
                0x08007f04                FDCAN1_IT1_IRQHandler
                0x08007f04                RAMCFG_IRQHandler
                0x08007f04                DCACHE1_IRQHandler
                0x08007f04                SPI1_IRQHandler
                0x08007f04                OCTOSPI1_IRQHandler
                0x08007f04                GPDMA1_Channel2_IRQHandler
                0x08007f04                TIM8_UP_IRQHandler
                0x08007f04                RCC_S_IRQHandler
                0x08007f04                SAI2_IRQHandler
                0x08007f04                ADC1_IRQHandler
                0x08007f04                USART6_IRQHandler
                0x08007f04                EXTI15_IRQHandler
                0x08007f04                TIM17_IRQHandler
                0x08007f04                USART3_IRQHandler
                0x08007f04                RTC_IRQHandler
                0x08007f04                EXTI9_IRQHandler
                0x08007f04                LPTIM5_IRQHandler
                0x08007f04                UART5_IRQHandler
                0x08007f04                TIM4_IRQHandler
                0x08007f04                I2C1_EV_IRQHandler
                0x08007f04                TIM16_IRQHandler
                0x08007f04                SecureFault_Handler
                0x08007f04                TIM3_IRQHandler
                0x08007f04                RCC_IRQHandler
                0x08007f04                UART9_IRQHandler
                0x08007f04                TIM1_TRG_COM_IRQHandler
                0x08007f04                Default_Handler
                0x08007f04                FMAC_IRQHandler
                0x08007f04                CEC_IRQHandler
                0x08007f04                USART11_IRQHandler
                0x08007f04                TIM14_IRQHandler
                0x08007f04                TIM13_IRQHandler
                0x08007f04                GPDMA2_Channel4_IRQHandler
                0x08007f04                SPI5_IRQHandler
                0x08007f04                TIM12_IRQHandler
                0x08007f04                TIM7_IRQHandler
                0x08007f04                SDMMC1_IRQHandler
                0x08007f04                TIM5_IRQHandler
                0x08007f04                UCPD1_IRQHandler
                0x08007f04                I3C1_EV_IRQHandler
                0x08007f04                TIM15_IRQHandler
                0x08007f04                PVD_AVD_IRQHandler
                0x08007f04                I2C3_EV_IRQHandler
                0x08007f04                ADC2_IRQHandler
                0x08007f04                SPI2_IRQHandler
                0x08007f04                EXTI14_IRQHandler
                0x08007f04                EXTI11_IRQHandler
                0x08007f04                CRS_IRQHandler
                0x08007f04                EXTI4_IRQHandler
                0x08007f04                GPDMA2_Channel0_IRQHandler
                0x08007f04                RTC_S_IRQHandler
                0x08007f04                RNG_IRQHandler
                0x08007f04                GPDMA2_Channel6_IRQHandler
                0x08007f04                TIM1_UP_IRQHandler
                0x08007f04                UART12_IRQHandler
                0x08007f04                WWDG_IRQHandler
                0x08007f04                SPI6_IRQHandler
                0x08007f04                I2C4_EV_IRQHandler
                0x08007f04                IWDG_IRQHandler
                0x08007f04                LPUART1_IRQHandler
                0x08007f04                FDCAN1_IT0_IRQHandler
                0x08007f04                TIM2_IRQHandler
                0x08007f04                GPDMA1_Channel4_IRQHandler
                0x08007f04                EXTI7_IRQHandler
                0x08007f04                TIM1_BRK_IRQHandler
                0x08007f04                EXTI1_IRQHandler
                0x08007f04                LPTIM6_IRQHandler
                0x08007f04                DAC1_IRQHandler
                0x08007f04                DTS_IRQHandler
                0x08007f04                GTZC_IRQHandler
                0x08007f04                GPDMA1_Channel6_IRQHandler
                0x08007f04                GPDMA2_Channel7_IRQHandler
                0x08007f04                I2C2_ER_IRQHandler
                0x08007f04                TIM8_BRK_IRQHandler
                0x08007f04                FLASH_IRQHandler
                0x08007f04                EXTI10_IRQHandler
                0x08007f04                SPI3_IRQHandler
                0x08007f04                I2C1_ER_IRQHandler
                0x08007f04                FMC_IRQHandler
                0x08007f04                EXTI6_IRQHandler
                0x08007f04                LPTIM1_IRQHandler
                0x08007f04                DCMI_PSSI_IRQHandler
                0x08007f04                I2C4_ER_IRQHandler
                0x08007f04                ICACHE_IRQHandler
                0x08007f04                SAI1_IRQHandler
                0x08007f04                HASH_IRQHandler
 *fill*         0x08007f06        0x2 
 .text.HAL_Init
                0x08007f08       0x50 ./Drivers/STM32H5xx_HAL_Driver/Src/stm32h5xx_hal.o
                0x08007f08                HAL_Init
 .text.HAL_InitTick
                0x08007f58       0xec ./Drivers/STM32H5xx_HAL_Driver/Src/stm32h5xx_hal.o
                0x08007f58                HAL_InitTick
 .text.HAL_IncTick
                0x08008044       0x28 ./Drivers/STM32H5xx_HAL_Driver/Src/stm32h5xx_hal.o
                0x08008044                HAL_IncTick
 .text.HAL_GetTick
                0x0800806c       0x18 ./Drivers/STM32H5xx_HAL_Driver/Src/stm32h5xx_hal.o
                0x0800806c                HAL_GetTick
 .text.HAL_Delay
                0x08008084       0x48 ./Drivers/STM32H5xx_HAL_Driver/Src/stm32h5xx_hal.o
                0x08008084                HAL_Delay
 .text.__NVIC_SetPriorityGrouping
                0x080080cc       0x48 ./Drivers/STM32H5xx_HAL_Driver/Src/stm32h5xx_hal_cortex.o
 .text.__NVIC_GetPriorityGrouping
                0x08008114       0x1c ./Drivers/STM32H5xx_HAL_Driver/Src/stm32h5xx_hal_cortex.o
 .text.__NVIC_EnableIRQ
                0x08008130       0x3c ./Drivers/STM32H5xx_HAL_Driver/Src/stm32h5xx_hal_cortex.o
 .text.__NVIC_SetPriority
                0x0800816c       0x54 ./Drivers/STM32H5xx_HAL_Driver/Src/stm32h5xx_hal_cortex.o
 .text.NVIC_EncodePriority
                0x080081c0       0x66 ./Drivers/STM32H5xx_HAL_Driver/Src/stm32h5xx_hal_cortex.o
 .text.HAL_NVIC_SetPriorityGrouping
                0x08008226       0x16 ./Drivers/STM32H5xx_HAL_Driver/Src/stm32h5xx_hal_cortex.o
                0x08008226                HAL_NVIC_SetPriorityGrouping
 .text.HAL_NVIC_SetPriority
                0x0800823c       0x34 ./Drivers/STM32H5xx_HAL_Driver/Src/stm32h5xx_hal_cortex.o
                0x0800823c                HAL_NVIC_SetPriority
 .text.HAL_NVIC_EnableIRQ
                0x08008270       0x1c ./Drivers/STM32H5xx_HAL_Driver/Src/stm32h5xx_hal_cortex.o
                0x08008270                HAL_NVIC_EnableIRQ
 .text.HAL_SYSTICK_Config
                0x0800828c       0x44 ./Drivers/STM32H5xx_HAL_Driver/Src/stm32h5xx_hal_cortex.o
                0x0800828c                HAL_SYSTICK_Config
 .text.HAL_SYSTICK_CLKSourceConfig
                0x080082d0       0xb0 ./Drivers/STM32H5xx_HAL_Driver/Src/stm32h5xx_hal_cortex.o
                0x080082d0                HAL_SYSTICK_CLKSourceConfig
 .text.HAL_SYSTICK_GetCLKSourceConfig
                0x08008380       0x6c ./Drivers/STM32H5xx_HAL_Driver/Src/stm32h5xx_hal_cortex.o
                0x08008380                HAL_SYSTICK_GetCLKSourceConfig
 .text.HAL_DMA_Init
                0x080083ec      0x284 ./Drivers/STM32H5xx_HAL_Driver/Src/stm32h5xx_hal_dma.o
                0x080083ec                HAL_DMA_Init
 .text.HAL_DMA_Start_IT
                0x08008670       0xcc ./Drivers/STM32H5xx_HAL_Driver/Src/stm32h5xx_hal_dma.o
                0x08008670                HAL_DMA_Start_IT
 .text.HAL_DMA_Abort
                0x0800873c       0xf8 ./Drivers/STM32H5xx_HAL_Driver/Src/stm32h5xx_hal_dma.o
                0x0800873c                HAL_DMA_Abort
 .text.HAL_DMA_Abort_IT
                0x08008834       0x52 ./Drivers/STM32H5xx_HAL_Driver/Src/stm32h5xx_hal_dma.o
                0x08008834                HAL_DMA_Abort_IT
 .text.HAL_DMA_IRQHandler
                0x08008886      0x2c2 ./Drivers/STM32H5xx_HAL_Driver/Src/stm32h5xx_hal_dma.o
                0x08008886                HAL_DMA_IRQHandler
 .text.HAL_DMA_GetError
                0x08008b48       0x18 ./Drivers/STM32H5xx_HAL_Driver/Src/stm32h5xx_hal_dma.o
                0x08008b48                HAL_DMA_GetError
 .text.HAL_DMA_ConfigChannelAttributes
                0x08008b60       0x78 ./Drivers/STM32H5xx_HAL_Driver/Src/stm32h5xx_hal_dma.o
                0x08008b60                HAL_DMA_ConfigChannelAttributes
 .text.DMA_SetConfig
                0x08008bd8       0x4a ./Drivers/STM32H5xx_HAL_Driver/Src/stm32h5xx_hal_dma.o
 *fill*         0x08008c22        0x2 
 .text.DMA_Init
                0x08008c24      0x508 ./Drivers/STM32H5xx_HAL_Driver/Src/stm32h5xx_hal_dma.o
 .text.HAL_DMAEx_List_Start_IT
                0x0800912c      0x134 ./Drivers/STM32H5xx_HAL_Driver/Src/stm32h5xx_hal_dma_ex.o
                0x0800912c                HAL_DMAEx_List_Start_IT
 .text.DMA_List_GetCLLRNodeInfo
                0x08009260       0x60 ./Drivers/STM32H5xx_HAL_Driver/Src/stm32h5xx_hal_dma_ex.o
 .text.HAL_GPIO_Init
                0x080092c0      0x2bc ./Drivers/STM32H5xx_HAL_Driver/Src/stm32h5xx_hal_gpio.o
                0x080092c0                HAL_GPIO_Init
 .text.HAL_GPIO_WritePin
                0x0800957c       0x30 ./Drivers/STM32H5xx_HAL_Driver/Src/stm32h5xx_hal_gpio.o
                0x0800957c                HAL_GPIO_WritePin
 .text.HAL_I2C_Init
                0x080095ac      0x136 ./Drivers/STM32H5xx_HAL_Driver/Src/stm32h5xx_hal_i2c.o
                0x080095ac                HAL_I2C_Init
 *fill*         0x080096e2        0x2 
 .text.HAL_I2C_Mem_Write
                0x080096e4      0x228 ./Drivers/STM32H5xx_HAL_Driver/Src/stm32h5xx_hal_i2c.o
                0x080096e4                HAL_I2C_Mem_Write
 .text.HAL_I2C_Mem_Read
                0x0800990c      0x234 ./Drivers/STM32H5xx_HAL_Driver/Src/stm32h5xx_hal_i2c.o
                0x0800990c                HAL_I2C_Mem_Read
 .text.I2C_RequestMemoryWrite
                0x08009b40       0xa8 ./Drivers/STM32H5xx_HAL_Driver/Src/stm32h5xx_hal_i2c.o
 .text.I2C_RequestMemoryRead
                0x08009be8       0xa8 ./Drivers/STM32H5xx_HAL_Driver/Src/stm32h5xx_hal_i2c.o
 .text.I2C_Flush_TXDR
                0x08009c90       0x48 ./Drivers/STM32H5xx_HAL_Driver/Src/stm32h5xx_hal_i2c.o
 .text.I2C_WaitOnFlagUntilTimeout
                0x08009cd8       0xb2 ./Drivers/STM32H5xx_HAL_Driver/Src/stm32h5xx_hal_i2c.o
 .text.I2C_WaitOnTXISFlagUntilTimeout
                0x08009d8a       0x8e ./Drivers/STM32H5xx_HAL_Driver/Src/stm32h5xx_hal_i2c.o
 .text.I2C_WaitOnSTOPFlagUntilTimeout
                0x08009e18       0x86 ./Drivers/STM32H5xx_HAL_Driver/Src/stm32h5xx_hal_i2c.o
 *fill*         0x08009e9e        0x2 
 .text.I2C_IsErrorOccurred
                0x08009ea0      0x1c0 ./Drivers/STM32H5xx_HAL_Driver/Src/stm32h5xx_hal_i2c.o
 .text.I2C_TransferConfig
                0x0800a060       0x64 ./Drivers/STM32H5xx_HAL_Driver/Src/stm32h5xx_hal_i2c.o
 .text.HAL_I2CEx_ConfigAnalogFilter
                0x0800a0c4       0x96 ./Drivers/STM32H5xx_HAL_Driver/Src/stm32h5xx_hal_i2c_ex.o
                0x0800a0c4                HAL_I2CEx_ConfigAnalogFilter
 .text.HAL_I2CEx_ConfigDigitalFilter
                0x0800a15a       0x98 ./Drivers/STM32H5xx_HAL_Driver/Src/stm32h5xx_hal_i2c_ex.o
                0x0800a15a                HAL_I2CEx_ConfigDigitalFilter
 *fill*         0x0800a1f2        0x2 
 .text.HAL_ICACHE_Enable
                0x0800a1f4       0x20 ./Drivers/STM32H5xx_HAL_Driver/Src/stm32h5xx_hal_icache.o
                0x0800a1f4                HAL_ICACHE_Enable
 .text.HAL_RCC_OscConfig
                0x0800a214      0x870 ./Drivers/STM32H5xx_HAL_Driver/Src/stm32h5xx_hal_rcc.o
                0x0800a214                HAL_RCC_OscConfig
 .text.HAL_RCC_ClockConfig
                0x0800aa84      0x370 ./Drivers/STM32H5xx_HAL_Driver/Src/stm32h5xx_hal_rcc.o
                0x0800aa84                HAL_RCC_ClockConfig
 .text.HAL_RCC_GetSysClockFreq
                0x0800adf4      0x258 ./Drivers/STM32H5xx_HAL_Driver/Src/stm32h5xx_hal_rcc.o
                0x0800adf4                HAL_RCC_GetSysClockFreq
 .text.HAL_RCC_GetHCLKFreq
                0x0800b04c       0x38 ./Drivers/STM32H5xx_HAL_Driver/Src/stm32h5xx_hal_rcc.o
                0x0800b04c                HAL_RCC_GetHCLKFreq
 .text.HAL_RCC_GetPCLK1Freq
                0x0800b084       0x2c ./Drivers/STM32H5xx_HAL_Driver/Src/stm32h5xx_hal_rcc.o
                0x0800b084                HAL_RCC_GetPCLK1Freq
 .text.HAL_RCC_GetPCLK2Freq
                0x0800b0b0       0x2c ./Drivers/STM32H5xx_HAL_Driver/Src/stm32h5xx_hal_rcc.o
                0x0800b0b0                HAL_RCC_GetPCLK2Freq
 .text.HAL_RCC_GetPCLK3Freq
                0x0800b0dc       0x2c ./Drivers/STM32H5xx_HAL_Driver/Src/stm32h5xx_hal_rcc.o
                0x0800b0dc                HAL_RCC_GetPCLK3Freq
 .text.HAL_RCCEx_PeriphCLKConfig
                0x0800b108     0x1e8c ./Drivers/STM32H5xx_HAL_Driver/Src/stm32h5xx_hal_rcc_ex.o
                0x0800b108                HAL_RCCEx_PeriphCLKConfig
 .text.HAL_RCCEx_GetPLL1ClockFreq
                0x0800cf94      0x2d8 ./Drivers/STM32H5xx_HAL_Driver/Src/stm32h5xx_hal_rcc_ex.o
                0x0800cf94                HAL_RCCEx_GetPLL1ClockFreq
 .text.HAL_RCCEx_GetPLL2ClockFreq
                0x0800d26c      0x2d8 ./Drivers/STM32H5xx_HAL_Driver/Src/stm32h5xx_hal_rcc_ex.o
                0x0800d26c                HAL_RCCEx_GetPLL2ClockFreq
 .text.HAL_RCCEx_GetPLL3ClockFreq
                0x0800d544      0x2d8 ./Drivers/STM32H5xx_HAL_Driver/Src/stm32h5xx_hal_rcc_ex.o
                0x0800d544                HAL_RCCEx_GetPLL3ClockFreq
 .text.HAL_RCCEx_GetPeriphCLKFreq
                0x0800d81c     0x264c ./Drivers/STM32H5xx_HAL_Driver/Src/stm32h5xx_hal_rcc_ex.o
                0x0800d81c                HAL_RCCEx_GetPeriphCLKFreq
 .text.RCCEx_PLL2_Config
                0x0800fe68      0x130 ./Drivers/STM32H5xx_HAL_Driver/Src/stm32h5xx_hal_rcc_ex.o
 .text.RCCEx_PLL3_Config
                0x0800ff98      0x130 ./Drivers/STM32H5xx_HAL_Driver/Src/stm32h5xx_hal_rcc_ex.o
 .text.HAL_SPI_Init
                0x080100c8      0x2e0 ./Drivers/STM32H5xx_HAL_Driver/Src/stm32h5xx_hal_spi.o
                0x080100c8                HAL_SPI_Init
 .text.HAL_SPI_TransmitReceive
                0x080103a8      0x718 ./Drivers/STM32H5xx_HAL_Driver/Src/stm32h5xx_hal_spi.o
                0x080103a8                HAL_SPI_TransmitReceive
 .text.SPI_CloseTransfer
                0x08010ac0      0x140 ./Drivers/STM32H5xx_HAL_Driver/Src/stm32h5xx_hal_spi.o
 .text.SPI_WaitOnFlagUntilTimeout
                0x08010c00       0x5c ./Drivers/STM32H5xx_HAL_Driver/Src/stm32h5xx_hal_spi.o
 .text.SPI_GetPacketSize
                0x08010c5c       0x36 ./Drivers/STM32H5xx_HAL_Driver/Src/stm32h5xx_hal_spi.o
 .text.HAL_TIM_Base_Init
                0x08010c92       0xae ./Drivers/STM32H5xx_HAL_Driver/Src/stm32h5xx_hal_tim.o
                0x08010c92                HAL_TIM_Base_Init
 .text.HAL_TIM_Base_Start_IT
                0x08010d40      0x15c ./Drivers/STM32H5xx_HAL_Driver/Src/stm32h5xx_hal_tim.o
                0x08010d40                HAL_TIM_Base_Start_IT
 .text.HAL_TIM_PWM_Init
                0x08010e9c       0xae ./Drivers/STM32H5xx_HAL_Driver/Src/stm32h5xx_hal_tim.o
                0x08010e9c                HAL_TIM_PWM_Init
 .text.HAL_TIM_PWM_MspInit
                0x08010f4a       0x14 ./Drivers/STM32H5xx_HAL_Driver/Src/stm32h5xx_hal_tim.o
                0x08010f4a                HAL_TIM_PWM_MspInit
 *fill*         0x08010f5e        0x2 
 .text.HAL_TIM_PWM_Start
                0x08010f60      0x2c0 ./Drivers/STM32H5xx_HAL_Driver/Src/stm32h5xx_hal_tim.o
                0x08010f60                HAL_TIM_PWM_Start
 .text.HAL_TIM_IRQHandler
                0x08011220      0x29e ./Drivers/STM32H5xx_HAL_Driver/Src/stm32h5xx_hal_tim.o
                0x08011220                HAL_TIM_IRQHandler
 *fill*         0x080114be        0x2 
 .text.HAL_TIM_PWM_ConfigChannel
                0x080114c0      0x228 ./Drivers/STM32H5xx_HAL_Driver/Src/stm32h5xx_hal_tim.o
                0x080114c0                HAL_TIM_PWM_ConfigChannel
 .text.HAL_TIM_ConfigClockSource
                0x080116e8      0x23c ./Drivers/STM32H5xx_HAL_Driver/Src/stm32h5xx_hal_tim.o
                0x080116e8                HAL_TIM_ConfigClockSource
 .text.HAL_TIM_OC_DelayElapsedCallback
                0x08011924       0x14 ./Drivers/STM32H5xx_HAL_Driver/Src/stm32h5xx_hal_tim.o
                0x08011924                HAL_TIM_OC_DelayElapsedCallback
 .text.HAL_TIM_IC_CaptureCallback
                0x08011938       0x14 ./Drivers/STM32H5xx_HAL_Driver/Src/stm32h5xx_hal_tim.o
                0x08011938                HAL_TIM_IC_CaptureCallback
 .text.HAL_TIM_PWM_PulseFinishedCallback
                0x0801194c       0x14 ./Drivers/STM32H5xx_HAL_Driver/Src/stm32h5xx_hal_tim.o
                0x0801194c                HAL_TIM_PWM_PulseFinishedCallback
 .text.HAL_TIM_TriggerCallback
                0x08011960       0x14 ./Drivers/STM32H5xx_HAL_Driver/Src/stm32h5xx_hal_tim.o
                0x08011960                HAL_TIM_TriggerCallback
 .text.TIM_Base_SetConfig
                0x08011974      0x254 ./Drivers/STM32H5xx_HAL_Driver/Src/stm32h5xx_hal_tim.o
                0x08011974                TIM_Base_SetConfig
 .text.TIM_OC1_SetConfig
                0x08011bc8      0x184 ./Drivers/STM32H5xx_HAL_Driver/Src/stm32h5xx_hal_tim.o
 .text.TIM_OC2_SetConfig
                0x08011d4c      0x160 ./Drivers/STM32H5xx_HAL_Driver/Src/stm32h5xx_hal_tim.o
                0x08011d4c                TIM_OC2_SetConfig
 .text.TIM_OC3_SetConfig
                0x08011eac      0x15c ./Drivers/STM32H5xx_HAL_Driver/Src/stm32h5xx_hal_tim.o
 .text.TIM_OC4_SetConfig
                0x08012008      0x160 ./Drivers/STM32H5xx_HAL_Driver/Src/stm32h5xx_hal_tim.o
 .text.TIM_OC5_SetConfig
                0x08012168      0x104 ./Drivers/STM32H5xx_HAL_Driver/Src/stm32h5xx_hal_tim.o
 .text.TIM_OC6_SetConfig
                0x0801226c      0x108 ./Drivers/STM32H5xx_HAL_Driver/Src/stm32h5xx_hal_tim.o
 .text.TIM_TI1_ConfigInputStage
                0x08012374       0x5e ./Drivers/STM32H5xx_HAL_Driver/Src/stm32h5xx_hal_tim.o
 .text.TIM_TI2_ConfigInputStage
                0x080123d2       0x60 ./Drivers/STM32H5xx_HAL_Driver/Src/stm32h5xx_hal_tim.o
 .text.TIM_ITRx_SetConfig
                0x08012432       0x3a ./Drivers/STM32H5xx_HAL_Driver/Src/stm32h5xx_hal_tim.o
 .text.TIM_ETR_SetConfig
                0x0801246c       0x40 ./Drivers/STM32H5xx_HAL_Driver/Src/stm32h5xx_hal_tim.o
                0x0801246c                TIM_ETR_SetConfig
 .text.TIM_CCxChannelCmd
                0x080124ac       0x4a ./Drivers/STM32H5xx_HAL_Driver/Src/stm32h5xx_hal_tim.o
                0x080124ac                TIM_CCxChannelCmd
 *fill*         0x080124f6        0x2 
 .text.HAL_TIMEx_MasterConfigSynchronization
                0x080124f8      0x1a0 ./Drivers/STM32H5xx_HAL_Driver/Src/stm32h5xx_hal_tim_ex.o
                0x080124f8                HAL_TIMEx_MasterConfigSynchronization
 .text.HAL_TIMEx_CommutCallback
                0x08012698       0x14 ./Drivers/STM32H5xx_HAL_Driver/Src/stm32h5xx_hal_tim_ex.o
                0x08012698                HAL_TIMEx_CommutCallback
 .text.HAL_TIMEx_BreakCallback
                0x080126ac       0x14 ./Drivers/STM32H5xx_HAL_Driver/Src/stm32h5xx_hal_tim_ex.o
                0x080126ac                HAL_TIMEx_BreakCallback
 .text.HAL_TIMEx_Break2Callback
                0x080126c0       0x14 ./Drivers/STM32H5xx_HAL_Driver/Src/stm32h5xx_hal_tim_ex.o
                0x080126c0                HAL_TIMEx_Break2Callback
 .text.HAL_TIMEx_EncoderIndexCallback
                0x080126d4       0x14 ./Drivers/STM32H5xx_HAL_Driver/Src/stm32h5xx_hal_tim_ex.o
                0x080126d4                HAL_TIMEx_EncoderIndexCallback
 .text.HAL_TIMEx_DirectionChangeCallback
                0x080126e8       0x14 ./Drivers/STM32H5xx_HAL_Driver/Src/stm32h5xx_hal_tim_ex.o
                0x080126e8                HAL_TIMEx_DirectionChangeCallback
 .text.HAL_TIMEx_IndexErrorCallback
                0x080126fc       0x14 ./Drivers/STM32H5xx_HAL_Driver/Src/stm32h5xx_hal_tim_ex.o
                0x080126fc                HAL_TIMEx_IndexErrorCallback
 .text.HAL_TIMEx_TransitionErrorCallback
                0x08012710       0x14 ./Drivers/STM32H5xx_HAL_Driver/Src/stm32h5xx_hal_tim_ex.o
                0x08012710                HAL_TIMEx_TransitionErrorCallback
 .text.HAL_UART_Init
                0x08012724       0xa0 ./Drivers/STM32H5xx_HAL_Driver/Src/stm32h5xx_hal_uart.o
                0x08012724                HAL_UART_Init
 .text.HAL_UART_Transmit
                0x080127c4      0x13c ./Drivers/STM32H5xx_HAL_Driver/Src/stm32h5xx_hal_uart.o
                0x080127c4                HAL_UART_Transmit
 .text.HAL_UART_Receive_IT
                0x08012900       0xc4 ./Drivers/STM32H5xx_HAL_Driver/Src/stm32h5xx_hal_uart.o
                0x08012900                HAL_UART_Receive_IT
 .text.HAL_UART_AbortReceive
                0x080129c4      0x136 ./Drivers/STM32H5xx_HAL_Driver/Src/stm32h5xx_hal_uart.o
                0x080129c4                HAL_UART_AbortReceive
 *fill*         0x08012afa        0x2 
 .text.HAL_UART_IRQHandler
                0x08012afc      0x5dc ./Drivers/STM32H5xx_HAL_Driver/Src/stm32h5xx_hal_uart.o
                0x08012afc                HAL_UART_IRQHandler
 .text.HAL_UART_TxCpltCallback
                0x080130d8       0x14 ./Drivers/STM32H5xx_HAL_Driver/Src/stm32h5xx_hal_uart.o
                0x080130d8                HAL_UART_TxCpltCallback
 .text.HAL_UART_RxHalfCpltCallback
                0x080130ec       0x14 ./Drivers/STM32H5xx_HAL_Driver/Src/stm32h5xx_hal_uart.o
                0x080130ec                HAL_UART_RxHalfCpltCallback
 .text.UART_SetConfig
                0x08013100      0x3dc ./Drivers/STM32H5xx_HAL_Driver/Src/stm32h5xx_hal_uart.o
                0x08013100                UART_SetConfig
 .text.UART_AdvFeatureConfig
                0x080134dc      0x144 ./Drivers/STM32H5xx_HAL_Driver/Src/stm32h5xx_hal_uart.o
                0x080134dc                UART_AdvFeatureConfig
 .text.UART_CheckIdleState
                0x08013620      0x154 ./Drivers/STM32H5xx_HAL_Driver/Src/stm32h5xx_hal_uart.o
                0x08013620                UART_CheckIdleState
 .text.UART_WaitOnFlagUntilTimeout
                0x08013774       0xda ./Drivers/STM32H5xx_HAL_Driver/Src/stm32h5xx_hal_uart.o
                0x08013774                UART_WaitOnFlagUntilTimeout
 *fill*         0x0801384e        0x2 
 .text.UART_Start_Receive_IT
                0x08013850      0x244 ./Drivers/STM32H5xx_HAL_Driver/Src/stm32h5xx_hal_uart.o
                0x08013850                UART_Start_Receive_IT
 .text.UART_Start_Receive_DMA
                0x08013a94      0x1f0 ./Drivers/STM32H5xx_HAL_Driver/Src/stm32h5xx_hal_uart.o
                0x08013a94                UART_Start_Receive_DMA
 .text.UART_EndTxTransfer
                0x08013c84       0x82 ./Drivers/STM32H5xx_HAL_Driver/Src/stm32h5xx_hal_uart.o
 .text.UART_EndRxTransfer
                0x08013d06       0xcc ./Drivers/STM32H5xx_HAL_Driver/Src/stm32h5xx_hal_uart.o
 .text.UART_DMAReceiveCplt
                0x08013dd2      0x128 ./Drivers/STM32H5xx_HAL_Driver/Src/stm32h5xx_hal_uart.o
 .text.UART_DMARxHalfCplt
                0x08013efa       0x72 ./Drivers/STM32H5xx_HAL_Driver/Src/stm32h5xx_hal_uart.o
 .text.UART_DMAError
                0x08013f6c       0x80 ./Drivers/STM32H5xx_HAL_Driver/Src/stm32h5xx_hal_uart.o
 .text.UART_DMAAbortOnError
                0x08013fec       0x24 ./Drivers/STM32H5xx_HAL_Driver/Src/stm32h5xx_hal_uart.o
 .text.UART_EndTransmit_IT
                0x08014010       0x56 ./Drivers/STM32H5xx_HAL_Driver/Src/stm32h5xx_hal_uart.o
 *fill*         0x08014066        0x2 
 .text.UART_RxISR_8BIT
                0x08014068      0x1c4 ./Drivers/STM32H5xx_HAL_Driver/Src/stm32h5xx_hal_uart.o
 .text.UART_RxISR_16BIT
                0x0801422c      0x1c4 ./Drivers/STM32H5xx_HAL_Driver/Src/stm32h5xx_hal_uart.o
 .text.UART_RxISR_8BIT_FIFOEN
                0x080143f0      0x370 ./Drivers/STM32H5xx_HAL_Driver/Src/stm32h5xx_hal_uart.o
 .text.UART_RxISR_16BIT_FIFOEN
                0x08014760      0x378 ./Drivers/STM32H5xx_HAL_Driver/Src/stm32h5xx_hal_uart.o
 .text.HAL_UARTEx_WakeupCallback
                0x08014ad8       0x14 ./Drivers/STM32H5xx_HAL_Driver/Src/stm32h5xx_hal_uart_ex.o
                0x08014ad8                HAL_UARTEx_WakeupCallback
 .text.HAL_UARTEx_RxFifoFullCallback
                0x08014aec       0x14 ./Drivers/STM32H5xx_HAL_Driver/Src/stm32h5xx_hal_uart_ex.o
                0x08014aec                HAL_UARTEx_RxFifoFullCallback
 .text.HAL_UARTEx_TxFifoEmptyCallback
                0x08014b00       0x14 ./Drivers/STM32H5xx_HAL_Driver/Src/stm32h5xx_hal_uart_ex.o
                0x08014b00                HAL_UARTEx_TxFifoEmptyCallback
 .text.HAL_UARTEx_DisableFifoMode
                0x08014b14       0x72 ./Drivers/STM32H5xx_HAL_Driver/Src/stm32h5xx_hal_uart_ex.o
                0x08014b14                HAL_UARTEx_DisableFifoMode
 .text.HAL_UARTEx_SetTxFifoThreshold
                0x08014b86       0x7c ./Drivers/STM32H5xx_HAL_Driver/Src/stm32h5xx_hal_uart_ex.o
                0x08014b86                HAL_UARTEx_SetTxFifoThreshold
 .text.HAL_UARTEx_SetRxFifoThreshold
                0x08014c02       0x7c ./Drivers/STM32H5xx_HAL_Driver/Src/stm32h5xx_hal_uart_ex.o
                0x08014c02                HAL_UARTEx_SetRxFifoThreshold
 .text.HAL_UARTEx_ReceiveToIdle_DMA
                0x08014c7e       0xa8 ./Drivers/STM32H5xx_HAL_Driver/Src/stm32h5xx_hal_uart_ex.o
                0x08014c7e                HAL_UARTEx_ReceiveToIdle_DMA
 *fill*         0x08014d26        0x2 
 .text.UARTEx_SetNbDataToProcess
                0x08014d28       0x9c ./Drivers/STM32H5xx_HAL_Driver/Src/stm32h5xx_hal_uart_ex.o
 .text.atof     0x08014dc4        0x6 C:/ST/STM32CubeIDE_1.18.1/STM32CubeIDE/plugins/com.st.stm32cube.ide.mcu.externaltools.gnu-tools-for-stm32.13.3.rel1.win32_1.0.0.202411081344/tools/bin/../lib/gcc/arm-none-eabi/13.3.1/../../../../arm-none-eabi/lib/thumb/v8-m.main+fp/hard\libc_nano.a(libc_a-atof.o)
                0x08014dc4                atof
 .text.sulp     0x08014dca       0x3c C:/ST/STM32CubeIDE_1.18.1/STM32CubeIDE/plugins/com.st.stm32cube.ide.mcu.externaltools.gnu-tools-for-stm32.13.3.rel1.win32_1.0.0.202411081344/tools/bin/../lib/gcc/arm-none-eabi/13.3.1/../../../../arm-none-eabi/lib/thumb/v8-m.main+fp/hard\libc_nano.a(libc_a-strtod.o)
 *fill*         0x08014e06        0x2 
 .text._strtod_l
                0x08014e08      0xbc8 C:/ST/STM32CubeIDE_1.18.1/STM32CubeIDE/plugins/com.st.stm32cube.ide.mcu.externaltools.gnu-tools-for-stm32.13.3.rel1.win32_1.0.0.202411081344/tools/bin/../lib/gcc/arm-none-eabi/13.3.1/../../../../arm-none-eabi/lib/thumb/v8-m.main+fp/hard\libc_nano.a(libc_a-strtod.o)
                0x08014e08                _strtod_l
 .text._strtod_r
                0x080159d0        0xc C:/ST/STM32CubeIDE_1.18.1/STM32CubeIDE/plugins/com.st.stm32cube.ide.mcu.externaltools.gnu-tools-for-stm32.13.3.rel1.win32_1.0.0.202411081344/tools/bin/../lib/gcc/arm-none-eabi/13.3.1/../../../../arm-none-eabi/lib/thumb/v8-m.main+fp/hard\libc_nano.a(libc_a-strtod.o)
                0x080159d0                _strtod_r
 .text.strtod   0x080159dc       0x18 C:/ST/STM32CubeIDE_1.18.1/STM32CubeIDE/plugins/com.st.stm32cube.ide.mcu.externaltools.gnu-tools-for-stm32.13.3.rel1.win32_1.0.0.202411081344/tools/bin/../lib/gcc/arm-none-eabi/13.3.1/../../../../arm-none-eabi/lib/thumb/v8-m.main+fp/hard\libc_nano.a(libc_a-strtod.o)
                0x080159dc                strtod
 .text.__cvt    0x080159f4       0xca C:/ST/STM32CubeIDE_1.18.1/STM32CubeIDE/plugins/com.st.stm32cube.ide.mcu.externaltools.gnu-tools-for-stm32.13.3.rel1.win32_1.0.0.202411081344/tools/bin/../lib/gcc/arm-none-eabi/13.3.1/../../../../arm-none-eabi/lib/thumb/v8-m.main+fp/hard\libc_nano.a(libc_a-nano-vfprintf_float.o)
                0x080159f4                __cvt
 .text.__exponent
                0x08015abe       0x72 C:/ST/STM32CubeIDE_1.18.1/STM32CubeIDE/plugins/com.st.stm32cube.ide.mcu.externaltools.gnu-tools-for-stm32.13.3.rel1.win32_1.0.0.202411081344/tools/bin/../lib/gcc/arm-none-eabi/13.3.1/../../../../arm-none-eabi/lib/thumb/v8-m.main+fp/hard\libc_nano.a(libc_a-nano-vfprintf_float.o)
                0x08015abe                __exponent
 .text._printf_float
                0x08015b30      0x454 C:/ST/STM32CubeIDE_1.18.1/STM32CubeIDE/plugins/com.st.stm32cube.ide.mcu.externaltools.gnu-tools-for-stm32.13.3.rel1.win32_1.0.0.202411081344/tools/bin/../lib/gcc/arm-none-eabi/13.3.1/../../../../arm-none-eabi/lib/thumb/v8-m.main+fp/hard\libc_nano.a(libc_a-nano-vfprintf_float.o)
                0x08015b30                _printf_float
 .text._printf_common
                0x08015f84       0xe4 C:/ST/STM32CubeIDE_1.18.1/STM32CubeIDE/plugins/com.st.stm32cube.ide.mcu.externaltools.gnu-tools-for-stm32.13.3.rel1.win32_1.0.0.202411081344/tools/bin/../lib/gcc/arm-none-eabi/13.3.1/../../../../arm-none-eabi/lib/thumb/v8-m.main+fp/hard\libc_nano.a(libc_a-nano-vfprintf_i.o)
                0x08015f84                _printf_common
 .text._printf_i
                0x08016068      0x23c C:/ST/STM32CubeIDE_1.18.1/STM32CubeIDE/plugins/com.st.stm32cube.ide.mcu.externaltools.gnu-tools-for-stm32.13.3.rel1.win32_1.0.0.202411081344/tools/bin/../lib/gcc/arm-none-eabi/13.3.1/../../../../arm-none-eabi/lib/thumb/v8-m.main+fp/hard\libc_nano.a(libc_a-nano-vfprintf_i.o)
                0x08016068                _printf_i
 .text._scanf_float
                0x080162a4      0x41c C:/ST/STM32CubeIDE_1.18.1/STM32CubeIDE/plugins/com.st.stm32cube.ide.mcu.externaltools.gnu-tools-for-stm32.13.3.rel1.win32_1.0.0.202411081344/tools/bin/../lib/gcc/arm-none-eabi/13.3.1/../../../../arm-none-eabi/lib/thumb/v8-m.main+fp/hard\libc_nano.a(libc_a-nano-vfscanf_float.o)
                0x080162a4                _scanf_float
 .text.std      0x080166c0       0x6c C:/ST/STM32CubeIDE_1.18.1/STM32CubeIDE/plugins/com.st.stm32cube.ide.mcu.externaltools.gnu-tools-for-stm32.13.3.rel1.win32_1.0.0.202411081344/tools/bin/../lib/gcc/arm-none-eabi/13.3.1/../../../../arm-none-eabi/lib/thumb/v8-m.main+fp/hard\libc_nano.a(libc_a-findfp.o)
 .text.stdio_exit_handler
                0x0801672c       0x18 C:/ST/STM32CubeIDE_1.18.1/STM32CubeIDE/plugins/com.st.stm32cube.ide.mcu.externaltools.gnu-tools-for-stm32.13.3.rel1.win32_1.0.0.202411081344/tools/bin/../lib/gcc/arm-none-eabi/13.3.1/../../../../arm-none-eabi/lib/thumb/v8-m.main+fp/hard\libc_nano.a(libc_a-findfp.o)
 .text.cleanup_stdio
                0x08016744       0x40 C:/ST/STM32CubeIDE_1.18.1/STM32CubeIDE/plugins/com.st.stm32cube.ide.mcu.externaltools.gnu-tools-for-stm32.13.3.rel1.win32_1.0.0.202411081344/tools/bin/../lib/gcc/arm-none-eabi/13.3.1/../../../../arm-none-eabi/lib/thumb/v8-m.main+fp/hard\libc_nano.a(libc_a-findfp.o)
 .text.global_stdio_init.part.0
                0x08016784       0x3c C:/ST/STM32CubeIDE_1.18.1/STM32CubeIDE/plugins/com.st.stm32cube.ide.mcu.externaltools.gnu-tools-for-stm32.13.3.rel1.win32_1.0.0.202411081344/tools/bin/../lib/gcc/arm-none-eabi/13.3.1/../../../../arm-none-eabi/lib/thumb/v8-m.main+fp/hard\libc_nano.a(libc_a-findfp.o)
 .text.__sfp_lock_acquire
                0x080167c0        0xc C:/ST/STM32CubeIDE_1.18.1/STM32CubeIDE/plugins/com.st.stm32cube.ide.mcu.externaltools.gnu-tools-for-stm32.13.3.rel1.win32_1.0.0.202411081344/tools/bin/../lib/gcc/arm-none-eabi/13.3.1/../../../../arm-none-eabi/lib/thumb/v8-m.main+fp/hard\libc_nano.a(libc_a-findfp.o)
                0x080167c0                __sfp_lock_acquire
 .text.__sfp_lock_release
                0x080167cc        0xc C:/ST/STM32CubeIDE_1.18.1/STM32CubeIDE/plugins/com.st.stm32cube.ide.mcu.externaltools.gnu-tools-for-stm32.13.3.rel1.win32_1.0.0.202411081344/tools/bin/../lib/gcc/arm-none-eabi/13.3.1/../../../../arm-none-eabi/lib/thumb/v8-m.main+fp/hard\libc_nano.a(libc_a-findfp.o)
                0x080167cc                __sfp_lock_release
 .text.__sinit  0x080167d8       0x30 C:/ST/STM32CubeIDE_1.18.1/STM32CubeIDE/plugins/com.st.stm32cube.ide.mcu.externaltools.gnu-tools-for-stm32.13.3.rel1.win32_1.0.0.202411081344/tools/bin/../lib/gcc/arm-none-eabi/13.3.1/../../../../arm-none-eabi/lib/thumb/v8-m.main+fp/hard\libc_nano.a(libc_a-findfp.o)
                0x080167d8                __sinit
 .text._fwalk_sglue
                0x08016808       0x3c C:/ST/STM32CubeIDE_1.18.1/STM32CubeIDE/plugins/com.st.stm32cube.ide.mcu.externaltools.gnu-tools-for-stm32.13.3.rel1.win32_1.0.0.202411081344/tools/bin/../lib/gcc/arm-none-eabi/13.3.1/../../../../arm-none-eabi/lib/thumb/v8-m.main+fp/hard\libc_nano.a(libc_a-fwalk.o)
                0x08016808                _fwalk_sglue
 .text.sprintf  0x08016844       0x44 C:/ST/STM32CubeIDE_1.18.1/STM32CubeIDE/plugins/com.st.stm32cube.ide.mcu.externaltools.gnu-tools-for-stm32.13.3.rel1.win32_1.0.0.202411081344/tools/bin/../lib/gcc/arm-none-eabi/13.3.1/../../../../arm-none-eabi/lib/thumb/v8-m.main+fp/hard\libc_nano.a(libc_a-sprintf.o)
                0x08016844                siprintf
                0x08016844                sprintf
 .text.sscanf   0x08016888       0x58 C:/ST/STM32CubeIDE_1.18.1/STM32CubeIDE/plugins/com.st.stm32cube.ide.mcu.externaltools.gnu-tools-for-stm32.13.3.rel1.win32_1.0.0.202411081344/tools/bin/../lib/gcc/arm-none-eabi/13.3.1/../../../../arm-none-eabi/lib/thumb/v8-m.main+fp/hard\libc_nano.a(libc_a-sscanf.o)
                0x08016888                siscanf
                0x08016888                sscanf
 .text.__sread  0x080168e0       0x22 C:/ST/STM32CubeIDE_1.18.1/STM32CubeIDE/plugins/com.st.stm32cube.ide.mcu.externaltools.gnu-tools-for-stm32.13.3.rel1.win32_1.0.0.202411081344/tools/bin/../lib/gcc/arm-none-eabi/13.3.1/../../../../arm-none-eabi/lib/thumb/v8-m.main+fp/hard\libc_nano.a(libc_a-stdio.o)
                0x080168e0                __sread
 .text.__seofread
                0x08016902        0x4 C:/ST/STM32CubeIDE_1.18.1/STM32CubeIDE/plugins/com.st.stm32cube.ide.mcu.externaltools.gnu-tools-for-stm32.13.3.rel1.win32_1.0.0.202411081344/tools/bin/../lib/gcc/arm-none-eabi/13.3.1/../../../../arm-none-eabi/lib/thumb/v8-m.main+fp/hard\libc_nano.a(libc_a-stdio.o)
                0x08016902                __seofread
 .text.__swrite
                0x08016906       0x38 C:/ST/STM32CubeIDE_1.18.1/STM32CubeIDE/plugins/com.st.stm32cube.ide.mcu.externaltools.gnu-tools-for-stm32.13.3.rel1.win32_1.0.0.202411081344/tools/bin/../lib/gcc/arm-none-eabi/13.3.1/../../../../arm-none-eabi/lib/thumb/v8-m.main+fp/hard\libc_nano.a(libc_a-stdio.o)
                0x08016906                __swrite
 .text.__sseek  0x0801693e       0x24 C:/ST/STM32CubeIDE_1.18.1/STM32CubeIDE/plugins/com.st.stm32cube.ide.mcu.externaltools.gnu-tools-for-stm32.13.3.rel1.win32_1.0.0.202411081344/tools/bin/../lib/gcc/arm-none-eabi/13.3.1/../../../../arm-none-eabi/lib/thumb/v8-m.main+fp/hard\libc_nano.a(libc_a-stdio.o)
                0x0801693e                __sseek
 .text.__sclose
                0x08016962        0x8 C:/ST/STM32CubeIDE_1.18.1/STM32CubeIDE/plugins/com.st.stm32cube.ide.mcu.externaltools.gnu-tools-for-stm32.13.3.rel1.win32_1.0.0.202411081344/tools/bin/../lib/gcc/arm-none-eabi/13.3.1/../../../../arm-none-eabi/lib/thumb/v8-m.main+fp/hard\libc_nano.a(libc_a-stdio.o)
                0x08016962                __sclose
 .text._vsnprintf_r
                0x0801696a       0x5c C:/ST/STM32CubeIDE_1.18.1/STM32CubeIDE/plugins/com.st.stm32cube.ide.mcu.externaltools.gnu-tools-for-stm32.13.3.rel1.win32_1.0.0.202411081344/tools/bin/../lib/gcc/arm-none-eabi/13.3.1/../../../../arm-none-eabi/lib/thumb/v8-m.main+fp/hard\libc_nano.a(libc_a-vsnprintf.o)
                0x0801696a                _vsniprintf_r
                0x0801696a                _vsnprintf_r
 *fill*         0x080169c6        0x2 
 .text.vsnprintf
                0x080169c8       0x1c C:/ST/STM32CubeIDE_1.18.1/STM32CubeIDE/plugins/com.st.stm32cube.ide.mcu.externaltools.gnu-tools-for-stm32.13.3.rel1.win32_1.0.0.202411081344/tools/bin/../lib/gcc/arm-none-eabi/13.3.1/../../../../arm-none-eabi/lib/thumb/v8-m.main+fp/hard\libc_nano.a(libc_a-vsnprintf.o)
                0x080169c8                vsniprintf
                0x080169c8                vsnprintf
 .text.memset   0x080169e4       0x10 C:/ST/STM32CubeIDE_1.18.1/STM32CubeIDE/plugins/com.st.stm32cube.ide.mcu.externaltools.gnu-tools-for-stm32.13.3.rel1.win32_1.0.0.202411081344/tools/bin/../lib/gcc/arm-none-eabi/13.3.1/../../../../arm-none-eabi/lib/thumb/v8-m.main+fp/hard\libc_nano.a(libc_a-memset.o)
                0x080169e4                memset
 .text.strncmp  0x080169f4       0x24 C:/ST/STM32CubeIDE_1.18.1/STM32CubeIDE/plugins/com.st.stm32cube.ide.mcu.externaltools.gnu-tools-for-stm32.13.3.rel1.win32_1.0.0.202411081344/tools/bin/../lib/gcc/arm-none-eabi/13.3.1/../../../../arm-none-eabi/lib/thumb/v8-m.main+fp/hard\libc_nano.a(libc_a-strncmp.o)
                0x080169f4                strncmp
 .text.strtok   0x08016a18       0x68 C:/ST/STM32CubeIDE_1.18.1/STM32CubeIDE/plugins/com.st.stm32cube.ide.mcu.externaltools.gnu-tools-for-stm32.13.3.rel1.win32_1.0.0.202411081344/tools/bin/../lib/gcc/arm-none-eabi/13.3.1/../../../../arm-none-eabi/lib/thumb/v8-m.main+fp/hard\libc_nano.a(libc_a-strtok.o)
                0x08016a18                strtok
 .text.__strtok_r
                0x08016a80       0x50 C:/ST/STM32CubeIDE_1.18.1/STM32CubeIDE/plugins/com.st.stm32cube.ide.mcu.externaltools.gnu-tools-for-stm32.13.3.rel1.win32_1.0.0.202411081344/tools/bin/../lib/gcc/arm-none-eabi/13.3.1/../../../../arm-none-eabi/lib/thumb/v8-m.main+fp/hard\libc_nano.a(libc_a-strtok_r.o)
                0x08016a80                __strtok_r
 .text._localeconv_r
                0x08016ad0        0x8 C:/ST/STM32CubeIDE_1.18.1/STM32CubeIDE/plugins/com.st.stm32cube.ide.mcu.externaltools.gnu-tools-for-stm32.13.3.rel1.win32_1.0.0.202411081344/tools/bin/../lib/gcc/arm-none-eabi/13.3.1/../../../../arm-none-eabi/lib/thumb/v8-m.main+fp/hard\libc_nano.a(libc_a-localeconv.o)
                0x08016ad0                _localeconv_r
 .text._close_r
                0x08016ad8       0x20 C:/ST/STM32CubeIDE_1.18.1/STM32CubeIDE/plugins/com.st.stm32cube.ide.mcu.externaltools.gnu-tools-for-stm32.13.3.rel1.win32_1.0.0.202411081344/tools/bin/../lib/gcc/arm-none-eabi/13.3.1/../../../../arm-none-eabi/lib/thumb/v8-m.main+fp/hard\libc_nano.a(libc_a-closer.o)
                0x08016ad8                _close_r
 .text._lseek_r
                0x08016af8       0x24 C:/ST/STM32CubeIDE_1.18.1/STM32CubeIDE/plugins/com.st.stm32cube.ide.mcu.externaltools.gnu-tools-for-stm32.13.3.rel1.win32_1.0.0.202411081344/tools/bin/../lib/gcc/arm-none-eabi/13.3.1/../../../../arm-none-eabi/lib/thumb/v8-m.main+fp/hard\libc_nano.a(libc_a-lseekr.o)
                0x08016af8                _lseek_r
 .text._read_r  0x08016b1c       0x24 C:/ST/STM32CubeIDE_1.18.1/STM32CubeIDE/plugins/com.st.stm32cube.ide.mcu.externaltools.gnu-tools-for-stm32.13.3.rel1.win32_1.0.0.202411081344/tools/bin/../lib/gcc/arm-none-eabi/13.3.1/../../../../arm-none-eabi/lib/thumb/v8-m.main+fp/hard\libc_nano.a(libc_a-readr.o)
                0x08016b1c                _read_r
 .text._write_r
                0x08016b40       0x24 C:/ST/STM32CubeIDE_1.18.1/STM32CubeIDE/plugins/com.st.stm32cube.ide.mcu.externaltools.gnu-tools-for-stm32.13.3.rel1.win32_1.0.0.202411081344/tools/bin/../lib/gcc/arm-none-eabi/13.3.1/../../../../arm-none-eabi/lib/thumb/v8-m.main+fp/hard\libc_nano.a(libc_a-writer.o)
                0x08016b40                _write_r
 .text.__errno  0x08016b64        0xc C:/ST/STM32CubeIDE_1.18.1/STM32CubeIDE/plugins/com.st.stm32cube.ide.mcu.externaltools.gnu-tools-for-stm32.13.3.rel1.win32_1.0.0.202411081344/tools/bin/../lib/gcc/arm-none-eabi/13.3.1/../../../../arm-none-eabi/lib/thumb/v8-m.main+fp/hard\libc_nano.a(libc_a-errno.o)
                0x08016b64                __errno
 .text.__libc_init_array
                0x08016b70       0x48 C:/ST/STM32CubeIDE_1.18.1/STM32CubeIDE/plugins/com.st.stm32cube.ide.mcu.externaltools.gnu-tools-for-stm32.13.3.rel1.win32_1.0.0.202411081344/tools/bin/../lib/gcc/arm-none-eabi/13.3.1/../../../../arm-none-eabi/lib/thumb/v8-m.main+fp/hard\libc_nano.a(libc_a-init.o)
                0x08016b70                __libc_init_array
 .text.__retarget_lock_init_recursive
                0x08016bb8        0x2 C:/ST/STM32CubeIDE_1.18.1/STM32CubeIDE/plugins/com.st.stm32cube.ide.mcu.externaltools.gnu-tools-for-stm32.13.3.rel1.win32_1.0.0.202411081344/tools/bin/../lib/gcc/arm-none-eabi/13.3.1/../../../../arm-none-eabi/lib/thumb/v8-m.main+fp/hard\libc_nano.a(libc_a-lock.o)
                0x08016bb8                __retarget_lock_init_recursive
 .text.__retarget_lock_acquire_recursive
                0x08016bba        0x2 C:/ST/STM32CubeIDE_1.18.1/STM32CubeIDE/plugins/com.st.stm32cube.ide.mcu.externaltools.gnu-tools-for-stm32.13.3.rel1.win32_1.0.0.202411081344/tools/bin/../lib/gcc/arm-none-eabi/13.3.1/../../../../arm-none-eabi/lib/thumb/v8-m.main+fp/hard\libc_nano.a(libc_a-lock.o)
                0x08016bba                __retarget_lock_acquire_recursive
 .text.__retarget_lock_release_recursive
                0x08016bbc        0x2 C:/ST/STM32CubeIDE_1.18.1/STM32CubeIDE/plugins/com.st.stm32cube.ide.mcu.externaltools.gnu-tools-for-stm32.13.3.rel1.win32_1.0.0.202411081344/tools/bin/../lib/gcc/arm-none-eabi/13.3.1/../../../../arm-none-eabi/lib/thumb/v8-m.main+fp/hard\libc_nano.a(libc_a-lock.o)
                0x08016bbc                __retarget_lock_release_recursive
 .text.memchr   0x08016bbe       0x1c C:/ST/STM32CubeIDE_1.18.1/STM32CubeIDE/plugins/com.st.stm32cube.ide.mcu.externaltools.gnu-tools-for-stm32.13.3.rel1.win32_1.0.0.202411081344/tools/bin/../lib/gcc/arm-none-eabi/13.3.1/../../../../arm-none-eabi/lib/thumb/v8-m.main+fp/hard\libc_nano.a(libc_a-memchr-stub.o)
                0x08016bbe                memchr
 .text.memcpy   0x08016bda       0x1a C:/ST/STM32CubeIDE_1.18.1/STM32CubeIDE/plugins/com.st.stm32cube.ide.mcu.externaltools.gnu-tools-for-stm32.13.3.rel1.win32_1.0.0.202411081344/tools/bin/../lib/gcc/arm-none-eabi/13.3.1/../../../../arm-none-eabi/lib/thumb/v8-m.main+fp/hard\libc_nano.a(libc_a-memcpy-stub.o)
                0x08016bda                memcpy
 *fill*         0x08016bf4        0x4 
 .text.nan      0x08016bf8       0x10 C:/ST/STM32CubeIDE_1.18.1/STM32CubeIDE/plugins/com.st.stm32cube.ide.mcu.externaltools.gnu-tools-for-stm32.13.3.rel1.win32_1.0.0.202411081344/tools/bin/../lib/gcc/arm-none-eabi/13.3.1/../../../../arm-none-eabi/lib/thumb/v8-m.main+fp/hard\libc_nano.a(libm_a-s_nan.o)
                0x08016bf8                nan
 .text.nanf     0x08016c08        0xc C:/ST/STM32CubeIDE_1.18.1/STM32CubeIDE/plugins/com.st.stm32cube.ide.mcu.externaltools.gnu-tools-for-stm32.13.3.rel1.win32_1.0.0.202411081344/tools/bin/../lib/gcc/arm-none-eabi/13.3.1/../../../../arm-none-eabi/lib/thumb/v8-m.main+fp/hard\libc_nano.a(libm_a-sf_nan.o)
                0x08016c08                nanf
 .text.__assert_func
                0x08016c14       0x3c C:/ST/STM32CubeIDE_1.18.1/STM32CubeIDE/plugins/com.st.stm32cube.ide.mcu.externaltools.gnu-tools-for-stm32.13.3.rel1.win32_1.0.0.202411081344/tools/bin/../lib/gcc/arm-none-eabi/13.3.1/../../../../arm-none-eabi/lib/thumb/v8-m.main+fp/hard\libc_nano.a(libc_a-assert.o)
                0x08016c14                __assert_func
 .text.quorem   0x08016c50      0x11a C:/ST/STM32CubeIDE_1.18.1/STM32CubeIDE/plugins/com.st.stm32cube.ide.mcu.externaltools.gnu-tools-for-stm32.13.3.rel1.win32_1.0.0.202411081344/tools/bin/../lib/gcc/arm-none-eabi/13.3.1/../../../../arm-none-eabi/lib/thumb/v8-m.main+fp/hard\libc_nano.a(libc_a-dtoa.o)
 *fill*         0x08016d6a        0x6 
 .text._dtoa_r  0x08016d70      0xba4 C:/ST/STM32CubeIDE_1.18.1/STM32CubeIDE/plugins/com.st.stm32cube.ide.mcu.externaltools.gnu-tools-for-stm32.13.3.rel1.win32_1.0.0.202411081344/tools/bin/../lib/gcc/arm-none-eabi/13.3.1/../../../../arm-none-eabi/lib/thumb/v8-m.main+fp/hard\libc_nano.a(libc_a-dtoa.o)
                0x08016d70                _dtoa_r
 .text._free_r  0x08017914       0x94 C:/ST/STM32CubeIDE_1.18.1/STM32CubeIDE/plugins/com.st.stm32cube.ide.mcu.externaltools.gnu-tools-for-stm32.13.3.rel1.win32_1.0.0.202411081344/tools/bin/../lib/gcc/arm-none-eabi/13.3.1/../../../../arm-none-eabi/lib/thumb/v8-m.main+fp/hard\libc_nano.a(libc_a-freer.o)
                0x08017914                _free_r
 .text.rshift   0x080179a8       0xa2 C:/ST/STM32CubeIDE_1.18.1/STM32CubeIDE/plugins/com.st.stm32cube.ide.mcu.externaltools.gnu-tools-for-stm32.13.3.rel1.win32_1.0.0.202411081344/tools/bin/../lib/gcc/arm-none-eabi/13.3.1/../../../../arm-none-eabi/lib/thumb/v8-m.main+fp/hard\libc_nano.a(libc_a-gdtoa-gethex.o)
 .text.__hexdig_fun
                0x08017a4a       0x2a C:/ST/STM32CubeIDE_1.18.1/STM32CubeIDE/plugins/com.st.stm32cube.ide.mcu.externaltools.gnu-tools-for-stm32.13.3.rel1.win32_1.0.0.202411081344/tools/bin/../lib/gcc/arm-none-eabi/13.3.1/../../../../arm-none-eabi/lib/thumb/v8-m.main+fp/hard\libc_nano.a(libc_a-gdtoa-gethex.o)
                0x08017a4a                __hexdig_fun
 .text.__gethex
                0x08017a74      0x41c C:/ST/STM32CubeIDE_1.18.1/STM32CubeIDE/plugins/com.st.stm32cube.ide.mcu.externaltools.gnu-tools-for-stm32.13.3.rel1.win32_1.0.0.202411081344/tools/bin/../lib/gcc/arm-none-eabi/13.3.1/../../../../arm-none-eabi/lib/thumb/v8-m.main+fp/hard\libc_nano.a(libc_a-gdtoa-gethex.o)
                0x08017a74                __gethex
 .text.L_shift  0x08017e90       0x24 C:/ST/STM32CubeIDE_1.18.1/STM32CubeIDE/plugins/com.st.stm32cube.ide.mcu.externaltools.gnu-tools-for-stm32.13.3.rel1.win32_1.0.0.202411081344/tools/bin/../lib/gcc/arm-none-eabi/13.3.1/../../../../arm-none-eabi/lib/thumb/v8-m.main+fp/hard\libc_nano.a(libc_a-gdtoa-hexnan.o)
 .text.__match  0x08017eb4       0x28 C:/ST/STM32CubeIDE_1.18.1/STM32CubeIDE/plugins/com.st.stm32cube.ide.mcu.externaltools.gnu-tools-for-stm32.13.3.rel1.win32_1.0.0.202411081344/tools/bin/../lib/gcc/arm-none-eabi/13.3.1/../../../../arm-none-eabi/lib/thumb/v8-m.main+fp/hard\libc_nano.a(libc_a-gdtoa-hexnan.o)
                0x08017eb4                __match
 .text.__hexnan
                0x08017edc      0x136 C:/ST/STM32CubeIDE_1.18.1/STM32CubeIDE/plugins/com.st.stm32cube.ide.mcu.externaltools.gnu-tools-for-stm32.13.3.rel1.win32_1.0.0.202411081344/tools/bin/../lib/gcc/arm-none-eabi/13.3.1/../../../../arm-none-eabi/lib/thumb/v8-m.main+fp/hard\libc_nano.a(libc_a-gdtoa-hexnan.o)
                0x08017edc                __hexnan
 *fill*         0x08018012        0x2 
 .text.malloc   0x08018014       0x10 C:/ST/STM32CubeIDE_1.18.1/STM32CubeIDE/plugins/com.st.stm32cube.ide.mcu.externaltools.gnu-tools-for-stm32.13.3.rel1.win32_1.0.0.202411081344/tools/bin/../lib/gcc/arm-none-eabi/13.3.1/../../../../arm-none-eabi/lib/thumb/v8-m.main+fp/hard\libc_nano.a(libc_a-malloc.o)
                0x08018014                malloc
 .text.sbrk_aligned
                0x08018024       0x44 C:/ST/STM32CubeIDE_1.18.1/STM32CubeIDE/plugins/com.st.stm32cube.ide.mcu.externaltools.gnu-tools-for-stm32.13.3.rel1.win32_1.0.0.202411081344/tools/bin/../lib/gcc/arm-none-eabi/13.3.1/../../../../arm-none-eabi/lib/thumb/v8-m.main+fp/hard\libc_nano.a(libc_a-mallocr.o)
 .text._malloc_r
                0x08018068      0x100 C:/ST/STM32CubeIDE_1.18.1/STM32CubeIDE/plugins/com.st.stm32cube.ide.mcu.externaltools.gnu-tools-for-stm32.13.3.rel1.win32_1.0.0.202411081344/tools/bin/../lib/gcc/arm-none-eabi/13.3.1/../../../../arm-none-eabi/lib/thumb/v8-m.main+fp/hard\libc_nano.a(libc_a-mallocr.o)
                0x08018068                _malloc_r
 .text.__ascii_mbtowc
                0x08018168       0x24 C:/ST/STM32CubeIDE_1.18.1/STM32CubeIDE/plugins/com.st.stm32cube.ide.mcu.externaltools.gnu-tools-for-stm32.13.3.rel1.win32_1.0.0.202411081344/tools/bin/../lib/gcc/arm-none-eabi/13.3.1/../../../../arm-none-eabi/lib/thumb/v8-m.main+fp/hard\libc_nano.a(libc_a-mbtowc_r.o)
                0x08018168                __ascii_mbtowc
 .text.__malloc_lock
                0x0801818c        0xc C:/ST/STM32CubeIDE_1.18.1/STM32CubeIDE/plugins/com.st.stm32cube.ide.mcu.externaltools.gnu-tools-for-stm32.13.3.rel1.win32_1.0.0.202411081344/tools/bin/../lib/gcc/arm-none-eabi/13.3.1/../../../../arm-none-eabi/lib/thumb/v8-m.main+fp/hard\libc_nano.a(libc_a-mlock.o)
                0x0801818c                __malloc_lock
 .text.__malloc_unlock
                0x08018198        0xc C:/ST/STM32CubeIDE_1.18.1/STM32CubeIDE/plugins/com.st.stm32cube.ide.mcu.externaltools.gnu-tools-for-stm32.13.3.rel1.win32_1.0.0.202411081344/tools/bin/../lib/gcc/arm-none-eabi/13.3.1/../../../../arm-none-eabi/lib/thumb/v8-m.main+fp/hard\libc_nano.a(libc_a-mlock.o)
                0x08018198                __malloc_unlock
 .text._Balloc  0x080181a4       0x80 C:/ST/STM32CubeIDE_1.18.1/STM32CubeIDE/plugins/com.st.stm32cube.ide.mcu.externaltools.gnu-tools-for-stm32.13.3.rel1.win32_1.0.0.202411081344/tools/bin/../lib/gcc/arm-none-eabi/13.3.1/../../../../arm-none-eabi/lib/thumb/v8-m.main+fp/hard\libc_nano.a(libc_a-mprec.o)
                0x080181a4                _Balloc
 .text._Bfree   0x08018224       0x44 C:/ST/STM32CubeIDE_1.18.1/STM32CubeIDE/plugins/com.st.stm32cube.ide.mcu.externaltools.gnu-tools-for-stm32.13.3.rel1.win32_1.0.0.202411081344/tools/bin/../lib/gcc/arm-none-eabi/13.3.1/../../../../arm-none-eabi/lib/thumb/v8-m.main+fp/hard\libc_nano.a(libc_a-mprec.o)
                0x08018224                _Bfree
 .text.__multadd
                0x08018268       0x90 C:/ST/STM32CubeIDE_1.18.1/STM32CubeIDE/plugins/com.st.stm32cube.ide.mcu.externaltools.gnu-tools-for-stm32.13.3.rel1.win32_1.0.0.202411081344/tools/bin/../lib/gcc/arm-none-eabi/13.3.1/../../../../arm-none-eabi/lib/thumb/v8-m.main+fp/hard\libc_nano.a(libc_a-mprec.o)
                0x08018268                __multadd
 .text.__s2b    0x080182f8       0x94 C:/ST/STM32CubeIDE_1.18.1/STM32CubeIDE/plugins/com.st.stm32cube.ide.mcu.externaltools.gnu-tools-for-stm32.13.3.rel1.win32_1.0.0.202411081344/tools/bin/../lib/gcc/arm-none-eabi/13.3.1/../../../../arm-none-eabi/lib/thumb/v8-m.main+fp/hard\libc_nano.a(libc_a-mprec.o)
                0x080182f8                __s2b
 .text.__hi0bits
                0x0801838c       0x3e C:/ST/STM32CubeIDE_1.18.1/STM32CubeIDE/plugins/com.st.stm32cube.ide.mcu.externaltools.gnu-tools-for-stm32.13.3.rel1.win32_1.0.0.202411081344/tools/bin/../lib/gcc/arm-none-eabi/13.3.1/../../../../arm-none-eabi/lib/thumb/v8-m.main+fp/hard\libc_nano.a(libc_a-mprec.o)
                0x0801838c                __hi0bits
 .text.__lo0bits
                0x080183ca       0x5a C:/ST/STM32CubeIDE_1.18.1/STM32CubeIDE/plugins/com.st.stm32cube.ide.mcu.externaltools.gnu-tools-for-stm32.13.3.rel1.win32_1.0.0.202411081344/tools/bin/../lib/gcc/arm-none-eabi/13.3.1/../../../../arm-none-eabi/lib/thumb/v8-m.main+fp/hard\libc_nano.a(libc_a-mprec.o)
                0x080183ca                __lo0bits
 .text.__i2b    0x08018424       0x2c C:/ST/STM32CubeIDE_1.18.1/STM32CubeIDE/plugins/com.st.stm32cube.ide.mcu.externaltools.gnu-tools-for-stm32.13.3.rel1.win32_1.0.0.202411081344/tools/bin/../lib/gcc/arm-none-eabi/13.3.1/../../../../arm-none-eabi/lib/thumb/v8-m.main+fp/hard\libc_nano.a(libc_a-mprec.o)
                0x08018424                __i2b
 .text.__multiply
                0x08018450      0x148 C:/ST/STM32CubeIDE_1.18.1/STM32CubeIDE/plugins/com.st.stm32cube.ide.mcu.externaltools.gnu-tools-for-stm32.13.3.rel1.win32_1.0.0.202411081344/tools/bin/../lib/gcc/arm-none-eabi/13.3.1/../../../../arm-none-eabi/lib/thumb/v8-m.main+fp/hard\libc_nano.a(libc_a-mprec.o)
                0x08018450                __multiply
 .text.__pow5mult
                0x08018598       0xb4 C:/ST/STM32CubeIDE_1.18.1/STM32CubeIDE/plugins/com.st.stm32cube.ide.mcu.externaltools.gnu-tools-for-stm32.13.3.rel1.win32_1.0.0.202411081344/tools/bin/../lib/gcc/arm-none-eabi/13.3.1/../../../../arm-none-eabi/lib/thumb/v8-m.main+fp/hard\libc_nano.a(libc_a-mprec.o)
                0x08018598                __pow5mult
 .text.__lshift
                0x0801864c       0xd8 C:/ST/STM32CubeIDE_1.18.1/STM32CubeIDE/plugins/com.st.stm32cube.ide.mcu.externaltools.gnu-tools-for-stm32.13.3.rel1.win32_1.0.0.202411081344/tools/bin/../lib/gcc/arm-none-eabi/13.3.1/../../../../arm-none-eabi/lib/thumb/v8-m.main+fp/hard\libc_nano.a(libc_a-mprec.o)
                0x0801864c                __lshift
 .text.__mcmp   0x08018724       0x36 C:/ST/STM32CubeIDE_1.18.1/STM32CubeIDE/plugins/com.st.stm32cube.ide.mcu.externaltools.gnu-tools-for-stm32.13.3.rel1.win32_1.0.0.202411081344/tools/bin/../lib/gcc/arm-none-eabi/13.3.1/../../../../arm-none-eabi/lib/thumb/v8-m.main+fp/hard\libc_nano.a(libc_a-mprec.o)
                0x08018724                __mcmp
 *fill*         0x0801875a        0x2 
 .text.__mdiff  0x0801875c      0x130 C:/ST/STM32CubeIDE_1.18.1/STM32CubeIDE/plugins/com.st.stm32cube.ide.mcu.externaltools.gnu-tools-for-stm32.13.3.rel1.win32_1.0.0.202411081344/tools/bin/../lib/gcc/arm-none-eabi/13.3.1/../../../../arm-none-eabi/lib/thumb/v8-m.main+fp/hard\libc_nano.a(libc_a-mprec.o)
                0x0801875c                __mdiff
 .text.__ulp    0x0801888c       0x4c C:/ST/STM32CubeIDE_1.18.1/STM32CubeIDE/plugins/com.st.stm32cube.ide.mcu.externaltools.gnu-tools-for-stm32.13.3.rel1.win32_1.0.0.202411081344/tools/bin/../lib/gcc/arm-none-eabi/13.3.1/../../../../arm-none-eabi/lib/thumb/v8-m.main+fp/hard\libc_nano.a(libc_a-mprec.o)
                0x0801888c                __ulp
 .text.__b2d    0x080188d8       0x9c C:/ST/STM32CubeIDE_1.18.1/STM32CubeIDE/plugins/com.st.stm32cube.ide.mcu.externaltools.gnu-tools-for-stm32.13.3.rel1.win32_1.0.0.202411081344/tools/bin/../lib/gcc/arm-none-eabi/13.3.1/../../../../arm-none-eabi/lib/thumb/v8-m.main+fp/hard\libc_nano.a(libc_a-mprec.o)
                0x080188d8                __b2d
 .text.__d2b    0x08018974       0xb0 C:/ST/STM32CubeIDE_1.18.1/STM32CubeIDE/plugins/com.st.stm32cube.ide.mcu.externaltools.gnu-tools-for-stm32.13.3.rel1.win32_1.0.0.202411081344/tools/bin/../lib/gcc/arm-none-eabi/13.3.1/../../../../arm-none-eabi/lib/thumb/v8-m.main+fp/hard\libc_nano.a(libc_a-mprec.o)
                0x08018974                __d2b
 .text.__ratio  0x08018a24       0x64 C:/ST/STM32CubeIDE_1.18.1/STM32CubeIDE/plugins/com.st.stm32cube.ide.mcu.externaltools.gnu-tools-for-stm32.13.3.rel1.win32_1.0.0.202411081344/tools/bin/../lib/gcc/arm-none-eabi/13.3.1/../../../../arm-none-eabi/lib/thumb/v8-m.main+fp/hard\libc_nano.a(libc_a-mprec.o)
                0x08018a24                __ratio
 .text.__copybits
                0x08018a88       0x46 C:/ST/STM32CubeIDE_1.18.1/STM32CubeIDE/plugins/com.st.stm32cube.ide.mcu.externaltools.gnu-tools-for-stm32.13.3.rel1.win32_1.0.0.202411081344/tools/bin/../lib/gcc/arm-none-eabi/13.3.1/../../../../arm-none-eabi/lib/thumb/v8-m.main+fp/hard\libc_nano.a(libc_a-mprec.o)
                0x08018a88                __copybits
 .text.__any_on
                0x08018ace       0x42 C:/ST/STM32CubeIDE_1.18.1/STM32CubeIDE/plugins/com.st.stm32cube.ide.mcu.externaltools.gnu-tools-for-stm32.13.3.rel1.win32_1.0.0.202411081344/tools/bin/../lib/gcc/arm-none-eabi/13.3.1/../../../../arm-none-eabi/lib/thumb/v8-m.main+fp/hard\libc_nano.a(libc_a-mprec.o)
                0x08018ace                __any_on
 .text._strtol_l.isra.0
                0x08018b10       0xf4 C:/ST/STM32CubeIDE_1.18.1/STM32CubeIDE/plugins/com.st.stm32cube.ide.mcu.externaltools.gnu-tools-for-stm32.13.3.rel1.win32_1.0.0.202411081344/tools/bin/../lib/gcc/arm-none-eabi/13.3.1/../../../../arm-none-eabi/lib/thumb/v8-m.main+fp/hard\libc_nano.a(libc_a-strtol.o)
 .text._strtol_r
                0x08018c04        0x4 C:/ST/STM32CubeIDE_1.18.1/STM32CubeIDE/plugins/com.st.stm32cube.ide.mcu.externaltools.gnu-tools-for-stm32.13.3.rel1.win32_1.0.0.202411081344/tools/bin/../lib/gcc/arm-none-eabi/13.3.1/../../../../arm-none-eabi/lib/thumb/v8-m.main+fp/hard\libc_nano.a(libc_a-strtol.o)
                0x08018c04                _strtol_r
 .text.__ascii_wctomb
                0x08018c08       0x1a C:/ST/STM32CubeIDE_1.18.1/STM32CubeIDE/plugins/com.st.stm32cube.ide.mcu.externaltools.gnu-tools-for-stm32.13.3.rel1.win32_1.0.0.202411081344/tools/bin/../lib/gcc/arm-none-eabi/13.3.1/../../../../arm-none-eabi/lib/thumb/v8-m.main+fp/hard\libc_nano.a(libc_a-wctomb_r.o)
                0x08018c08                __ascii_wctomb
 .text.__ssputs_r
                0x08018c22       0xb6 C:/ST/STM32CubeIDE_1.18.1/STM32CubeIDE/plugins/com.st.stm32cube.ide.mcu.externaltools.gnu-tools-for-stm32.13.3.rel1.win32_1.0.0.202411081344/tools/bin/../lib/gcc/arm-none-eabi/13.3.1/../../../../arm-none-eabi/lib/thumb/v8-m.main+fp/hard\libc_nano.a(libc_a-nano-svfprintf.o)
                0x08018c22                __ssputs_r
 .text._svfprintf_r
                0x08018cd8      0x1f8 C:/ST/STM32CubeIDE_1.18.1/STM32CubeIDE/plugins/com.st.stm32cube.ide.mcu.externaltools.gnu-tools-for-stm32.13.3.rel1.win32_1.0.0.202411081344/tools/bin/../lib/gcc/arm-none-eabi/13.3.1/../../../../arm-none-eabi/lib/thumb/v8-m.main+fp/hard\libc_nano.a(libc_a-nano-svfprintf.o)
                0x08018cd8                _svfiprintf_r
                0x08018cd8                _svfprintf_r
 .text._sungetc_r
                0x08018ed0       0x7a C:/ST/STM32CubeIDE_1.18.1/STM32CubeIDE/plugins/com.st.stm32cube.ide.mcu.externaltools.gnu-tools-for-stm32.13.3.rel1.win32_1.0.0.202411081344/tools/bin/../lib/gcc/arm-none-eabi/13.3.1/../../../../arm-none-eabi/lib/thumb/v8-m.main+fp/hard\libc_nano.a(libc_a-nano-svfscanf.o)
                0x08018ed0                _sungetc_r
 .text.__ssrefill_r
                0x08018f4a       0x3a C:/ST/STM32CubeIDE_1.18.1/STM32CubeIDE/plugins/com.st.stm32cube.ide.mcu.externaltools.gnu-tools-for-stm32.13.3.rel1.win32_1.0.0.202411081344/tools/bin/../lib/gcc/arm-none-eabi/13.3.1/../../../../arm-none-eabi/lib/thumb/v8-m.main+fp/hard\libc_nano.a(libc_a-nano-svfscanf.o)
                0x08018f4a                __ssrefill_r
 .text.__ssvfscanf_r
                0x08018f84      0x2ec C:/ST/STM32CubeIDE_1.18.1/STM32CubeIDE/plugins/com.st.stm32cube.ide.mcu.externaltools.gnu-tools-for-stm32.13.3.rel1.win32_1.0.0.202411081344/tools/bin/../lib/gcc/arm-none-eabi/13.3.1/../../../../arm-none-eabi/lib/thumb/v8-m.main+fp/hard\libc_nano.a(libc_a-nano-svfscanf.o)
                0x08018f84                __ssvfiscanf_r
                0x08018f84                __ssvfscanf_r
 .text._scanf_chars
                0x08019270       0xb4 C:/ST/STM32CubeIDE_1.18.1/STM32CubeIDE/plugins/com.st.stm32cube.ide.mcu.externaltools.gnu-tools-for-stm32.13.3.rel1.win32_1.0.0.202411081344/tools/bin/../lib/gcc/arm-none-eabi/13.3.1/../../../../arm-none-eabi/lib/thumb/v8-m.main+fp/hard\libc_nano.a(libc_a-nano-vfscanf_i.o)
                0x08019270                _scanf_chars
 .text._scanf_i
                0x08019324      0x1e4 C:/ST/STM32CubeIDE_1.18.1/STM32CubeIDE/plugins/com.st.stm32cube.ide.mcu.externaltools.gnu-tools-for-stm32.13.3.rel1.win32_1.0.0.202411081344/tools/bin/../lib/gcc/arm-none-eabi/13.3.1/../../../../arm-none-eabi/lib/thumb/v8-m.main+fp/hard\libc_nano.a(libc_a-nano-vfscanf_i.o)
                0x08019324                _scanf_i
 .text.__sflush_r
                0x08019508      0x108 C:/ST/STM32CubeIDE_1.18.1/STM32CubeIDE/plugins/com.st.stm32cube.ide.mcu.externaltools.gnu-tools-for-stm32.13.3.rel1.win32_1.0.0.202411081344/tools/bin/../lib/gcc/arm-none-eabi/13.3.1/../../../../arm-none-eabi/lib/thumb/v8-m.main+fp/hard\libc_nano.a(libc_a-fflush.o)
                0x08019508                __sflush_r
 .text._fflush_r
                0x08019610       0x50 C:/ST/STM32CubeIDE_1.18.1/STM32CubeIDE/plugins/com.st.stm32cube.ide.mcu.externaltools.gnu-tools-for-stm32.13.3.rel1.win32_1.0.0.202411081344/tools/bin/../lib/gcc/arm-none-eabi/13.3.1/../../../../arm-none-eabi/lib/thumb/v8-m.main+fp/hard\libc_nano.a(libc_a-fflush.o)
                0x08019610                _fflush_r
 .text.fprintf  0x08019660       0x24 C:/ST/STM32CubeIDE_1.18.1/STM32CubeIDE/plugins/com.st.stm32cube.ide.mcu.externaltools.gnu-tools-for-stm32.13.3.rel1.win32_1.0.0.202411081344/tools/bin/../lib/gcc/arm-none-eabi/13.3.1/../../../../arm-none-eabi/lib/thumb/v8-m.main+fp/hard\libc_nano.a(libc_a-fprintf.o)
                0x08019660                fiprintf
                0x08019660                fprintf
 .text.__sccl   0x08019684       0x72 C:/ST/STM32CubeIDE_1.18.1/STM32CubeIDE/plugins/com.st.stm32cube.ide.mcu.externaltools.gnu-tools-for-stm32.13.3.rel1.win32_1.0.0.202411081344/tools/bin/../lib/gcc/arm-none-eabi/13.3.1/../../../../arm-none-eabi/lib/thumb/v8-m.main+fp/hard\libc_nano.a(libc_a-sccl.o)
                0x08019684                __sccl
 .text.__submore
                0x080196f6       0x6e C:/ST/STM32CubeIDE_1.18.1/STM32CubeIDE/plugins/com.st.stm32cube.ide.mcu.externaltools.gnu-tools-for-stm32.13.3.rel1.win32_1.0.0.202411081344/tools/bin/../lib/gcc/arm-none-eabi/13.3.1/../../../../arm-none-eabi/lib/thumb/v8-m.main+fp/hard\libc_nano.a(libc_a-ungetc.o)
                0x080196f6                __submore