../Core/Src/main.c:121:6:HAL_UART_RxCpltCallback	16	static
../Core/Src/main.c:128:6:HAL_UARTEx_RxEventCallback	16	static
../Core/Src/main.c:138:6:HAL_UART_ErrorCallback	16	static
../Core/Src/main.c:143:6:HAL_TIM_PeriodElapsedCallback	16	static
../Core/Src/main.c:147:6:HAL_I2C_MemRxCpltCallback	16	static
../Core/Src/main.c:151:6:HAL_I2C_ErrorCallback	16	static
../Core/Src/main.c:163:5:main	8	static
../Core/Src/main.c:228:6:SystemClock_Config	120	static
../Core/Src/main.c:289:13:MX_GPDMA1_Init	16	static
../Core/Src/main.c:321:13:MX_GPDMA2_Init	16	static
../Core/Src/main.c:351:13:MX_I2C1_Init	8	static
../Core/Src/main.c:399:13:MX_I2C2_Init	8	static
../Core/Src/main.c:447:13:MX_ICACHE_Init	8	static
../Core/Src/main.c:475:13:MX_SPI1_Init	8	static
../Core/Src/main.c:523:13:MX_SPI2_Init	8	static
../Core/Src/main.c:571:13:MX_TIM3_Init	64	static
../Core/Src/main.c:642:13:MX_TIM6_Init	24	static
../Core/Src/main.c:680:13:MX_UART4_Init	8	static
../Core/Src/main.c:728:13:MX_UART7_Init	8	static
../Core/Src/main.c:776:13:MX_USART1_UART_Init	8	static
../Core/Src/main.c:824:13:MX_USART2_UART_Init	8	static
../Core/Src/main.c:872:13:MX_GPIO_Init	48	static
../Core/Src/main.c:945:6:Error_Handler	4	static,ignoring_inline_asm
