../Core/Src/main.c:120:6:HAL_UART_RxCpltCallback	16	static
../Core/Src/main.c:130:6:HAL_UARTEx_RxEventCallback	16	static
../Core/Src/main.c:139:6:HAL_TIM_PeriodElapsedCallback	16	static
../Core/Src/main.c:143:6:HAL_I2C_MemRxCpltCallback	16	static
../Core/Src/main.c:147:6:HAL_I2C_ErrorCallback	16	static
../Core/Src/main.c:159:5:main	8	static
../Core/Src/main.c:237:6:SystemClock_Config	120	static
../Core/Src/main.c:296:13:MX_GPDMA1_Init	16	static
../Core/Src/main.c:325:13:MX_GPDMA2_Init	16	static
../Core/Src/main.c:354:13:MX_I2C1_Init	8	static
../Core/Src/main.c:399:13:MX_I2C2_Init	8	static
../Core/Src/main.c:444:13:MX_ICACHE_Init	8	static
../Core/Src/main.c:470:13:MX_SPI1_Init	8	static
../Core/Src/main.c:516:13:MX_SPI2_Init	8	static
../Core/Src/main.c:562:13:MX_TIM3_Init	64	static
../Core/Src/main.c:629:13:MX_TIM6_Init	24	static
../Core/Src/main.c:665:13:MX_UART4_Init	8	static
../Core/Src/main.c:710:13:MX_UART7_Init	8	static
../Core/Src/main.c:755:13:MX_USART1_UART_Init	8	static
../Core/Src/main.c:800:13:MX_USART2_UART_Init	8	static
../Core/Src/main.c:845:13:MX_GPIO_Init	48	static
../Core/Src/main.c:918:6:Error_Handler	4	static,ignoring_inline_asm
