../Core/Src/main.c:123:6:HAL_UART_RxCpltCallback	1
../Core/Src/main.c:130:6:HAL_UARTEx_RxEventCallback	2
../Core/Src/main.c:140:6:HAL_UART_ErrorCallback	1
../Core/Src/main.c:145:6:HAL_TIM_PeriodElapsedCallback	1
../Core/Src/main.c:149:6:HAL_I2C_MemRxCpltCallback	1
../Core/Src/main.c:153:6:HAL_I2C_ErrorCallback	1
../Core/Src/main.c:165:5:main	1
../Core/Src/main.c:230:6:SystemClock_Config	4
../Core/Src/main.c:291:13:MX_GPDMA1_Init	1
../Core/Src/main.c:323:13:MX_GPDMA2_Init	1
../Core/Src/main.c:357:13:MX_I2C1_Init	4
../Core/Src/main.c:405:13:MX_I2C2_Init	4
../Core/Src/main.c:453:13:MX_ICACHE_Init	2
../Core/Src/main.c:481:13:MX_SPI1_Init	2
../Core/Src/main.c:529:13:MX_SPI2_Init	2
../Core/Src/main.c:577:13:MX_TIM3_Init	9
../Core/Src/main.c:648:13:MX_TIM6_Init	3
../Core/Src/main.c:686:13:MX_UART4_Init	5
../Core/Src/main.c:734:13:MX_UART7_Init	5
../Core/Src/main.c:782:13:MX_USART1_UART_Init	5
../Core/Src/main.c:830:13:MX_USART2_UART_Init	5
../Core/Src/main.c:878:13:MX_GPIO_Init	1
../Core/Src/main.c:951:6:Error_Handler	1
