../Core/Src/main.c:367:6:HAL_UART_RxCpltCallback	16	static
../Core/Src/main.c:396:6:HAL_UARTEx_RxEventCallback	16	static
../Core/Src/main.c:416:6:HAL_UART_ErrorCallback	16	static
../Core/Src/main.c:422:6:HAL_TIM_PeriodElapsedCallback	16	static
../Core/Src/main.c:430:6:HAL_I2C_MemRxCpltCallback	16	static
../Core/Src/main.c:435:6:HAL_I2C_ErrorCallback	16	static
../Core/Src/main.c:442:6:map	24	static
../Core/Src/main.c:446:7:constrain	24	static
../Core/Src/main.c:453:6:writeMotor	16	static
../Core/Src/main.c:457:6:Failsafe_Task	8	static
../Core/Src/main.c:475:6:RxController	24	static
../Core/Src/main.c:507:6:readIMU	8	static
../Core/Src/main.c:521:6:Estimate_Position_Kalman	72	static
../Core/Src/main.c:588:14:computeHeading	72	static
../Core/Src/main.c:606:7:readHeading	16	static
../Core/Src/main.c:623:7:readAltitude	24	static
../Core/Src/main.c:629:7:angle_diff	24	static
../Core/Src/main.c:641:6:calculateAngle	64	static
../Core/Src/main.c:721:6:Estimate_Position	72	static
../Core/Src/main.c:792:6:positionHold	56	static
../Core/Src/main.c:859:6:Estimate_Position_GPS_Kalman	80	static
../Core/Src/main.c:950:6:Run_XY_Controller	56	static
../Core/Src/main.c:992:6:GPS_PositionHold	104	static
../Core/Src/main.c:1082:6:Mode_AutoTakeoff	24	static
../Core/Src/main.c:1125:6:Mode_AutoLanding	24	static
../Core/Src/main.c:1273:6:calculatePIDAngle	32	static
../Core/Src/main.c:1388:6:calcualatePIDRate	32	static
../Core/Src/main.c:1427:6:mixer	24	static
../Core/Src/main.c:1453:6:PID_Task	16	static
../Core/Src/main.c:1462:6:calibIMU	4	static
../Core/Src/main.c:1488:7:DSP_CalibrationAltitude	24	static
../Core/Src/main.c:1509:5:main	48	static
../Core/Src/main.c:1735:6:SystemClock_Config	120	static
../Core/Src/main.c:1794:13:MX_GPDMA1_Init	16	static
../Core/Src/main.c:1825:13:MX_GPDMA2_Init	16	static
../Core/Src/main.c:1854:13:MX_I2C1_Init	8	static
../Core/Src/main.c:1899:13:MX_I2C2_Init	8	static
../Core/Src/main.c:1944:13:MX_ICACHE_Init	8	static
../Core/Src/main.c:1970:13:MX_SPI1_Init	8	static
../Core/Src/main.c:2016:13:MX_SPI2_Init	8	static
../Core/Src/main.c:2062:13:MX_TIM3_Init	64	static
../Core/Src/main.c:2129:13:MX_TIM6_Init	24	static
../Core/Src/main.c:2165:13:MX_UART4_Init	8	static
../Core/Src/main.c:2210:13:MX_UART7_Init	8	static
../Core/Src/main.c:2255:13:MX_USART1_UART_Init	8	static
../Core/Src/main.c:2300:13:MX_USART2_UART_Init	8	static
../Core/Src/main.c:2345:13:MX_GPIO_Init	48	static
../Core/Src/main.c:2418:6:Error_Handler	4	static,ignoring_inline_asm
