../Core/Src/main.c:276:6:HAL_UART_RxCpltCallback	16	static
../Core/Src/main.c:304:6:HAL_TIM_PeriodElapsedCallback	16	static
../Core/Src/main.c:311:6:map	24	static
../Core/Src/main.c:315:7:constrain	24	static
../Core/Src/main.c:322:6:writeMotor	16	static
../Core/Src/main.c:326:6:Failsafe_Task	8	static
../Core/Src/main.c:342:6:RxController	24	static
../Core/Src/main.c:363:6:readIMU	8	static
../Core/Src/main.c:377:6:Estimate_Position_Kalman	80	static
../Core/Src/main.c:445:7:readHeading	56	static
../Core/Src/main.c:471:6:calculateAngle	72	static
../Core/Src/main.c:540:6:Estimate_Position	72	static
../Core/Src/main.c:611:6:positionHold	64	static
../Core/Src/main.c:659:6:calculatePIDAngle	32	static
../Core/Src/main.c:701:6:calcualatePIDRate	56	static
../Core/Src/main.c:746:6:mixer	24	static
../Core/Src/main.c:772:6:PID_Task	16	static
../Core/Src/main.c:781:6:calibIMU	4	static
../Core/Src/main.c:812:5:main	32	static
../Core/Src/main.c:975:6:SystemClock_Config	120	static
../Core/Src/main.c:1034:13:MX_I2C1_Init	8	static
../Core/Src/main.c:1079:13:MX_I2C2_Init	8	static
../Core/Src/main.c:1124:13:MX_ICACHE_Init	8	static
../Core/Src/main.c:1150:13:MX_SPI1_Init	8	static
../Core/Src/main.c:1197:13:MX_SPI2_Init	8	static
../Core/Src/main.c:1244:13:MX_TIM3_Init	64	static
../Core/Src/main.c:1311:13:MX_TIM6_Init	24	static
../Core/Src/main.c:1347:13:MX_UART4_Init	8	static
../Core/Src/main.c:1392:13:MX_UART7_Init	8	static
../Core/Src/main.c:1437:13:MX_USART1_UART_Init	8	static
../Core/Src/main.c:1482:13:MX_USART2_UART_Init	8	static
../Core/Src/main.c:1527:13:MX_GPIO_Init	48	static
../Core/Src/main.c:1600:6:Error_Handler	4	static,ignoring_inline_asm
