../Core/Src/main.c:363:6:HAL_UART_RxCpltCallback	16	static
../Core/Src/main.c:392:6:HAL_UARTEx_RxEventCallback	16	static
../Core/Src/main.c:407:6:HAL_TIM_PeriodElapsedCallback	16	static
../Core/Src/main.c:415:6:HAL_I2C_MemRxCpltCallback	16	static
../Core/Src/main.c:420:6:HAL_I2C_ErrorCallback	16	static
../Core/Src/main.c:427:6:map	24	static
../Core/Src/main.c:431:7:constrain	24	static
../Core/Src/main.c:438:6:writeMotor	16	static
../Core/Src/main.c:442:6:Failsafe_Task	8	static
../Core/Src/main.c:459:6:RxController	24	static
../Core/Src/main.c:491:6:readIMU	8	static
../Core/Src/main.c:505:6:Estimate_Position_Kalman	72	static
../Core/Src/main.c:572:14:computeHeading	72	static
../Core/Src/main.c:590:7:readHeading	16	static
../Core/Src/main.c:607:7:readAltitude	24	static
../Core/Src/main.c:613:7:angle_diff	24	static
../Core/Src/main.c:625:6:calculateAngle	64	static
../Core/Src/main.c:705:6:Estimate_Position	72	static
../Core/Src/main.c:776:6:positionHold	56	static
../Core/Src/main.c:843:6:Estimate_Position_GPS_Kalman	80	static
../Core/Src/main.c:934:6:Run_XY_Controller	56	static
../Core/Src/main.c:965:6:GPS_PositionHold	144	static
../Core/Src/main.c:1095:6:Mode_AutoTakeoff	24	static
../Core/Src/main.c:1138:6:Mode_AutoLanding	16	static
../Core/Src/main.c:1286:6:calculatePIDAngle	32	static
../Core/Src/main.c:1401:6:calcualatePIDRate	32	static
../Core/Src/main.c:1440:6:mixer	24	static
../Core/Src/main.c:1471:6:PID_Task	16	static
../Core/Src/main.c:1480:6:calibIMU	4	static
../Core/Src/main.c:1506:7:DSP_CalibrationAltitude	24	static
../Core/Src/main.c:1521:6:landing	4	static
../Core/Src/main.c:1530:5:main	48	static
../Core/Src/main.c:1754:6:SystemClock_Config	120	static
../Core/Src/main.c:1813:13:MX_GPDMA1_Init	16	static
../Core/Src/main.c:1842:13:MX_GPDMA2_Init	16	static
../Core/Src/main.c:1871:13:MX_I2C1_Init	8	static
../Core/Src/main.c:1916:13:MX_I2C2_Init	8	static
../Core/Src/main.c:1961:13:MX_ICACHE_Init	8	static
../Core/Src/main.c:1987:13:MX_SPI1_Init	8	static
../Core/Src/main.c:2033:13:MX_SPI2_Init	8	static
../Core/Src/main.c:2079:13:MX_TIM3_Init	64	static
../Core/Src/main.c:2146:13:MX_TIM6_Init	24	static
../Core/Src/main.c:2182:13:MX_UART4_Init	8	static
../Core/Src/main.c:2227:13:MX_UART7_Init	8	static
../Core/Src/main.c:2272:13:MX_USART1_UART_Init	8	static
../Core/Src/main.c:2317:13:MX_USART2_UART_Init	8	static
../Core/Src/main.c:2362:13:MX_GPIO_Init	48	static
../Core/Src/main.c:2435:6:Error_Handler	4	static,ignoring_inline_asm
