../Core/Src/main.c:331:6:HAL_UART_RxCpltCallback	16	static
../Core/Src/main.c:360:6:HAL_UARTEx_RxEventCallback	16	static
../Core/Src/main.c:365:6:HAL_TIM_PeriodElapsedCallback	16	static
../Core/Src/main.c:372:6:map	24	static
../Core/Src/main.c:376:7:constrain	24	static
../Core/Src/main.c:383:6:writeMotor	16	static
../Core/Src/main.c:387:6:Failsafe_Task	8	static
../Core/Src/main.c:404:6:RxController	24	static
../Core/Src/main.c:435:6:readIMU	8	static
../Core/Src/main.c:449:6:Estimate_Position_Kalman	72	static
../Core/Src/main.c:516:14:computeHeading	72	static
../Core/Src/main.c:534:7:readHeading	16	static
../Core/Src/main.c:551:7:readAltitude	24	static
../Core/Src/main.c:557:6:calculateAngle	64	static
../Core/Src/main.c:634:6:Estimate_Position	72	static
../Core/Src/main.c:705:6:positionHold	56	static
../Core/Src/main.c:791:6:Estimate_Position_GPS_Kalman	72	static
../Core/Src/main.c:866:6:GPS_PositionHold	56	static
../Core/Src/main.c:919:6:calculatePIDAngle	32	static
../Core/Src/main.c:963:6:calcualatePIDRate	32	static
../Core/Src/main.c:992:6:mixer	24	static
../Core/Src/main.c:1023:6:PID_Task	16	static
../Core/Src/main.c:1032:6:calibIMU	4	static
../Core/Src/main.c:1066:7:DSP_CalibrationAltitude	24	static
../Core/Src/main.c:1081:5:main	40	static
../Core/Src/main.c:1296:6:SystemClock_Config	120	static
../Core/Src/main.c:1355:13:MX_GPDMA1_Init	16	static
../Core/Src/main.c:1382:13:MX_I2C1_Init	8	static
../Core/Src/main.c:1427:13:MX_I2C2_Init	8	static
../Core/Src/main.c:1472:13:MX_ICACHE_Init	8	static
../Core/Src/main.c:1498:13:MX_SPI1_Init	8	static
../Core/Src/main.c:1544:13:MX_SPI2_Init	8	static
../Core/Src/main.c:1590:13:MX_TIM3_Init	64	static
../Core/Src/main.c:1657:13:MX_TIM6_Init	24	static
../Core/Src/main.c:1693:13:MX_UART4_Init	8	static
../Core/Src/main.c:1738:13:MX_UART7_Init	8	static
../Core/Src/main.c:1783:13:MX_USART1_UART_Init	8	static
../Core/Src/main.c:1828:13:MX_USART2_UART_Init	8	static
../Core/Src/main.c:1873:13:MX_GPIO_Init	48	static
../Core/Src/main.c:1946:6:Error_Handler	4	static,ignoring_inline_asm
