../Core/Src/main.c:337:6:HAL_UART_RxCpltCallback	16	static
../Core/Src/main.c:366:6:HAL_UARTEx_RxEventCallback	16	static
../Core/Src/main.c:381:6:HAL_TIM_PeriodElapsedCallback	16	static
../Core/Src/main.c:388:6:map	24	static
../Core/Src/main.c:392:7:constrain	24	static
../Core/Src/main.c:399:6:writeMotor	16	static
../Core/Src/main.c:403:6:Failsafe_Task	8	static
../Core/Src/main.c:420:6:RxController	24	static
../Core/Src/main.c:448:6:readIMU	8	static
../Core/Src/main.c:462:6:Estimate_Position_Kalman	72	static
../Core/Src/main.c:529:14:computeHeading	72	static
../Core/Src/main.c:547:7:readHeading	16	static
../Core/Src/main.c:564:7:readAltitude	24	static
../Core/Src/main.c:570:6:calculateAngle	64	static
../Core/Src/main.c:647:6:Estimate_Position	72	static
../Core/Src/main.c:718:6:positionHold	56	static
../Core/Src/main.c:785:6:Estimate_Position_GPS_Kalman	80	static
../Core/Src/main.c:873:6:GPS_PositionHold	120	static
../Core/Src/main.c:975:6:calculatePIDAngle	32	static
../Core/Src/main.c:1020:6:calcualatePIDRate	32	static
../Core/Src/main.c:1049:6:mixer	24	static
../Core/Src/main.c:1080:6:PID_Task	16	static
../Core/Src/main.c:1089:6:calibIMU	4	static
../Core/Src/main.c:1123:7:DSP_CalibrationAltitude	24	static
../Core/Src/main.c:1138:5:main	48	static
../Core/Src/main.c:1361:6:SystemClock_Config	120	static
../Core/Src/main.c:1420:13:MX_GPDMA1_Init	16	static
../Core/Src/main.c:1449:13:MX_I2C1_Init	8	static
../Core/Src/main.c:1494:13:MX_I2C2_Init	8	static
../Core/Src/main.c:1539:13:MX_ICACHE_Init	8	static
../Core/Src/main.c:1565:13:MX_SPI1_Init	8	static
../Core/Src/main.c:1611:13:MX_SPI2_Init	8	static
../Core/Src/main.c:1657:13:MX_TIM3_Init	64	static
../Core/Src/main.c:1724:13:MX_TIM6_Init	24	static
../Core/Src/main.c:1760:13:MX_UART4_Init	8	static
../Core/Src/main.c:1805:13:MX_UART7_Init	8	static
../Core/Src/main.c:1850:13:MX_USART1_UART_Init	8	static
../Core/Src/main.c:1895:13:MX_USART2_UART_Init	8	static
../Core/Src/main.c:1940:13:MX_GPIO_Init	48	static
../Core/Src/main.c:2013:6:Error_Handler	4	static,ignoring_inline_asm
