../Core/Src/nrf.c:16:16:SPI_RW	32	static
../Core/Src/nrf.c:25:13:NRF24_Activate	24	static
../Core/Src/nrf.c:41:9:NRF24_GetStatus	24	static
../Core/Src/nrf.c:55:9:NRF24_ReadReg	32	static
../Core/Src/nrf.c:72:6:NRF24_WriteReg	32	static
../Core/Src/nrf.c:86:6:NRF24_ReadBuf	96	static
../Core/Src/nrf.c:108:6:NRF24_WriteBuf	96	static
../Core/Src/nrf.c:132:6:NRF24_FlushRX	24	static
../Core/Src/nrf.c:144:6:NRF24_FlushTX	24	static
../Core/Src/nrf.c:159:6:NRF24_OpenReadingPipe	24	static
../Core/Src/nrf.c:185:6:NRF24_StartListening	16	static
../Core/Src/nrf.c:203:6:NRF24_StopListening	16	static
../Core/Src/nrf.c:216:6:NRF24_Init	8	static
../Core/Src/nrf.c:253:9:NRF24_Available	16	static
../Core/Src/nrf.c:262:9:NRF24_GetDynamicPayloadSize	24	static
../Core/Src/nrf.c:289:6:NRF24_Read	96	static
../Core/Src/nrf.c:319:6:NRF24_OpenWritingPipe	16	static
../Core/Src/nrf.c:329:9:NRF24_Write	104	static
../Core/Src/nrf.c:390:6:NRF24_WriteAckPayload	96	static
